Component: ARM Compiler 5.06 update 5 (build 528) Tool: armlink [4d35e2]

==============================================================================

Section Cross References

    startup_stm32f407xx.o(RESET) refers to startup_stm32f407xx.o(STACK) for __initial_sp
    startup_stm32f407xx.o(RESET) refers to startup_stm32f407xx.o(.text) for Reset_Handler
    startup_stm32f407xx.o(RESET) refers to stm32f4xx_it.o(i.NMI_Handler) for NMI_Handler
    startup_stm32f407xx.o(RESET) refers to stm32f4xx_it.o(i.HardFault_Handler) for HardFault_Handler
    startup_stm32f407xx.o(RESET) refers to stm32f4xx_it.o(i.MemManage_Handler) for MemManage_Handler
    startup_stm32f407xx.o(RESET) refers to stm32f4xx_it.o(i.BusFault_Handler) for BusFault_Handler
    startup_stm32f407xx.o(RESET) refers to stm32f4xx_it.o(i.UsageFault_Handler) for UsageFault_Handler
    startup_stm32f407xx.o(RESET) refers to port.o(.emb_text) for SVC_Handler
    startup_stm32f407xx.o(RESET) refers to stm32f4xx_it.o(i.DebugMon_Handler) for DebugMon_Handler
    startup_stm32f407xx.o(RESET) refers to cmsis_os2.o(i.SysTick_Handler) for SysTick_Handler
    startup_stm32f407xx.o(RESET) refers to stm32f4xx_it.o(i.CAN1_RX0_IRQHandler) for CAN1_RX0_IRQHandler
    startup_stm32f407xx.o(RESET) refers to stm32f4xx_it.o(i.TIM2_IRQHandler) for TIM2_IRQHandler
    startup_stm32f407xx.o(RESET) refers to stm32f4xx_it.o(i.USART1_IRQHandler) for USART1_IRQHandler
    startup_stm32f407xx.o(.text) refers to system_stm32f4xx.o(i.SystemInit) for SystemInit
    startup_stm32f407xx.o(.text) refers to entry.o(.ARM.Collect$$$$00000000) for __main
    main.o(i.HAL_TIM_PeriodElapsedCallback) refers to stm32f4xx_hal.o(i.HAL_IncTick) for HAL_IncTick
    main.o(i.SystemClock_Config) refers to memseta.o(.text) for __aeabi_memclr4
    main.o(i.SystemClock_Config) refers to stm32f4xx_hal_rcc.o(i.HAL_RCC_OscConfig) for HAL_RCC_OscConfig
    main.o(i.SystemClock_Config) refers to stm32f4xx_hal_rcc.o(i.HAL_RCC_ClockConfig) for HAL_RCC_ClockConfig
    main.o(i.main) refers to stm32f4xx_hal.o(i.HAL_Init) for HAL_Init
    main.o(i.main) refers to main.o(i.SystemClock_Config) for SystemClock_Config
    main.o(i.main) refers to gpio.o(i.MX_GPIO_Init) for MX_GPIO_Init
    main.o(i.main) refers to can.o(i.MX_CAN1_Init) for MX_CAN1_Init
    main.o(i.main) refers to usart.o(i.MX_USART1_UART_Init) for MX_USART1_UART_Init
    main.o(i.main) refers to stm32f4xx_hal_uart.o(i.HAL_UART_Receive_IT) for HAL_UART_Receive_IT
    main.o(i.main) refers to cmsis_os2.o(i.osKernelInitialize) for osKernelInitialize
    main.o(i.main) refers to freertos.o(i.MX_FREERTOS_Init) for MX_FREERTOS_Init
    main.o(i.main) refers to cmsis_os2.o(i.osKernelStart) for osKernelStart
    main.o(i.main) refers to communication.o(.data) for USART_Receiver1
    main.o(i.main) refers to usart.o(.bss) for huart1
    gpio.o(i.MX_GPIO_Init) refers to memseta.o(.text) for __aeabi_memclr4
    gpio.o(i.MX_GPIO_Init) refers to stm32f4xx_hal_gpio.o(i.HAL_GPIO_WritePin) for HAL_GPIO_WritePin
    gpio.o(i.MX_GPIO_Init) refers to stm32f4xx_hal_gpio.o(i.HAL_GPIO_Init) for HAL_GPIO_Init
    freertos.o(i.MX_FREERTOS_Init) refers to cmsis_os2.o(i.osThreadNew) for osThreadNew
    freertos.o(i.MX_FREERTOS_Init) refers to cmsis_os2.o(i.osEventFlagsNew) for osEventFlagsNew
    freertos.o(i.MX_FREERTOS_Init) refers to freertos.o(.constdata) for .constdata
    freertos.o(i.MX_FREERTOS_Init) refers to freertos.o(i.StartDefaultTask) for StartDefaultTask
    freertos.o(i.MX_FREERTOS_Init) refers to freertos.o(.data) for .data
    freertos.o(i.MX_FREERTOS_Init) refers to freertos.o(i.StartTask02) for StartTask02
    freertos.o(i.StartDefaultTask) refers to user_can_init.o(i.User_Open_Can) for User_Open_Can
    freertos.o(i.StartDefaultTask) refers to pid.o(i.PID_Parameter_Speed_Init) for PID_Parameter_Speed_Init
    freertos.o(i.StartDefaultTask) refers to communication.o(i.Usart_Send_Data) for Usart_Send_Data
    freertos.o(i.StartDefaultTask) refers to chassis.o(i.Robot_Wheels_Adjust) for Robot_Wheels_Adjust
    freertos.o(i.StartDefaultTask) refers to cmsis_os2.o(i.osDelay) for osDelay
    freertos.o(i.StartDefaultTask) refers to pid.o(.bss) for M3508_PID
    freertos.o(i.StartDefaultTask) refers to chassis.o(.bss) for ROBOT_CHASSI
    freertos.o(i.StartDefaultTask) refers to user_can_init.o(.bss) for M3508_CHASSIS_MOTOR_REAL_INFO
    freertos.o(i.StartTask02) refers to cmsis_os2.o(i.osDelay) for osDelay
    freertos.o(.constdata) refers to freertos.o(.conststring) for .conststring
    can.o(i.HAL_CAN_MspDeInit) refers to stm32f4xx_hal_gpio.o(i.HAL_GPIO_DeInit) for HAL_GPIO_DeInit
    can.o(i.HAL_CAN_MspDeInit) refers to stm32f4xx_hal_cortex.o(i.HAL_NVIC_DisableIRQ) for HAL_NVIC_DisableIRQ
    can.o(i.HAL_CAN_MspInit) refers to memseta.o(.text) for __aeabi_memclr4
    can.o(i.HAL_CAN_MspInit) refers to stm32f4xx_hal_gpio.o(i.HAL_GPIO_Init) for HAL_GPIO_Init
[...]
    i.HAL_CAN_RxFifo0FullCallback            0x08000a18   Section        0  stm32f4xx_hal_can.o(i.HAL_CAN_RxFifo0FullCallback)
    i.HAL_CAN_RxFifo0MsgPendingCallback      0x08000a1c   Section        0  user_can_init.o(i.HAL_CAN_RxFifo0MsgPendingCallback)
    i.HAL_CAN_RxFifo1FullCallback            0x08000a3c   Section        0  stm32f4xx_hal_can.o(i.HAL_CAN_RxFifo1FullCallback)
    i.HAL_CAN_RxFifo1MsgPendingCallback      0x08000a3e   Section        0  stm32f4xx_hal_can.o(i.HAL_CAN_RxFifo1MsgPendingCallback)
    i.HAL_CAN_SleepCallback                  0x08000a40   Section        0  stm32f4xx_hal_can.o(i.HAL_CAN_SleepCallback)
    i.HAL_CAN_Start                          0x08000a42   Section        0  stm32f4xx_hal_can.o(i.HAL_CAN_Start)
    i.HAL_CAN_TxMailbox0AbortCallback        0x08000a98   Section        0  stm32f4xx_hal_can.o(i.HAL_CAN_TxMailbox0AbortCallback)
    i.HAL_CAN_TxMailbox0CompleteCallback     0x08000a9a   Section        0  stm32f4xx_hal_can.o(i.HAL_CAN_TxMailbox0CompleteCallback)
    i.HAL_CAN_TxMailbox1AbortCallback        0x08000a9c   Section        0  stm32f4xx_hal_can.o(i.HAL_CAN_TxMailbox1AbortCallback)
    i.HAL_CAN_TxMailbox1CompleteCallback     0x08000a9e   Section        0  stm32f4xx_hal_can.o(i.HAL_CAN_TxMailbox1CompleteCallback)
    i.HAL_CAN_TxMailbox2AbortCallback        0x08000aa0   Section        0  stm32f4xx_hal_can.o(i.HAL_CAN_TxMailbox2AbortCallback)
    i.HAL_CAN_TxMailbox2CompleteCallback     0x08000aa2   Section        0  stm32f4xx_hal_can.o(i.HAL_CAN_TxMailbox2CompleteCallback)
    i.HAL_CAN_WakeUpFromRxMsgCallback        0x08000aa4   Section        0  stm32f4xx_hal_can.o(i.HAL_CAN_WakeUpFromRxMsgCallback)
    i.HAL_DMA_Abort                          0x08000aa6   Section        0  stm32f4xx_hal_dma.o(i.HAL_DMA_Abort)
    i.HAL_DMA_Abort_IT                       0x08000b38   Section        0  stm32f4xx_hal_dma.o(i.HAL_DMA_Abort_IT)
    i.HAL_GPIO_Init                          0x08000b5c   Section        0  stm32f4xx_hal_gpio.o(i.HAL_GPIO_Init)
    i.HAL_GPIO_WritePin                      0x08000d2c   Section        0  stm32f4xx_hal_gpio.o(i.HAL_GPIO_WritePin)
    i.HAL_GetTick                            0x08000d38   Section        0  stm32f4xx_hal.o(i.HAL_GetTick)
    i.HAL_IncTick                            0x08000d44   Section        0  stm32f4xx_hal.o(i.HAL_IncTick)
    i.HAL_Init                               0x08000d54   Section        0  stm32f4xx_hal.o(i.HAL_Init)
    i.HAL_InitTick                           0x08000d88   Section        0  stm32f4xx_hal_timebase_tim.o(i.HAL_InitTick)
    i.HAL_MspInit                            0x08000e20   Section        0  stm32f4xx_hal_msp.o(i.HAL_MspInit)
    i.HAL_NVIC_EnableIRQ                     0x08000e58   Section        0  stm32f4xx_hal_cortex.o(i.HAL_NVIC_EnableIRQ)
    i.HAL_NVIC_SetPriority                   0x08000e74   Section        0  stm32f4xx_hal_cortex.o(i.HAL_NVIC_SetPriority)
    i.HAL_NVIC_SetPriorityGrouping           0x08000eb4   Section        0  stm32f4xx_hal_cortex.o(i.HAL_NVIC_SetPriorityGrouping)
    i.HAL_RCC_ClockConfig                    0x08000ed8   Section        0  stm32f4xx_hal_rcc.o(i.HAL_RCC_ClockConfig)
    i.HAL_RCC_GetClockConfig                 0x0800100c   Section        0  stm32f4xx_hal_rcc.o(i.HAL_RCC_GetClockConfig)
    i.HAL_RCC_GetPCLK1Freq                   0x0800104c   Section        0  stm32f4xx_hal_rcc.o(i.HAL_RCC_GetPCLK1Freq)
    i.HAL_RCC_GetPCLK2Freq                   0x0800106c   Section        0  stm32f4xx_hal_rcc.o(i.HAL_RCC_GetPCLK2Freq)
    i.HAL_RCC_GetSysClockFreq                0x0800108c   Section        0  stm32f4xx_hal_rcc.o(i.HAL_RCC_GetSysClockFreq)
    i.HAL_RCC_OscConfig                      0x080010ec   Section        0  stm32f4xx_hal_rcc.o(i.HAL_RCC_OscConfig)
    i.HAL_TIMEx_BreakCallback                0x08001444   Section        0  stm32f4xx_hal_tim_ex.o(i.HAL_TIMEx_BreakCallback)
    i.HAL_TIMEx_CommutCallback               0x08001446   Section        0  stm32f4xx_hal_tim_ex.o(i.HAL_TIMEx_CommutCallback)
    i.HAL_TIM_Base_Init                      0x08001448   Section        0  stm32f4xx_hal_tim.o(i.HAL_TIM_Base_Init)
    i.HAL_TIM_Base_MspInit                   0x080014a2   Section        0  stm32f4xx_hal_tim.o(i.HAL_TIM_Base_MspInit)
    i.HAL_TIM_Base_Start_IT                  0x080014a4   Section        0  stm32f4xx_hal_tim.o(i.HAL_TIM_Base_Start_IT)
    i.HAL_TIM_IC_CaptureCallback             0x08001524   Section        0  stm32f4xx_hal_tim.o(i.HAL_TIM_IC_CaptureCallback)
    i.HAL_TIM_IRQHandler                     0x08001526   Section        0  stm32f4xx_hal_tim.o(i.HAL_TIM_IRQHandler)
    i.HAL_TIM_OC_DelayElapsedCallback        0x0800168c   Section        0  stm32f4xx_hal_tim.o(i.HAL_TIM_OC_DelayElapsedCallback)
    i.HAL_TIM_PWM_PulseFinishedCallback      0x0800168e   Section        0  stm32f4xx_hal_tim.o(i.HAL_TIM_PWM_PulseFinishedCallback)
    i.HAL_TIM_PeriodElapsedCallback          0x08001690   Section        0  main.o(i.HAL_TIM_PeriodElapsedCallback)
    i.HAL_TIM_TriggerCallback                0x0800169e   Section        0  stm32f4xx_hal_tim.o(i.HAL_TIM_TriggerCallback)
    i.HAL_UARTEx_RxEventCallback             0x080016a0   Section        0  stm32f4xx_hal_uart.o(i.HAL_UARTEx_RxEventCallback)
    i.HAL_UART_ErrorCallback                 0x080016a2   Section        0  stm32f4xx_hal_uart.o(i.HAL_UART_ErrorCallback)
    i.HAL_UART_IRQHandler                    0x080016a4   Section        0  stm32f4xx_hal_uart.o(i.HAL_UART_IRQHandler)
    i.HAL_UART_Init                          0x0800190c   Section        0  stm32f4xx_hal_uart.o(i.HAL_UART_Init)
    i.HAL_UART_MspInit                       0x08001970   Section        0  usart.o(i.HAL_UART_MspInit)
    i.HAL_UART_Receive_IT                    0x080019ec   Section        0  stm32f4xx_hal_uart.o(i.HAL_UART_Receive_IT)
    i.HAL_UART_RxCpltCallback                0x08001a18   Section        0  communication.o(i.HAL_UART_RxCpltCallback)
    i.HAL_UART_Transmit                      0x08001a3c   Section        0  stm32f4xx_hal_uart.o(i.HAL_UART_Transmit)
    i.HAL_UART_TxCpltCallback                0x08001aec   Section        0  stm32f4xx_hal_uart.o(i.HAL_UART_TxCpltCallback)
    i.HardFault_Handler                      0x08001aee   Section        0  stm32f4xx_it.o(i.HardFault_Handler)
    i.M3508_Send_Currents                    0x08001af0   Section        0  user_can_init.o(i.M3508_Send_Currents)
    i.MX_CAN1_Init                           0x08001b4c   Section        0  can.o(i.MX_CAN1_Init)
    i.MX_FREERTOS_Init                       0x08001b90   Section        0  freertos.o(i.MX_FREERTOS_Init)
    i.MX_GPIO_Init                           0x08001bcc   Section        0  gpio.o(i.MX_GPIO_Init)
    i.MX_USART1_UART_Init                    0x08001c60   Section        0  usart.o(i.MX_USART1_UART_Init)
    i.MemManage_Handler                      0x08001c98   Section        0  stm32f4xx_it.o(i.MemManage_Handler)
    i.NMI_Handler                            0x08001c9a   Section        0  stm32f4xx_it.o(i.NMI_Handler)
    i.PID_Parameter_Speed_Init               0x08001c9c   Section        0  pid.o(i.PID_Parameter_Speed_Init)
    i.PID_Speed_Calculate                    0x08001cd8   Section        0  pid.o(i.PID_Speed_Calculate)
    i.Robot_Wheels_Adjust                    0x08001dbc   Section        0  chassis.o(i.Robot_Wheels_Adjust)
    i.STM32_READ_FROM_ROS_FLOAT              0x08001e14   Section        0  communication.o(i.STM32_READ_FROM_ROS_FLOAT)
    i.StartDefaultTask                       0x08001f78   Section        0  freertos.o(i.StartDefaultTask)
    i.StartTask02                            0x08002078   Section        0  freertos.o(i.StartTask02)
    i.SysTick_Handler                        0x08002080   Section        0  cmsis_os2.o(i.SysTick_Handler)
    i.SystemClock_Config                     0x0800209c   Section        0  main.o(i.SystemClock_Config)
    i.SystemInit                             0x0800212c   Section        0  system_stm32f4xx.o(i.SystemInit)
    i.TIM2_IRQHandler                        0x0800213c   Section        0  stm32f4xx_it.o(i.TIM2_IRQHandler)
    i.TIM_Base_SetConfig                     0x08002148   Section        0  stm32f4xx_hal_tim.o(i.TIM_Base_SetConfig)
    i.UART_DMAAbortOnError                   0x08002210   Section        0  stm32f4xx_hal_uart.o(i.UART_DMAAbortOnError)
    UART_DMAAbortOnError                     0x08002211   Thumb Code    16  stm32f4xx_hal_uart.o(i.UART_DMAAbortOnError)
    i.UART_EndRxTransfer                     0x08002220   Section        0  stm32f4xx_hal_uart.o(i.UART_EndRxTransfer)
    UART_EndRxTransfer                       0x08002221   Thumb Code    78  stm32f4xx_hal_uart.o(i.UART_EndRxTransfer)
    i.UART_Receive_IT                        0x0800226e   Section        0  stm32f4xx_hal_uart.o(i.UART_Receive_IT)
    UART_Receive_IT                          0x0800226f   Thumb Code   192  stm32f4xx_hal_uart.o(i.UART_Receive_IT)
    i.UART_SetConfig                         0x08002330   Section        0  stm32f4xx_hal_uart.o(i.UART_SetConfig)
    UART_SetConfig                           0x08002331   Thumb Code   258  stm32f4xx_hal_uart.o(i.UART_SetConfig)
    i.UART_Start_Receive_IT                  0x0800243c   Section        0  stm32f4xx_hal_uart.o(i.UART_Start_Receive_IT)
    i.UART_WaitOnFlagUntilTimeout            0x08002476   Section        0  stm32f4xx_hal_uart.o(i.UART_WaitOnFlagUntilTimeout)
    UART_WaitOnFlagUntilTimeout              0x08002477   Thumb Code   118  stm32f4xx_hal_uart.o(i.UART_WaitOnFlagUntilTimeout)
    i.USART1_IRQHandler                      0x080024ec   Section        0  stm32f4xx_it.o(i.USART1_IRQHandler)
    i.USART_Send_String                      0x080024f8   Section        0  communication.o(i.USART_Send_String)
    i.UsageFault_Handler                     0x08002524   Section        0  stm32f4xx_it.o(i.UsageFault_Handler)
    i.Usart_Send_Data                        0x08002528   Section        0  communication.o(i.Usart_Send_Data)
    i.User_Open_Can                          0x080025a4   Section        0  user_can_init.o(i.User_Open_Can)
    i.__0printf$bare                         0x08002610   Section        0  printfb.o(i.__0printf$bare)
    i.__NVIC_SetPriority                     0x08002620   Section        0  stm32f4xx_hal_cortex.o(i.__NVIC_SetPriority)
    __NVIC_SetPriority                       0x08002621   Thumb Code    32  stm32f4xx_hal_cortex.o(i.__NVIC_SetPriority)
    i.__scatterload_copy                     0x08002640   Section       14  handlers.o(i.__scatterload_copy)
    i.__scatterload_null                     0x0800264e   Section        2  handlers.o(i.__scatterload_null)
    i.__scatterload_zeroinit                 0x08002650   Section       14  handlers.o(i.__scatterload_zeroinit)
    i._printf_core                           0x0800265e   Section        0  printfb.o(i._printf_core)
    _printf_core                             0x0800265f   Thumb Code    34  printfb.o(i._printf_core)
    i.fputc                                  0x08002680   Section        0  usart.o(i.fputc)
    i.get_motor_measure                      0x08002698   Section        0  user_can_init.o(i.get_motor_measure)
    i.main                                   0x08002704   Section        0  main.o(i.main)
    i.osDelay                                0x08002738   Section        0  cmsis_os2.o(i.osDelay)
    i.osEventFlagsNew                        0x08002752   Section        0  cmsis_os2.o(i.osEventFlagsNew)
    i.osKernelInitialize                     0x08002780   Section        0  cmsis_os2.o(i.osKernelInitialize)
    i.osKernelStart                          0x080027a4   Section        0  cmsis_os2.o(i.osKernelStart)
    i.osThreadNew                            0x080027dc   Section        0  cmsis_os2.o(i.osThreadNew)
    i.prvAddCurrentTaskToDelayedList         0x08002864   Section        0  tasks.o(i.prvAddCurrentTaskToDelayedList)
    prvAddCurrentTaskToDelayedList           0x08002865   Thumb Code    84  tasks.o(i.prvAddCurrentTaskToDelayedList)
    i.prvAddNewTaskToReadyList               0x080028c0   Section        0  tasks.o(i.prvAddNewTaskToReadyList)
    prvAddNewTaskToReadyList                 0x080028c1   Thumb Code   190  tasks.o(i.prvAddNewTaskToReadyList)
    i.prvCheckForValidListAndQueue           0x08002990   Section        0  timers.o(i.prvCheckForValidListAndQueue)
    prvCheckForValidListAndQueue             0x08002991   Thumb Code    72  timers.o(i.prvCheckForValidListAndQueue)
    i.prvCopyDataFromQueue                   0x080029e8   Section        0  queue.o(i.prvCopyDataFromQueue)
    prvCopyDataFromQueue                     0x080029e9   Thumb Code    38  queue.o(i.prvCopyDataFromQueue)
    i.prvCopyDataToQueue                     0x08002a0e   Section        0  queue.o(i.prvCopyDataToQueue)
    prvCopyDataToQueue                       0x08002a0f   Thumb Code   108  queue.o(i.prvCopyDataToQueue)
    i.prvDeleteTCB                           0x08002a7a   Section        0  tasks.o(i.prvDeleteTCB)
    prvDeleteTCB                             0x08002a7b   Thumb Code    52  tasks.o(i.prvDeleteTCB)
    i.prvHeapInit                            0x08002ab0   Section        0  heap_4.o(i.prvHeapInit)
    prvHeapInit                              0x08002ab1   Thumb Code    66  heap_4.o(i.prvHeapInit)
    i.prvIdleTask                            0x08002afc   Section        0  tasks.o(i.prvIdleTask)
    prvIdleTask                              0x08002afd   Thumb Code    80  tasks.o(i.prvIdleTask)
    i.prvInitialiseNewQueue                  0x08002b58   Section        0  queue.o(i.prvInitialiseNewQueue)
    prvInitialiseNewQueue                    0x08002b59   Thumb Code    32  queue.o(i.prvInitialiseNewQueue)
    i.prvInitialiseNewTask                   0x08002b78   Section        0  tasks.o(i.prvInitialiseNewTask)
    prvInitialiseNewTask                     0x08002b79   Thumb Code   170  tasks.o(i.prvInitialiseNewTask)
    i.prvInsertBlockIntoFreeList             0x08002c24   Section        0  heap_4.o(i.prvInsertBlockIntoFreeList)
    prvInsertBlockIntoFreeList               0x08002c25   Thumb Code    72  heap_4.o(i.prvInsertBlockIntoFreeList)
    i.prvInsertTimerInActiveList             0x08002c70   Section        0  timers.o(i.prvInsertTimerInActiveList)
    prvInsertTimerInActiveList               0x08002c71   Thumb Code    52  timers.o(i.prvInsertTimerInActiveList)
    i.prvIsQueueEmpty                        0x08002ca8   Section        0  queue.o(i.prvIsQueueEmpty)
    prvIsQueueEmpty                          0x08002ca9   Thumb Code    26  queue.o(i.prvIsQueueEmpty)
    i.prvProcessReceivedCommands             0x08002cc4   Section        0  timers.o(i.prvProcessReceivedCommands)
    prvProcessReceivedCommands               0x08002cc5   Thumb Code   248  timers.o(i.prvProcessReceivedCommands)
    i.prvProcessTimerOrBlockTask             0x08002dc0   Section        0  timers.o(i.prvProcessTimerOrBlockTask)
    prvProcessTimerOrBlockTask               0x08002dc1   Thumb Code   182  timers.o(i.prvProcessTimerOrBlockTask)
    i.prvResetNextTaskUnblockTime            0x08002e80   Section        0  tasks.o(i.prvResetNextTaskUnblockTime)
    prvResetNextTaskUnblockTime              0x08002e81   Thumb Code    26  tasks.o(i.prvResetNextTaskUnblockTime)
    i.prvSampleTimeNow                       0x08002ea0   Section        0  timers.o(i.prvSampleTimeNow)
    prvSampleTimeNow                         0x08002ea1   Thumb Code    36  timers.o(i.prvSampleTimeNow)
    i.prvSwitchTimerLists                    0x08002ec8   Section        0  timers.o(i.prvSwitchTimerLists)
    prvSwitchTimerLists                      0x08002ec9   Thumb Code   104  timers.o(i.prvSwitchTimerLists)
    i.prvTaskExitError                       0x08002f34   Section        0  port.o(i.prvTaskExitError)
    prvTaskExitError                         0x08002f35   Thumb Code    36  port.o(i.prvTaskExitError)
    i.prvTimerTask                           0x08002f5c   Section        0  timers.o(i.prvTimerTask)
    prvTimerTask                             0x08002f5d   Thumb Code    34  timers.o(i.prvTimerTask)
    i.prvUnlockQueue                         0x08002f84   Section        0  queue.o(i.prvUnlockQueue)
    prvUnlockQueue                           0x08002f85   Thumb Code   106  queue.o(i.prvUnlockQueue)
    i.pvPortMalloc                           0x08002ff0   Section        0  heap_4.o(i.pvPortMalloc)
    i.pxPortInitialiseStack                  0x080030cc   Section        0  port.o(i.pxPortInitialiseStack)
    i.serial_get_crc8_value                  0x080030f8   Section        0  communication.o(i.serial_get_crc8_value)
    i.uxListRemove                           0x08003126   Section        0  list.o(i.uxListRemove)
    i.vApplicationGetIdleTaskMemory          0x0800314c   Section        0  cmsis_os2.o(i.vApplicationGetIdleTaskMemory)
    i.vApplicationGetTimerTaskMemory         0x08003160   Section        0  cmsis_os2.o(i.vApplicationGetTimerTaskMemory)
    i.vListInitialise                        0x08003178   Section        0  list.o(i.vListInitialise)
    i.vListInitialiseItem                    0x0800318e   Section        0  list.o(i.vListInitialiseItem)
    i.vListInsert                            0x08003194   Section        0  list.o(i.vListInsert)
    i.vListInsertEnd                         0x080031c4   Section        0  list.o(i.vListInsertEnd)
    i.vPortEnterCritical                     0x080031dc   Section        0  port.o(i.vPortEnterCritical)
    i.vPortExitCritical                      0x0800321c   Section        0  port.o(i.vPortExitCritical)
    i.vPortFree                              0x08003244   Section        0  heap_4.o(i.vPortFree)
    i.vPortSetupTimerInterrupt               0x080032a8   Section        0  port.o(i.vPortSetupTimerInterrupt)
    i.vPortValidateInterruptPriority         0x080032cc   Section        0  port.o(i.vPortValidateInterruptPriority)
    i.vQueueAddToRegistry                    0x08003320   Section        0  queue.o(i.vQueueAddToRegistry)
    i.vQueueWaitForMessageRestricted         0x08003344   Section        0  queue.o(i.vQueueWaitForMessageRestricted)
    i.vTaskDelay                             0x08003388   Section        0  tasks.o(i.vTaskDelay)
    i.vTaskInternalSetTimeOutState           0x080033d4   Section        0  tasks.o(i.vTaskInternalSetTimeOutState)
    i.vTaskMissedYield                       0x080033e4   Section        0  tasks.o(i.vTaskMissedYield)
    i.vTaskPlaceOnEventList                  0x080033f0   Section        0  tasks.o(i.vTaskPlaceOnEventList)
    i.vTaskPlaceOnEventListRestricted        0x08003420   Section        0  tasks.o(i.vTaskPlaceOnEventListRestricted)
    i.vTaskStartScheduler                    0x08003458   Section        0  tasks.o(i.vTaskStartScheduler)
    i.vTaskSuspendAll                        0x080034dc   Section        0  tasks.o(i.vTaskSuspendAll)
    i.vTaskSwitchContext                     0x080034ec   Section        0  tasks.o(i.vTaskSwitchContext)
    i.xEventGroupCreate                      0x08003550   Section        0  event_groups.o(i.xEventGroupCreate)
    i.xEventGroupCreateStatic                0x0800356c   Section        0  event_groups.o(i.xEventGroupCreateStatic)
    i.xPortStartScheduler                    0x08003598   Section        0  port.o(i.xPortStartScheduler)
    i.xPortSysTickHandler                    0x0800368c   Section        0  port.o(i.xPortSysTickHandler)
    i.xQueueGenericCreateStatic              0x080036b8   Section        0  queue.o(i.xQueueGenericCreateStatic)
    i.xQueueGenericReset                     0x08003720   Section        0  queue.o(i.xQueueGenericReset)
    i.xQueueGenericSend                      0x080037a8   Section        0  queue.o(i.xQueueGenericSend)
    i.xQueueGenericSendFromISR               0x0800390c   Section        0  queue.o(i.xQueueGenericSendFromISR)
    i.xQueueReceive                          0x080039cc   Section        0  queue.o(i.xQueueReceive)
    i.xTaskCheckForTimeOut                   0x08003b04   Section        0  tasks.o(i.xTaskCheckForTimeOut)
    i.xTaskCreate                            0x08003b78   Section        0  tasks.o(i.xTaskCreate)
    i.xTaskCreateStatic                      0x08003bd2   Section        0  tasks.o(i.xTaskCreateStatic)
    i.xTaskGetSchedulerState                 0x08003c2c   Section        0  tasks.o(i.xTaskGetSchedulerState)
    i.xTaskGetTickCount                      0x08003c48   Section        0  tasks.o(i.xTaskGetTickCount)
    i.xTaskIncrementTick                     0x08003c54   Section        0  tasks.o(i.xTaskIncrementTick)
    i.xTaskPriorityDisinherit                0x08003d1c   Section        0  tasks.o(i.xTaskPriorityDisinherit)
    i.xTaskRemoveFromEventList               0x08003d98   Section        0  tasks.o(i.xTaskRemoveFromEventList)
    i.xTaskResumeAll                         0x08003e08   Section        0  tasks.o(i.xTaskResumeAll)
    i.xTimerCreateTimerTask                  0x08003ec8   Section        0  timers.o(i.xTimerCreateTimerTask)
    i.xTimerGenericCommand                   0x08003f28   Section        0  timers.o(i.xTimerGenericCommand)
    .constdata                               0x08003f8c   Section       88  freertos.o(.constdata)
    .constdata                               0x08003fe4   Section       16  system_stm32f4xx.o(.constdata)
    .constdata                               0x08003ff4   Section        8  system_stm32f4xx.o(.constdata)
    .constdata                               0x08003ffc   Section        2  communication.o(.constdata)
    .conststring                             0x08004000   Section       36  freertos.o(.conststring)
    .data                                    0x20000000   Section       12  freertos.o(.data)
    .data                                    0x2000000c   Section       12  stm32f4xx_hal.o(.data)
    .data                                    0x20000018   Section        4  system_stm32f4xx.o(.data)
    .data                                    0x2000001c   Section        8  user_can_init.o(.data)
    .data                                    0x20000024   Section       52  communication.o(.data)
    checkSum                                 0x20000026   Data           1  communication.o(.data)
    USARTsend_bufferIndex                    0x20000027   Data           1  communication.o(.data)
    USARTReceiverFront                       0x20000028   Data           1  communication.o(.data)
    Start_Flag                               0x20000029   Data           1  communication.o(.data)
    checkSum                                 0x2000002a   Data           1  communication.o(.data)
    USARTsend_bufferIndex                    0x2000002b   Data           1  communication.o(.data)
    USARTReceiverFront                       0x2000002c   Data           1  communication.o(.data)
    Start_Flag                               0x2000002d   Data           1  communication.o(.data)
    j                                        0x2000002e   Data           2  communication.o(.data)
    k                                        0x20000030   Data           2  communication.o(.data)
    dataLength                               0x20000032   Data           2  communication.o(.data)
    j                                        0x20000034   Data           2  communication.o(.data)
    k                                        0x20000036   Data           2  communication.o(.data)
    dataLength                               0x20000038   Data           2  communication.o(.data)
    length                                   0x2000004c   Data           4  communication.o(.data)
    .data                                    0x20000058   Section       60  tasks.o(.data)
    uxDeletedTasksWaitingCleanUp             0x2000005c   Data           4  tasks.o(.data)
    uxCurrentNumberOfTasks                   0x20000060   Data           4  tasks.o(.data)
    xTickCount                               0x20000064   Data           4  tasks.o(.data)
    uxTopReadyPriority                       0x20000068   Data           4  tasks.o(.data)
    xSchedulerRunning                        0x2000006c   Data           4  tasks.o(.data)
    xPendedTicks                             0x20000070   Data           4  tasks.o(.data)
    xYieldPending                            0x20000074   Data           4  tasks.o(.data)
    xNumOfOverflows                          0x20000078   Data           4  tasks.o(.data)
    uxTaskNumber                             0x2000007c   Data           4  tasks.o(.data)
    xNextTaskUnblockTime                     0x20000080   Data           4  tasks.o(.data)
    xIdleTaskHandle                          0x20000084   Data           4  tasks.o(.data)
    uxSchedulerSuspended                     0x20000088   Data           4  tasks.o(.data)
    pxDelayedTaskList                        0x2000008c   Data           4  tasks.o(.data)
    pxOverflowDelayedTaskList                0x20000090   Data           4  tasks.o(.data)
    .data                                    0x20000094   Section       20  timers.o(.data)
    xTimerQueue                              0x20000094   Data           4  timers.o(.data)
    xTimerTaskHandle                         0x20000098   Data           4  timers.o(.data)
    xLastTime                                0x2000009c   Data           4  timers.o(.data)
    pxCurrentTimerList                       0x200000a0   Data           4  timers.o(.data)
    pxOverflowTimerList                      0x200000a4   Data           4  timers.o(.data)
    .data                                    0x200000a8   Section        4  cmsis_os2.o(.data)
    KernelState                              0x200000a8   Data           4  cmsis_os2.o(.data)
    .data                                    0x200000ac   Section       32  heap_4.o(.data)
    pxEnd                                    0x200000ac   Data           4  heap_4.o(.data)
    xFreeBytesRemaining                      0x200000b0   Data           4  heap_4.o(.data)
    xMinimumEverFreeBytesRemaining           0x200000b4   Data           4  heap_4.o(.data)
    xNumberOfSuccessfulAllocations           0x200000b8   Data           4  heap_4.o(.data)
    xNumberOfSuccessfulFrees                 0x200000bc   Data           4  heap_4.o(.data)
    xBlockAllocatedBit                       0x200000c0   Data           4  heap_4.o(.data)
    xStart                                   0x200000c4   Data           8  heap_4.o(.data)
    .data                                    0x200000cc   Section       12  port.o(.data)
    ucMaxSysCallPriority                     0x200000cc   Data           1  port.o(.data)
    uxCriticalNesting                        0x200000d0   Data           4  port.o(.data)
    ulMaxPRIGROUPValue                       0x200000d4   Data           4  port.o(.data)
    .data                                    0x200000d8   Section        4  stdout.o(.data)
    .bss                                     0x200000dc   Section       40  can.o(.bss)
    .bss                                     0x20000104   Section       68  usart.o(.bss)
    .bss                                     0x20000148   Section       72  stm32f4xx_hal_timebase_tim.o(.bss)
    .bss                                     0x20000190   Section      192  pid.o(.bss)
    .bss                                     0x20000250   Section       88  user_can_init.o(.bss)
    .bss                                     0x200002a8   Section       28  chassis.o(.bss)
    .bss                                     0x200002c4   Section       16  communication.o(.bss)
    .bss                                     0x200002d4   Section       64  queue.o(.bss)
    .bss                                     0x20000314   Section     1220  tasks.o(.bss)
    pxReadyTasksLists                        0x20000314   Data        1120  tasks.o(.bss)
    xDelayedTaskList1                        0x20000774   Data          20  tasks.o(.bss)
    xDelayedTaskList2                        0x20000788   Data          20  tasks.o(.bss)
    xPendingReadyList                        0x2000079c   Data          20  tasks.o(.bss)
    xTasksWaitingTermination                 0x200007b0   Data          20  tasks.o(.bss)
    xSuspendedTaskList                       0x200007c4   Data          20  tasks.o(.bss)
    .bss                                     0x200007d8   Section      280  timers.o(.bss)
    xStaticTimerQueue                        0x200007d8   Data          80  timers.o(.bss)
    ucStaticTimerQueueStorage                0x20000828   Data         160  timers.o(.bss)
    xActiveTimerList1                        0x200008c8   Data          20  timers.o(.bss)
    xActiveTimerList2                        0x200008dc   Data          20  timers.o(.bss)
    .bss                                     0x200008f0   Section     1720  cmsis_os2.o(.bss)
    Idle_TCB                                 0x200008f0   Data          92  cmsis_os2.o(.bss)
    Idle_Stack                               0x2000094c   Data         512  cmsis_os2.o(.bss)
    Timer_TCB                                0x20000b4c   Data          92  cmsis_os2.o(.bss)
    Timer_Stack                              0x20000ba8   Data        1024  cmsis_os2.o(.bss)
    .bss                                     0x20000fa8   Section    15360  heap_4.o(.bss)
    ucHeap                                   0x20000fa8   Data       15360  heap_4.o(.bss)
    STACK                                    0x20004ba8   Section     1024  startup_stm32f407xx.o(STACK)

    Global Symbols

    Symbol Name                              Value     Ov Type        Size  Object(Section)

    BuildAttributes$$THM_ISAv4$E$P$D$K$B$S$7EM$VFPi3$EXTD16$VFPS$VFMA$PE$A:L22UL41UL21$X:L11$S22US41US21$IEEE1$IW$USESV6$~STKCKD$USESV7$~SHL$OSPACE$ROPI$EBA8$MICROLIB$REQ8$PRES8$EABIv2 0x00000000   Number         0  anon$$obj.o ABSOLUTE
    __ARM_use_no_argv                        0x00000000   Number         0  main.o ABSOLUTE
    __cpp_initialize__aeabi_                  - Undefined Weak Reference
    __cxa_finalize                            - Undefined Weak Reference
    __decompress                              - Undefined Weak Reference
    _clock_init                               - Undefined Weak Reference
    _microlib_exit                            - Undefined Weak Reference
    __Vectors_Size                           0x00000188   Number         0  startup_stm32f407xx.o ABSOLUTE
    __Vectors                                0x08000000   Data           4  startup_stm32f407xx.o(RESET)
    __Vectors_End                            0x08000188   Data           0  startup_stm32f407xx.o(RESET)
    __main                                   0x08000189   Thumb Code     0  entry.o(.ARM.Collect$$$$00000000)
    _main_stk                                0x08000189   Thumb Code     0  entry2.o(.ARM.Collect$$$$00000001)
    _main_scatterload                        0x0800018d   Thumb Code     0  entry5.o(.ARM.Collect$$$$00000004)
    __main_after_scatterload                 0x08000191   Thumb Code     0  entry5.o(.ARM.Collect$$$$00000004)
    _main_clock                              0x08000191   Thumb Code     0  entry7b.o(.ARM.Collect$$$$00000008)
    _main_cpp_init                           0x08000191   Thumb Code     0  entry8b.o(.ARM.Collect$$$$0000000A)
    _main_init                               0x08000191   Thumb Code     0  entry9a.o(.ARM.Collect$$$$0000000B)
    __rt_final_cpp                           0x08000199   Thumb Code     0  entry10a.o(.ARM.Collect$$$$0000000D)
    __rt_final_exit                          0x08000199   Thumb Code     0  entry11a.o(.ARM.Collect$$$$0000000F)
    SVC_Handler                              0x0800019d   Thumb Code    28  port.o(.emb_text)
    __asm___6_port_c_39a90d8d__prvStartFirstTask 0x080001bd   Thumb Code    36  port.o(.emb_text)
    __asm___6_port_c_39a90d8d__prvEnableVFP  0x080001e5   Thumb Code    16  port.o(.emb_text)
    PendSV_Handler                           0x080001f9   Thumb Code    88  port.o(.emb_text)
    vPortGetIPSR                             0x08000255   Thumb Code     6  port.o(.emb_text)
    Reset_Handler                            0x0800025d   Thumb Code     8  startup_stm32f407xx.o(.text)
    ADC_IRQHandler                           0x08000277   Thumb Code     0  startup_stm32f407xx.o(.text)
    CAN1_RX1_IRQHandler                      0x08000277   Thumb Code     0  startup_stm32f407xx.o(.text)
    CAN1_SCE_IRQHandler                      0x08000277   Thumb Code     0  startup_stm32f407xx.o(.text)
    CAN1_TX_IRQHandler                       0x08000277   Thumb Code     0  startup_stm32f407xx.o(.text)
    CAN2_RX0_IRQHandler                      0x08000277   Thumb Code     0  startup_stm32f407xx.o(.text)
    CAN2_RX1_IRQHandler                      0x08000277   Thumb Code     0  startup_stm32f407xx.o(.text)
    CAN2_SCE_IRQHandler                      0x08000277   Thumb Code     0  startup_stm32f407xx.o(.text)
    CAN2_TX_IRQHandler                       0x08000277   Thumb Code     0  startup_stm32f407xx.o(.text)
    DCMI_IRQHandler                          0x08000277   Thumb Code     0  startup_stm32f407xx.o(.text)
    DMA1_Stream0_IRQHandler                  0x08000277   Thumb Code     0  startup_stm32f407xx.o(.text)
    DMA1_Stream1_IRQHandler                  0x08000277   Thumb Code     0  startup_stm32f407xx.o(.text)
    DMA1_Stream2_IRQHandler                  0x08000277   Thumb Code     0  startup_stm32f407xx.o(.text)
    DMA1_Stream3_IRQHandler                  0x08000277   Thumb Code     0  startup_stm32f407xx.o(.text)
    DMA1_Stream4_IRQHandler                  0x08000277   Thumb Code     0  startup_stm32f407xx.o(.text)
    DMA1_Stream5_IRQHandler                  0x08000277   Thumb Code     0  startup_stm32f407xx.o(.text)
    DMA1_Stream6_IRQHandler                  0x08000277   Thumb Code     0  startup_stm32f407xx.o(.text)
    DMA1_Stream7_IRQHandler                  0x08000277   Thumb Code     0  startup_stm32f407xx.o(.text)
    DMA2_Stream0_IRQHandler                  0x08000277   Thumb Code     0  startup_stm32f407xx.o(.text)
    DMA2_Stream1_IRQHandler                  0x08000277   Thumb Code     0  startup_stm32f407xx.o(.text)
    DMA2_Stream2_IRQHandler                  0x08000277   Thumb Code     0  startup_stm32f407xx.o(.text)
    DMA2_Stream3_IRQHandler                  0x08000277   Thumb Code     0  startup_stm32f407xx.o(.text)
    DMA2_Stream4_IRQHandler                  0x08000277   Thumb Code     0  startup_stm32f407xx.o(.text)
    DMA2_Stream5_IRQHandler                  0x08000277   Thumb Code     0  startup_stm32f407xx.o(.text)
    DMA2_Stream6_IRQHandler                  0x08000277   Thumb Code     0  startup_stm32f407xx.o(.text)
    DMA2_Stream7_IRQHandler                  0x08000277   Thumb Code     0  startup_stm32f407xx.o(.text)
    ETH_IRQHandler                           0x08000277   Thumb Code     0  startup_stm32f407xx.o(.text)
    ETH_WKUP_IRQHandler                      0x08000277   Thumb Code     0  startup_stm32f407xx.o(.text)
    EXTI0_IRQHandler                         0x08000277   Thumb Code     0  startup_stm32f407xx.o(.text)
    EXTI15_10_IRQHandler                     0x08000277   Thumb Code     0  startup_stm32f407xx.o(.text)
    EXTI1_IRQHandler                         0x08000277   Thumb Code     0  startup_stm32f407xx.o(.text)
    EXTI2_IRQHandler                         0x08000277   Thumb Code     0  startup_stm32f407xx.o(.text)
    EXTI3_IRQHandler                         0x08000277   Thumb Code     0  startup_stm32f407xx.o(.text)
    EXTI4_IRQHandler                         0x08000277   Thumb Code     0  startup_stm32f407xx.o(.text)
    EXTI9_5_IRQHandler                       0x08000277   Thumb Code     0  startup_stm32f407xx.o(.text)
    FLASH_IRQHandler                         0x08000277   Thumb Code     0  startup_stm32f407xx.o(.text)
    FMC_IRQHandler                           0x08000277   Thumb Code     0  startup_stm32f407xx.o(.text)
    FPU_IRQHandler                           0x08000277   Thumb Code     0  startup_stm32f407xx.o(.text)
    HASH_RNG_IRQHandler                      0x08000277   Thumb Code     0  startup_stm32f407xx.o(.text)
    I2C1_ER_IRQHandler                       0x08000277   Thumb Code     0  startup_stm32f407xx.o(.text)
    I2C1_EV_IRQHandler                       0x08000277   Thumb Code     0  startup_stm32f407xx.o(.text)
    I2C2_ER_IRQHandler                       0x08000277   Thumb Code     0  startup_stm32f407xx.o(.text)
    I2C2_EV_IRQHandler                       0x08000277   Thumb Code     0  startup_stm32f407xx.o(.text)
    I2C3_ER_IRQHandler                       0x08000277   Thumb Code     0  startup_stm32f407xx.o(.text)
    I2C3_EV_IRQHandler                       0x08000277   Thumb Code     0  startup_stm32f407xx.o(.text)
    OTG_FS_IRQHandler                        0x08000277   Thumb Code     0  startup_stm32f407xx.o(.text)
    OTG_FS_WKUP_IRQHandler                   0x08000277   Thumb Code     0  startup_stm32f407xx.o(.text)
    OTG_HS_EP1_IN_IRQHandler                 0x08000277   Thumb Code     0  startup_stm32f407xx.o(.text)
    OTG_HS_EP1_OUT_IRQHandler                0x08000277   Thumb Code     0  startup_stm32f407xx.o(.text)
    OTG_HS_IRQHandler                        0x08000277   Thumb Code     0  startup_stm32f407xx.o(.text)
    OTG_HS_WKUP_IRQHandler                   0x08000277   Thumb Code     0  startup_stm32f407xx.o(.text)
    PVD_IRQHandler                           0x08000277   Thumb Code     0  startup_stm32f407xx.o(.text)
    RCC_IRQHandler                           0x08000277   Thumb Code     0  startup_stm32f407xx.o(.text)
    RTC_Alarm_IRQHandler                     0x08000277   Thumb Code     0  startup_stm32f407xx.o(.text)
    RTC_WKUP_IRQHandler                      0x08000277   Thumb Code     0  startup_stm32f407xx.o(.text)
    SDIO_IRQHandler                          0x08000277   Thumb Code     0  startup_stm32f407xx.o(.text)
    SPI1_IRQHandler                          0x08000277   Thumb Code     0  startup_stm32f407xx.o(.text)
    SPI2_IRQHandler                          0x08000277   Thumb Code     0  startup_stm32f407xx.o(.text)
    SPI3_IRQHandler                          0x08000277   Thumb Code     0  startup_stm32f407xx.o(.text)
    TAMP_STAMP_IRQHandler                    0x08000277   Thumb Code     0  startup_stm32f407xx.o(.text)
    TIM1_BRK_TIM9_IRQHandler                 0x08000277   Thumb Code     0  startup_stm32f407xx.o(.text)
    TIM1_CC_IRQHandler                       0x08000277   Thumb Code     0  startup_stm32f407xx.o(.text)
    TIM1_TRG_COM_TIM11_IRQHandler            0x08000277   Thumb Code     0  startup_stm32f407xx.o(.text)
    TIM1_UP_TIM10_IRQHandler                 0x08000277   Thumb Code     0  startup_stm32f407xx.o(.text)
    TIM3_IRQHandler                          0x08000277   Thumb Code     0  startup_stm32f407xx.o(.text)
    TIM4_IRQHandler                          0x08000277   Thumb Code     0  startup_stm32f407xx.o(.text)
    TIM5_IRQHandler                          0x08000277   Thumb Code     0  startup_stm32f407xx.o(.text)
    TIM6_DAC_IRQHandler                      0x08000277   Thumb Code     0  startup_stm32f407xx.o(.text)
    TIM7_IRQHandler                          0x08000277   Thumb Code     0  startup_stm32f407xx.o(.text)
    TIM8_BRK_TIM12_IRQHandler                0x08000277   Thumb Code     0  startup_stm32f407xx.o(.text)
    TIM8_CC_IRQHandler                       0x08000277   Thumb Code     0  startup_stm32f407xx.o(.text)
    TIM8_TRG_COM_TIM14_IRQHandler            0x08000277   Thumb Code     0  startup_stm32f407xx.o(.text)
    TIM8_UP_TIM13_IRQHandler                 0x08000277   Thumb Code     0  startup_stm32f407xx.o(.text)
    UART4_IRQHandler                         0x08000277   Thumb Code     0  startup_stm32f407xx.o(.text)
    UART5_IRQHandler                         0x08000277   Thumb Code     0  startup_stm32f407xx.o(.text)
    USART2_IRQHandler                        0x08000277   Thumb Code     0  startup_stm32f407xx.o(.text)
    USART3_IRQHandler                        0x08000277   Thumb Code     0  startup_stm32f407xx.o(.text)
    USART6_IRQHandler                        0x08000277   Thumb Code     0  startup_stm32f407xx.o(.text)
    WWDG_IRQHandler                          0x08000277   Thumb Code     0  startup_stm32f407xx.o(.text)
    __aeabi_uldivmod                         0x08000281   Thumb Code    98  uldiv.o(.text)
    __aeabi_memcpy                           0x080002e3   Thumb Code    36  memcpya.o(.text)
    __aeabi_memcpy4                          0x080002e3   Thumb Code     0  memcpya.o(.text)
    __aeabi_memcpy8                          0x080002e3   Thumb Code     0  memcpya.o(.text)
    __aeabi_memset                           0x08000307   Thumb Code    14  memseta.o(.text)
    __aeabi_memset4                          0x08000307   Thumb Code     0  memseta.o(.text)
    __aeabi_memset8                          0x08000307   Thumb Code     0  memseta.o(.text)
    __aeabi_memclr                           0x08000315   Thumb Code     4  memseta.o(.text)
    __aeabi_memclr4                          0x08000315   Thumb Code     0  memseta.o(.text)
    __aeabi_memclr8                          0x08000315   Thumb Code     0  memseta.o(.text)
    memset                                   0x08000319   Thumb Code    18  memseta.o(.text)
    __aeabi_llsl                             0x0800032b   Thumb Code    30  llshl.o(.text)
    _ll_shift_l                              0x0800032b   Thumb Code     0  llshl.o(.text)
    __aeabi_llsr                             0x08000349   Thumb Code    32  llushr.o(.text)
    _ll_ushift_r                             0x08000349   Thumb Code     0  llushr.o(.text)
    __scatterload                            0x08000369   Thumb Code    28  init.o(.text)
    __scatterload_rt2                        0x08000369   Thumb Code     0  init.o(.text)
    BusFault_Handler                         0x0800038d   Thumb Code     2  stm32f4xx_it.o(i.BusFault_Handler)
    CAN1_RX0_IRQHandler                      0x08000391   Thumb Code     6  stm32f4xx_it.o(i.CAN1_RX0_IRQHandler)
    DebugMon_Handler                         0x0800039d   Thumb Code     2  stm32f4xx_it.o(i.DebugMon_Handler)
    Error_Handler                            0x0800039f   Thumb Code     4  main.o(i.Error_Handler)
    HAL_CAN_ActivateNotification             0x080003a3   Thumb Code    36  stm32f4xx_hal_can.o(i.HAL_CAN_ActivateNotification)
    HAL_CAN_AddTxMessage                     0x080003c7   Thumb Code   200  stm32f4xx_hal_can.o(i.HAL_CAN_AddTxMessage)
    HAL_CAN_ConfigFilter                     0x08000491   Thumb Code   262  stm32f4xx_hal_can.o(i.HAL_CAN_ConfigFilter)
    HAL_CAN_ErrorCallback                    0x0800059d   Thumb Code     2  stm32f4xx_hal_can.o(i.HAL_CAN_ErrorCallback)
    HAL_CAN_GetRxMessage                     0x0800059f   Thumb Code   232  stm32f4xx_hal_can.o(i.HAL_CAN_GetRxMessage)
    HAL_CAN_IRQHandler                       0x08000687   Thumb Code   508  stm32f4xx_hal_can.o(i.HAL_CAN_IRQHandler)
    HAL_CAN_Init                             0x08000883   Thumb Code   282  stm32f4xx_hal_can.o(i.HAL_CAN_Init)
    HAL_CAN_MspInit                          0x0800099d   Thumb Code   110  can.o(i.HAL_CAN_MspInit)
    HAL_CAN_RxFifo0FullCallback              0x08000a19   Thumb Code     2  stm32f4xx_hal_can.o(i.HAL_CAN_RxFifo0FullCallback)
    HAL_CAN_RxFifo0MsgPendingCallback        0x08000a1d   Thumb Code    26  user_can_init.o(i.HAL_CAN_RxFifo0MsgPendingCallback)
    HAL_CAN_RxFifo1FullCallback              0x08000a3d   Thumb Code     2  stm32f4xx_hal_can.o(i.HAL_CAN_RxFifo1FullCallback)
    HAL_CAN_RxFifo1MsgPendingCallback        0x08000a3f   Thumb Code     2  stm32f4xx_hal_can.o(i.HAL_CAN_RxFifo1MsgPendingCallback)
    HAL_CAN_SleepCallback                    0x08000a41   Thumb Code     2  stm32f4xx_hal_can.o(i.HAL_CAN_SleepCallback)
    HAL_CAN_Start                            0x08000a43   Thumb Code    86  stm32f4xx_hal_can.o(i.HAL_CAN_Start)
    HAL_CAN_TxMailbox0AbortCallback          0x08000a99   Thumb Code     2  stm32f4xx_hal_can.o(i.HAL_CAN_TxMailbox0AbortCallback)
    HAL_CAN_TxMailbox0CompleteCallback       0x08000a9b   Thumb Code     2  stm32f4xx_hal_can.o(i.HAL_CAN_TxMailbox0CompleteCallback)
    HAL_CAN_TxMailbox1AbortCallback          0x08000a9d   Thumb Code     2  stm32f4xx_hal_can.o(i.HAL_CAN_TxMailbox1AbortCallback)
    HAL_CAN_TxMailbox1CompleteCallback       0x08000a9f   Thumb Code     2  stm32f4xx_hal_can.o(i.HAL_CAN_TxMailbox1CompleteCallback)
    HAL_CAN_TxMailbox2AbortCallback          0x08000aa1   Thumb Code     2  stm32f4xx_hal_can.o(i.HAL_CAN_TxMailbox2AbortCallback)
    HAL_CAN_TxMailbox2CompleteCallback       0x08000aa3   Thumb Code     2  stm32f4xx_hal_can.o(i.HAL_CAN_TxMailbox2CompleteCallback)
    HAL_CAN_WakeUpFromRxMsgCallback          0x08000aa5   Thumb Code     2  stm32f4xx_hal_can.o(i.HAL_CAN_WakeUpFromRxMsgCallback)
    HAL_DMA_Abort                            0x08000aa7   Thumb Code   146  stm32f4xx_hal_dma.o(i.HAL_DMA_Abort)
    HAL_DMA_Abort_IT                         0x08000b39   Thumb Code    36  stm32f4xx_hal_dma.o(i.HAL_DMA_Abort_IT)
    HAL_GPIO_Init                            0x08000b5d   Thumb Code   418  stm32f4xx_hal_gpio.o(i.HAL_GPIO_Init)
    HAL_GPIO_WritePin                        0x08000d2d   Thumb Code    10  stm32f4xx_hal_gpio.o(i.HAL_GPIO_WritePin)
    HAL_GetTick                              0x08000d39   Thumb Code     6  stm32f4xx_hal.o(i.HAL_GetTick)
    HAL_IncTick                              0x08000d45   Thumb Code    12  stm32f4xx_hal.o(i.HAL_IncTick)
    HAL_Init                                 0x08000d55   Thumb Code    48  stm32f4xx_hal.o(i.HAL_Init)
    HAL_InitTick                             0x08000d89   Thumb Code   134  stm32f4xx_hal_timebase_tim.o(i.HAL_InitTick)
    HAL_MspInit                              0x08000e21   Thumb Code    52  stm32f4xx_hal_msp.o(i.HAL_MspInit)
    HAL_NVIC_EnableIRQ                       0x08000e59   Thumb Code    26  stm32f4xx_hal_cortex.o(i.HAL_NVIC_EnableIRQ)
    HAL_NVIC_SetPriority                     0x08000e75   Thumb Code    60  stm32f4xx_hal_cortex.o(i.HAL_NVIC_SetPriority)
    HAL_NVIC_SetPriorityGrouping             0x08000eb5   Thumb Code    26  stm32f4xx_hal_cortex.o(i.HAL_NVIC_SetPriorityGrouping)
    HAL_RCC_ClockConfig                      0x08000ed9   Thumb Code   288  stm32f4xx_hal_rcc.o(i.HAL_RCC_ClockConfig)
    HAL_RCC_GetClockConfig                   0x0800100d   Thumb Code    54  stm32f4xx_hal_rcc.o(i.HAL_RCC_GetClockConfig)
    HAL_RCC_GetPCLK1Freq                     0x0800104d   Thumb Code    20  stm32f4xx_hal_rcc.o(i.HAL_RCC_GetPCLK1Freq)
    HAL_RCC_GetPCLK2Freq                     0x0800106d   Thumb Code    20  stm32f4xx_hal_rcc.o(i.HAL_RCC_GetPCLK2Freq)
    HAL_RCC_GetSysClockFreq                  0x0800108d   Thumb Code    88  stm32f4xx_hal_rcc.o(i.HAL_RCC_GetSysClockFreq)
    HAL_RCC_OscConfig                        0x080010ed   Thumb Code   836  stm32f4xx_hal_rcc.o(i.HAL_RCC_OscConfig)
    HAL_TIMEx_BreakCallback                  0x08001445   Thumb Code     2  stm32f4xx_hal_tim_ex.o(i.HAL_TIMEx_BreakCallback)
    HAL_TIMEx_CommutCallback                 0x08001447   Thumb Code     2  stm32f4xx_hal_tim_ex.o(i.HAL_TIMEx_CommutCallback)
    HAL_TIM_Base_Init                        0x08001449   Thumb Code    90  stm32f4xx_hal_tim.o(i.HAL_TIM_Base_Init)
    HAL_TIM_Base_MspInit                     0x080014a3   Thumb Code     2  stm32f4xx_hal_tim.o(i.HAL_TIM_Base_MspInit)
    HAL_TIM_Base_Start_IT                    0x080014a5   Thumb Code   100  stm32f4xx_hal_tim.o(i.HAL_TIM_Base_Start_IT)
    HAL_TIM_IC_CaptureCallback               0x08001525   Thumb Code     2  stm32f4xx_hal_tim.o(i.HAL_TIM_IC_CaptureCallback)
    HAL_TIM_IRQHandler                       0x08001527   Thumb Code   358  stm32f4xx_hal_tim.o(i.HAL_TIM_IRQHandler)
    HAL_TIM_OC_DelayElapsedCallback          0x0800168d   Thumb Code     2  stm32f4xx_hal_tim.o(i.HAL_TIM_OC_DelayElapsedCallback)
    HAL_TIM_PWM_PulseFinishedCallback        0x0800168f   Thumb Code     2  stm32f4xx_hal_tim.o(i.HAL_TIM_PWM_PulseFinishedCallback)
    HAL_TIM_PeriodElapsedCallback            0x08001691   Thumb Code    14  main.o(i.HAL_TIM_PeriodElapsedCallback)
    HAL_TIM_TriggerCallback                  0x0800169f   Thumb Code     2  stm32f4xx_hal_tim.o(i.HAL_TIM_TriggerCallback)
    HAL_UARTEx_RxEventCallback               0x080016a1   Thumb Code     2  stm32f4xx_hal_uart.o(i.HAL_UARTEx_RxEventCallback)
    HAL_UART_ErrorCallback                   0x080016a3   Thumb Code     2  stm32f4xx_hal_uart.o(i.HAL_UART_ErrorCallback)
    HAL_UART_IRQHandler                      0x080016a5   Thumb Code   610  stm32f4xx_hal_uart.o(i.HAL_UART_IRQHandler)
    HAL_UART_Init                            0x0800190d   Thumb Code    98  stm32f4xx_hal_uart.o(i.HAL_UART_Init)
    HAL_UART_MspInit                         0x08001971   Thumb Code   110  usart.o(i.HAL_UART_MspInit)
    HAL_UART_Receive_IT                      0x080019ed   Thumb Code    42  stm32f4xx_hal_uart.o(i.HAL_UART_Receive_IT)
    HAL_UART_RxCpltCallback                  0x08001a19   Thumb Code    24  communication.o(i.HAL_UART_RxCpltCallback)
    HAL_UART_Transmit                        0x08001a3d   Thumb Code   176  stm32f4xx_hal_uart.o(i.HAL_UART_Transmit)
    HAL_UART_TxCpltCallback                  0x08001aed   Thumb Code     2  stm32f4xx_hal_uart.o(i.HAL_UART_TxCpltCallback)
    HardFault_Handler                        0x08001aef   Thumb Code     2  stm32f4xx_it.o(i.HardFault_Handler)
    M3508_Send_Currents                      0x08001af1   Thumb Code    84  user_can_init.o(i.M3508_Send_Currents)
    MX_CAN1_Init                             0x08001b4d   Thumb Code    60  can.o(i.MX_CAN1_Init)
    MX_FREERTOS_Init                         0x08001b91   Thumb Code    42  freertos.o(i.MX_FREERTOS_Init)
    MX_GPIO_Init                             0x08001bcd   Thumb Code   136  gpio.o(i.MX_GPIO_Init)
    MX_USART1_UART_Init                      0x08001c61   Thumb Code    48  usart.o(i.MX_USART1_UART_Init)
    MemManage_Handler                        0x08001c99   Thumb Code     2  stm32f4xx_it.o(i.MemManage_Handler)
    NMI_Handler                              0x08001c9b   Thumb Code     2  stm32f4xx_it.o(i.NMI_Handler)
    PID_Parameter_Speed_Init                 0x08001c9d   Thumb Code    54  pid.o(i.PID_Parameter_Speed_Init)
    PID_Speed_Calculate                      0x08001cd9   Thumb Code   222  pid.o(i.PID_Speed_Calculate)
    Robot_Wheels_Adjust                      0x08001dbd   Thumb Code    76  chassis.o(i.Robot_Wheels_Adjust)
    STM32_READ_FROM_ROS_FLOAT                0x08001e15   Thumb Code   302  communication.o(i.STM32_READ_FROM_ROS_FLOAT)
    StartDefaultTask                         0x08001f79   Thumb Code   218  freertos.o(i.StartDefaultTask)
    StartTask02                              0x08002079   Thumb Code     8  freertos.o(i.StartTask02)
    SysTick_Handler                          0x08002081   Thumb Code    26  cmsis_os2.o(i.SysTick_Handler)
    SystemClock_Config                       0x0800209d   Thumb Code   134  main.o(i.SystemClock_Config)
    SystemInit                               0x0800212d   Thumb Code    12  system_stm32f4xx.o(i.SystemInit)
    TIM2_IRQHandler                          0x0800213d   Thumb Code     6  stm32f4xx_it.o(i.TIM2_IRQHandler)
    TIM_Base_SetConfig                       0x08002149   Thumb Code   156  stm32f4xx_hal_tim.o(i.TIM_Base_SetConfig)
    UART_Start_Receive_IT                    0x0800243d   Thumb Code    58  stm32f4xx_hal_uart.o(i.UART_Start_Receive_IT)
    USART1_IRQHandler                        0x080024ed   Thumb Code     6  stm32f4xx_it.o(i.USART1_IRQHandler)
    USART_Send_String                        0x080024f9   Thumb Code    36  communication.o(i.USART_Send_String)
    UsageFault_Handler                       0x08002525   Thumb Code     2  stm32f4xx_it.o(i.UsageFault_Handler)
    Usart_Send_Data                          0x08002529   Thumb Code   116  communication.o(i.Usart_Send_Data)
    User_Open_Can                            0x080025a5   Thumb Code   100  user_can_init.o(i.User_Open_Can)
    __0printf$bare                           0x08002611   Thumb Code     8  printfb.o(i.__0printf$bare)
    __1printf$bare                           0x08002611   Thumb Code     0  printfb.o(i.__0printf$bare)
    __2printf                                0x08002611   Thumb Code     0  printfb.o(i.__0printf$bare)
    __scatterload_copy                       0x08002641   Thumb Code    14  handlers.o(i.__scatterload_copy)
    __scatterload_null                       0x0800264f   Thumb Code     2  handlers.o(i.__scatterload_null)
    __scatterload_zeroinit                   0x08002651   Thumb Code    14  handlers.o(i.__scatterload_zeroinit)
    fputc                                    0x08002681   Thumb Code    20  usart.o(i.fputc)
    get_motor_measure                        0x08002699   Thumb Code   104  user_can_init.o(i.get_motor_measure)
    main                                     0x08002705   Thumb Code    44  main.o(i.main)
    osDelay                                  0x08002739   Thumb Code    26  cmsis_os2.o(i.osDelay)
    osEventFlagsNew                          0x08002753   Thumb Code    44  cmsis_os2.o(i.osEventFlagsNew)
    osKernelInitialize                       0x08002781   Thumb Code    32  cmsis_os2.o(i.osKernelInitialize)
    osKernelStart                            0x080027a5   Thumb Code    48  cmsis_os2.o(i.osKernelStart)
    osThreadNew                              0x080027dd   Thumb Code   136  cmsis_os2.o(i.osThreadNew)
    pvPortMalloc                             0x08002ff1   Thumb Code   216  heap_4.o(i.pvPortMalloc)
    pxPortInitialiseStack                    0x080030cd   Thumb Code    40  port.o(i.pxPortInitialiseStack)
    serial_get_crc8_value                    0x080030f9   Thumb Code    46  communication.o(i.serial_get_crc8_value)
    uxListRemove                             0x08003127   Thumb Code    38  list.o(i.uxListRemove)
    vApplicationGetIdleTaskMemory            0x0800314d   Thumb Code    16  cmsis_os2.o(i.vApplicationGetIdleTaskMemory)
    vApplicationGetTimerTaskMemory           0x08003161   Thumb Code    18  cmsis_os2.o(i.vApplicationGetTimerTaskMemory)
    vListInitialise                          0x08003179   Thumb Code    22  list.o(i.vListInitialise)
    vListInitialiseItem                      0x0800318f   Thumb Code     6  list.o(i.vListInitialiseItem)
    vListInsert                              0x08003195   Thumb Code    48  list.o(i.vListInsert)
    vListInsertEnd                           0x080031c5   Thumb Code    24  list.o(i.vListInsertEnd)
    vPortEnterCritical                       0x080031dd   Thumb Code    54  port.o(i.vPortEnterCritical)
    vPortExitCritical                        0x0800321d   Thumb Code    34  port.o(i.vPortExitCritical)
    vPortFree                                0x08003245   Thumb Code    94  heap_4.o(i.vPortFree)
    vPortSetupTimerInterrupt                 0x080032a9   Thumb Code    32  port.o(i.vPortSetupTimerInterrupt)
    vPortValidateInterruptPriority           0x080032cd   Thumb Code    74  port.o(i.vPortValidateInterruptPriority)
    vQueueAddToRegistry                      0x08003321   Thumb Code    32  queue.o(i.vQueueAddToRegistry)
    vQueueWaitForMessageRestricted           0x08003345   Thumb Code    68  queue.o(i.vQueueWaitForMessageRestricted)
    vTaskDelay                               0x08003389   Thumb Code    66  tasks.o(i.vTaskDelay)
    vTaskInternalSetTimeOutState             0x080033d5   Thumb Code    12  tasks.o(i.vTaskInternalSetTimeOutState)
    vTaskMissedYield                         0x080033e5   Thumb Code     8  tasks.o(i.vTaskMissedYield)
    vTaskPlaceOnEventList                    0x080033f1   Thumb Code    44  tasks.o(i.vTaskPlaceOnEventList)
    vTaskPlaceOnEventListRestricted          0x08003421   Thumb Code    52  tasks.o(i.vTaskPlaceOnEventListRestricted)
    vTaskStartScheduler                      0x08003459   Thumb Code   116  tasks.o(i.vTaskStartScheduler)
    vTaskSuspendAll                          0x080034dd   Thumb Code    10  tasks.o(i.vTaskSuspendAll)
    vTaskSwitchContext                       0x080034ed   Thumb Code    90  tasks.o(i.vTaskSwitchContext)
    xEventGroupCreate                        0x08003551   Thumb Code    28  event_groups.o(i.xEventGroupCreate)
    xEventGroupCreateStatic                  0x0800356d   Thumb Code    44  event_groups.o(i.xEventGroupCreateStatic)
    xPortStartScheduler                      0x08003599   Thumb Code   224  port.o(i.xPortStartScheduler)
    xPortSysTickHandler                      0x0800368d   Thumb Code    38  port.o(i.xPortSysTickHandler)
    xQueueGenericCreateStatic                0x080036b9   Thumb Code   102  queue.o(i.xQueueGenericCreateStatic)
    xQueueGenericReset                       0x08003721   Thumb Code   132  queue.o(i.xQueueGenericReset)
    xQueueGenericSend                        0x080037a9   Thumb Code   350  queue.o(i.xQueueGenericSend)
    xQueueGenericSendFromISR                 0x0800390d   Thumb Code   190  queue.o(i.xQueueGenericSendFromISR)
    xQueueReceive                            0x080039cd   Thumb Code   308  queue.o(i.xQueueReceive)
    xTaskCheckForTimeOut                     0x08003b05   Thumb Code   112  tasks.o(i.xTaskCheckForTimeOut)
    xTaskCreate                              0x08003b79   Thumb Code    90  tasks.o(i.xTaskCreate)
    xTaskCreateStatic                        0x08003bd3   Thumb Code    90  tasks.o(i.xTaskCreateStatic)
    xTaskGetSchedulerState                   0x08003c2d   Thumb Code    22  tasks.o(i.xTaskGetSchedulerState)
    xTaskGetTickCount                        0x08003c49   Thumb Code     6  tasks.o(i.xTaskGetTickCount)
    xTaskIncrementTick                       0x08003c55   Thumb Code   192  tasks.o(i.xTaskIncrementTick)
    xTaskPriorityDisinherit                  0x08003d1d   Thumb Code   116  tasks.o(i.xTaskPriorityDisinherit)
    xTaskRemoveFromEventList                 0x08003d99   Thumb Code    98  tasks.o(i.xTaskRemoveFromEventList)
    xTaskResumeAll                           0x08003e09   Thumb Code   180  tasks.o(i.xTaskResumeAll)
    xTimerCreateTimerTask                    0x08003ec9   Thumb Code    78  timers.o(i.xTimerCreateTimerTask)
    xTimerGenericCommand                     0x08003f29   Thumb Code    94  timers.o(i.xTimerGenericCommand)
    defaultTask_attributes                   0x08003f8c   Data          36  freertos.o(.constdata)
    myTask02_attributes                      0x08003fb0   Data          36  freertos.o(.constdata)
    myEvent01_attributes                     0x08003fd4   Data          16  freertos.o(.constdata)
    AHBPrescTable                            0x08003fe4   Data          16  system_stm32f4xx.o(.constdata)
    APBPrescTable                            0x08003ff4   Data           8  system_stm32f4xx.o(.constdata)
    serial_header                            0x08003ffc   Data           2  communication.o(.constdata)
    Region$$Table$$Base                      0x08004024   Number         0  anon$$obj.o(Region$$Table)
    Region$$Table$$Limit                     0x08004044   Number         0  anon$$obj.o(Region$$Table)
    defaultTaskHandle                        0x20000000   Data           4  freertos.o(.data)
    myTask02Handle                           0x20000004   Data           4  freertos.o(.data)
    myEvent01Handle                          0x20000008   Data           4  freertos.o(.data)
    uwTickFreq                               0x2000000c   Data           1  stm32f4xx_hal.o(.data)
    uwTickPrio                               0x20000010   Data           4  stm32f4xx_hal.o(.data)
    uwTick                                   0x20000014   Data           4  stm32f4xx_hal.o(.data)
    SystemCoreClock                          0x20000018   Data           4  system_stm32f4xx.o(.data)
    RxData                                   0x2000001c   Data           8  user_can_init.o(.data)
    testRece4                                0x20000024   Data           1  communication.o(.data)
    USART_Receiver1                          0x20000025   Data           1  communication.o(.data)
    TARGET_RPM1                              0x2000003a   Data           2  communication.o(.data)
    TARGET_RPM2                              0x2000003c   Data           2  communication.o(.data)
    NOW_RMP_1                                0x2000003e   Data           2  communication.o(.data)
    NOW_RMP_2                                0x20000040   Data           2  communication.o(.data)
    testRece1                                0x20000044   Data           4  communication.o(.data)
    testRece2                                0x20000048   Data           4  communication.o(.data)
    TARGET_ANGLE                             0x20000050   Data           4  communication.o(.data)
    REAL_ANGLE                               0x20000054   Data           4  communication.o(.data)
    pxCurrentTCB                             0x20000058   Data           4  tasks.o(.data)
    __stdout                                 0x200000d8   Data           4  stdout.o(.data)
    hcan1                                    0x200000dc   Data          40  can.o(.bss)
    huart1                                   0x20000104   Data          68  usart.o(.bss)
    htim2                                    0x20000148   Data          72  stm32f4xx_hal_timebase_tim.o(.bss)
    M3508_PID                                0x20000190   Data         192  pid.o(.bss)
    TxHeader                                 0x20000250   Data          24  user_can_init.o(.bss)
    M3508_CHASSIS_MOTOR_REAL_INFO            0x20000268   Data          64  user_can_init.o(.bss)
    ROBOT_CHASSI                             0x200002a8   Data          28  chassis.o(.bss)
    receivesend_buff                         0x200002c4   Data          16  communication.o(.bss)
    xQueueRegistry                           0x200002d4   Data          64  queue.o(.bss)
    __initial_sp                             0x20004fa8   Data           0  startup_stm32f407xx.o(STACK)



==============================================================================

Memory Map of the image

  Image Entry point : 0x08000189

  Load Region LR_IROM1 (Base: 0x08000000, Size: 0x00004120, Max: 0x00100000, ABSOLUTE)

    Execution Region ER_IROM1 (Exec base: 0x08000000, Load base: 0x08000000, Size: 0x00004044, Max: 0x00100000, ABSOLUTE)

    Exec Addr    Load Addr    Size         Type   Attr      Idx    E Section Name        Object

    0x08000000   0x08000000   0x00000188   Data   RO            3    RESET               startup_stm32f407xx.o
    0x08000188   0x08000188   0x00000000   Code   RO         5475  * .ARM.Collect$$$$00000000  mc_w.l(entry.o)
    0x08000188   0x08000188   0x00000004   Code   RO         5748    .ARM.Collect$$$$00000001  mc_w.l(entry2.o)
    0x0800018c   0x0800018c   0x00000004   Code   RO         5751    .ARM.Collect$$$$00000004  mc_w.l(entry5.o)
    0x08000190   0x08000190   0x00000000   Code   RO         5753    .ARM.Collect$$$$00000008  mc_w.l(entry7b.o)
    0x08000190   0x08000190   0x00000000   Code   RO         5755    .ARM.Collect$$$$0000000A  mc_w.l(entry8b.o)
    0x08000190   0x08000190   0x00000008   Code   RO         5756    .ARM.Collect$$$$0000000B  mc_w.l(entry9a.o)
    0x08000198   0x08000198   0x00000000   Code   RO         5758    .ARM.Collect$$$$0000000D  mc_w.l(entry10a.o)
    0x08000198   0x08000198   0x00000000   Code   RO         5760    .ARM.Collect$$$$0000000F  mc_w.l(entry11a.o)
    0x08000198   0x08000198   0x00000004   Code   RO         5749    .ARM.Collect$$$$00002712  mc_w.l(entry2.o)
    0x0800019c   0x0800019c   0x000000be   Code   RO         5398    .emb_text           port.o
    0x0800025a   0x0800025a   0x00000002   PAD
    0x0800025c   0x0800025c   0x00000024   Code   RO            4    .text               startup_stm32f407xx.o
    0x08000280   0x08000280   0x00000062   Code   RO         5478    .text               mc_w.l(uldiv.o)
    0x080002e2   0x080002e2   0x00000024   Code   RO         5480    .text               mc_w.l(memcpya.o)
    0x08000306   0x08000306   0x00000024   Code   RO         5484    .text               mc_w.l(memseta.o)
    0x0800032a   0x0800032a   0x0000001e   Code   RO         5765    .text               mc_w.l(llshl.o)
    0x08000348   0x08000348   0x00000020   Code   RO         5767    .text               mc_w.l(llushr.o)
    0x08000368   0x08000368   0x00000024   Code   RO         5780    .text               mc_w.l(init.o)
    0x0800038c   0x0800038c   0x00000002   Code   RO          538    i.BusFault_Handler  stm32f4xx_it.o
    0x0800038e   0x0800038e   0x00000002   PAD
    0x08000390   0x08000390   0x0000000c   Code   RO          539    i.CAN1_RX0_IRQHandler  stm32f4xx_it.o
    0x0800039c   0x0800039c   0x00000002   Code   RO          540    i.DebugMon_Handler  stm32f4xx_it.o
    0x0800039e   0x0800039e   0x00000004   Code   RO           13    i.Error_Handler     main.o
    0x080003a2   0x080003a2   0x00000024   Code   RO          768    i.HAL_CAN_ActivateNotification  stm32f4xx_hal_can.o
    0x080003c6   0x080003c6   0x000000c8   Code   RO          769    i.HAL_CAN_AddTxMessage  stm32f4xx_hal_can.o
    0x0800048e   0x0800048e   0x00000002   PAD
    0x08000490   0x08000490   0x0000010c   Code   RO          770    i.HAL_CAN_ConfigFilter  stm32f4xx_hal_can.o
    0x0800059c   0x0800059c   0x00000002   Code   RO          773    i.HAL_CAN_ErrorCallback  stm32f4xx_hal_can.o
    0x0800059e   0x0800059e   0x000000e8   Code   RO          776    i.HAL_CAN_GetRxMessage  stm32f4xx_hal_can.o
    0x08000686   0x08000686   0x000001fc   Code   RO          780    i.HAL_CAN_IRQHandler  stm32f4xx_hal_can.o
    0x08000882   0x08000882   0x0000011a   Code   RO          781    i.HAL_CAN_Init      stm32f4xx_hal_can.o
    0x0800099c   0x0800099c   0x0000007c   Code   RO          443    i.HAL_CAN_MspInit   can.o
    0x08000a18   0x08000a18   0x00000002   Code   RO          788    i.HAL_CAN_RxFifo0FullCallback  stm32f4xx_hal_can.o
    0x08000a1a   0x08000a1a   0x00000002   PAD
    0x08000a1c   0x08000a1c   0x00000020   Code   RO         3532    i.HAL_CAN_RxFifo0MsgPendingCallback  user_can_init.o
    0x08000a3c   0x08000a3c   0x00000002   Code   RO          790    i.HAL_CAN_RxFifo1FullCallback  stm32f4xx_hal_can.o
    0x08000a3e   0x08000a3e   0x00000002   Code   RO          791    i.HAL_CAN_RxFifo1MsgPendingCallback  stm32f4xx_hal_can.o
    0x08000a40   0x08000a40   0x00000002   Code   RO          792    i.HAL_CAN_SleepCallback  stm32f4xx_hal_can.o
    0x08000a42   0x08000a42   0x00000056   Code   RO          793    i.HAL_CAN_Start     stm32f4xx_hal_can.o
    0x08000a98   0x08000a98   0x00000002   Code   RO          795    i.HAL_CAN_TxMailbox0AbortCallback  stm32f4xx_hal_can.o
    0x08000a9a   0x08000a9a   0x00000002   Code   RO          796    i.HAL_CAN_TxMailbox0CompleteCallback  stm32f4xx_hal_can.o
    0x08000a9c   0x08000a9c   0x00000002   Code   RO          797    i.HAL_CAN_TxMailbox1AbortCallback  stm32f4xx_hal_can.o
    0x08000a9e   0x08000a9e   0x00000002   Code   RO          798    i.HAL_CAN_TxMailbox1CompleteCallback  stm32f4xx_hal_can.o
    0x08000aa0   0x08000aa0   0x00000002   Code   RO          799    i.HAL_CAN_TxMailbox2AbortCallback  stm32f4xx_hal_can.o
    0x08000aa2   0x08000aa2   0x00000002   Code   RO          800    i.HAL_CAN_TxMailbox2CompleteCallback  stm32f4xx_hal_can.o
    0x08000aa4   0x08000aa4   0x00000002   Code   RO          802    i.HAL_CAN_WakeUpFromRxMsgCallback  stm32f4xx_hal_can.o
    0x08000aa6   0x08000aa6   0x00000092   Code   RO         1463    i.HAL_DMA_Abort     stm32f4xx_hal_dma.o
    0x08000b38   0x08000b38   0x00000024   Code   RO         1464    i.HAL_DMA_Abort_IT  stm32f4xx_hal_dma.o
    0x08000b5c   0x08000b5c   0x000001d0   Code   RO         1356    i.HAL_GPIO_Init     stm32f4xx_hal_gpio.o
    0x08000d2c   0x08000d2c   0x0000000a   Code   RO         1360    i.HAL_GPIO_WritePin  stm32f4xx_hal_gpio.o
    0x08000d36   0x08000d36   0x00000002   PAD
    0x08000d38   0x08000d38   0x0000000c   Code   RO         1888    i.HAL_GetTick       stm32f4xx_hal.o
    0x08000d44   0x08000d44   0x00000010   Code   RO         1894    i.HAL_IncTick       stm32f4xx_hal.o
    0x08000d54   0x08000d54   0x00000034   Code   RO         1895    i.HAL_Init          stm32f4xx_hal.o
    0x08000d88   0x08000d88   0x00000098   Code   RO          638    i.HAL_InitTick      stm32f4xx_hal_timebase_tim.o
    0x08000e20   0x08000e20   0x00000038   Code   RO          614    i.HAL_MspInit       stm32f4xx_hal_msp.o
    0x08000e58   0x08000e58   0x0000001a   Code   RO         1745    i.HAL_NVIC_EnableIRQ  stm32f4xx_hal_cortex.o
    0x08000e72   0x08000e72   0x00000002   PAD
    0x08000e74   0x08000e74   0x00000040   Code   RO         1751    i.HAL_NVIC_SetPriority  stm32f4xx_hal_cortex.o
    0x08000eb4   0x08000eb4   0x00000024   Code   RO         1752    i.HAL_NVIC_SetPriorityGrouping  stm32f4xx_hal_cortex.o
    0x08000ed8   0x08000ed8   0x00000134   Code   RO         1002    i.HAL_RCC_ClockConfig  stm32f4xx_hal_rcc.o
    0x0800100c   0x0800100c   0x00000040   Code   RO         1006    i.HAL_RCC_GetClockConfig  stm32f4xx_hal_rcc.o
    0x0800104c   0x0800104c   0x00000020   Code   RO         1009    i.HAL_RCC_GetPCLK1Freq  stm32f4xx_hal_rcc.o
    0x0800106c   0x0800106c   0x00000020   Code   RO         1010    i.HAL_RCC_GetPCLK2Freq  stm32f4xx_hal_rcc.o
    0x0800108c   0x0800108c   0x00000060   Code   RO         1011    i.HAL_RCC_GetSysClockFreq  stm32f4xx_hal_rcc.o
    0x080010ec   0x080010ec   0x00000358   Code   RO         1014    i.HAL_RCC_OscConfig  stm32f4xx_hal_rcc.o
    0x08001444   0x08001444   0x00000002   Code   RO         2839    i.HAL_TIMEx_BreakCallback  stm32f4xx_hal_tim_ex.o
    0x08001446   0x08001446   0x00000002   Code   RO         2840    i.HAL_TIMEx_CommutCallback  stm32f4xx_hal_tim_ex.o
    0x08001448   0x08001448   0x0000005a   Code   RO         2135    i.HAL_TIM_Base_Init  stm32f4xx_hal_tim.o
    0x080014a2   0x080014a2   0x00000002   Code   RO         2137    i.HAL_TIM_Base_MspInit  stm32f4xx_hal_tim.o
    0x080014a4   0x080014a4   0x00000080   Code   RO         2140    i.HAL_TIM_Base_Start_IT  stm32f4xx_hal_tim.o
    0x08001524   0x08001524   0x00000002   Code   RO         2169    i.HAL_TIM_IC_CaptureCallback  stm32f4xx_hal_tim.o
    0x08001526   0x08001526   0x00000166   Code   RO         2183    i.HAL_TIM_IRQHandler  stm32f4xx_hal_tim.o
    0x0800168c   0x0800168c   0x00000002   Code   RO         2186    i.HAL_TIM_OC_DelayElapsedCallback  stm32f4xx_hal_tim.o
    0x0800168e   0x0800168e   0x00000002   Code   RO         2213    i.HAL_TIM_PWM_PulseFinishedCallback  stm32f4xx_hal_tim.o
    0x08001690   0x08001690   0x0000000e   Code   RO           14    i.HAL_TIM_PeriodElapsedCallback  main.o
    0x0800169e   0x0800169e   0x00000002   Code   RO         2226    i.HAL_TIM_TriggerCallback  stm32f4xx_hal_tim.o
    0x080016a0   0x080016a0   0x00000002   Code   RO         3117    i.HAL_UARTEx_RxEventCallback  stm32f4xx_hal_uart.o
    0x080016a2   0x080016a2   0x00000002   Code   RO         3131    i.HAL_UART_ErrorCallback  stm32f4xx_hal_uart.o
    0x080016a4   0x080016a4   0x00000268   Code   RO         3134    i.HAL_UART_IRQHandler  stm32f4xx_hal_uart.o
    0x0800190c   0x0800190c   0x00000062   Code   RO         3135    i.HAL_UART_Init     stm32f4xx_hal_uart.o
    0x0800196e   0x0800196e   0x00000002   PAD
    0x08001970   0x08001970   0x0000007c   Code   RO          485    i.HAL_UART_MspInit  usart.o
    0x080019ec   0x080019ec   0x0000002a   Code   RO         3140    i.HAL_UART_Receive_IT  stm32f4xx_hal_uart.o
    0x08001a16   0x08001a16   0x00000002   PAD
    0x08001a18   0x08001a18   0x00000024   Code   RO         3624    i.HAL_UART_RxCpltCallback  communication.o
    0x08001a3c   0x08001a3c   0x000000b0   Code   RO         3143    i.HAL_UART_Transmit  stm32f4xx_hal_uart.o
    0x08001aec   0x08001aec   0x00000002   Code   RO         3146    i.HAL_UART_TxCpltCallback  stm32f4xx_hal_uart.o
    0x08001aee   0x08001aee   0x00000002   Code   RO          541    i.HardFault_Handler  stm32f4xx_it.o
    0x08001af0   0x08001af0   0x0000005c   Code   RO         3533    i.M3508_Send_Currents  user_can_init.o
    0x08001b4c   0x08001b4c   0x00000044   Code   RO          444    i.MX_CAN1_Init      can.o
    0x08001b90   0x08001b90   0x0000003c   Code   RO          242    i.MX_FREERTOS_Init  freertos.o
    0x08001bcc   0x08001bcc   0x00000094   Code   RO          218    i.MX_GPIO_Init      gpio.o
    0x08001c60   0x08001c60   0x00000038   Code   RO          486    i.MX_USART1_UART_Init  usart.o
    0x08001c98   0x08001c98   0x00000002   Code   RO          542    i.MemManage_Handler  stm32f4xx_it.o
    0x08001c9a   0x08001c9a   0x00000002   Code   RO          543    i.NMI_Handler       stm32f4xx_it.o
    0x08001c9c   0x08001c9c   0x0000003c   Code   RO         3498    i.PID_Parameter_Speed_Init  pid.o
    0x08001cd8   0x08001cd8   0x000000e4   Code   RO         3500    i.PID_Speed_Calculate  pid.o
    0x08001dbc   0x08001dbc   0x00000058   Code   RO         3588    i.Robot_Wheels_Adjust  chassis.o
    0x08001e14   0x08001e14   0x00000164   Code   RO         3626    i.STM32_READ_FROM_ROS_FLOAT  communication.o
    0x08001f78   0x08001f78   0x00000100   Code   RO          243    i.StartDefaultTask  freertos.o
    0x08002078   0x08002078   0x00000008   Code   RO          244    i.StartTask02       freertos.o
    0x08002080   0x08002080   0x0000001a   Code   RO         4826    i.SysTick_Handler   cmsis_os2.o
    0x0800209a   0x0800209a   0x00000002   PAD
    0x0800209c   0x0800209c   0x00000090   Code   RO           15    i.SystemClock_Config  main.o
    0x0800212c   0x0800212c   0x00000010   Code   RO         3464    i.SystemInit        system_stm32f4xx.o
    0x0800213c   0x0800213c   0x0000000c   Code   RO          544    i.TIM2_IRQHandler   stm32f4xx_it.o
    0x08002148   0x08002148   0x000000c8   Code   RO         2228    i.TIM_Base_SetConfig  stm32f4xx_hal_tim.o
    0x08002210   0x08002210   0x00000010   Code   RO         3148    i.UART_DMAAbortOnError  stm32f4xx_hal_uart.o
    0x08002220   0x08002220   0x0000004e   Code   RO         3158    i.UART_EndRxTransfer  stm32f4xx_hal_uart.o
    0x0800226e   0x0800226e   0x000000c0   Code   RO         3160    i.UART_Receive_IT   stm32f4xx_hal_uart.o
    0x0800232e   0x0800232e   0x00000002   PAD
    0x08002330   0x08002330   0x0000010c   Code   RO         3161    i.UART_SetConfig    stm32f4xx_hal_uart.o
    0x0800243c   0x0800243c   0x0000003a   Code   RO         3163    i.UART_Start_Receive_IT  stm32f4xx_hal_uart.o
    0x08002476   0x08002476   0x00000076   Code   RO         3164    i.UART_WaitOnFlagUntilTimeout  stm32f4xx_hal_uart.o
    0x080024ec   0x080024ec   0x0000000c   Code   RO          545    i.USART1_IRQHandler  stm32f4xx_it.o
    0x080024f8   0x080024f8   0x0000002c   Code   RO         3627    i.USART_Send_String  communication.o
    0x08002524   0x08002524   0x00000002   Code   RO          546    i.UsageFault_Handler  stm32f4xx_it.o
    0x08002526   0x08002526   0x00000002   PAD
    0x08002528   0x08002528   0x0000007c   Code   RO         3628    i.Usart_Send_Data   communication.o
    0x080025a4   0x080025a4   0x0000006c   Code   RO         3535    i.User_Open_Can     user_can_init.o
    0x08002610   0x08002610   0x00000010   Code   RO         5489    i.__0printf$bare    mc_w.l(printfb.o)
    0x08002620   0x08002620   0x00000020   Code   RO         1758    i.__NVIC_SetPriority  stm32f4xx_hal_cortex.o
    0x08002640   0x08002640   0x0000000e   Code   RO         5788    i.__scatterload_copy  mc_w.l(handlers.o)
    0x0800264e   0x0800264e   0x00000002   Code   RO         5789    i.__scatterload_null  mc_w.l(handlers.o)
    0x08002650   0x08002650   0x0000000e   Code   RO         5790    i.__scatterload_zeroinit  mc_w.l(handlers.o)
    0x0800265e   0x0800265e   0x00000022   Code   RO         5496    i._printf_core      mc_w.l(printfb.o)
    0x08002680   0x08002680   0x00000018   Code   RO          488    i.fputc             usart.o
    0x08002698   0x08002698   0x0000006c   Code   RO         3536    i.get_motor_measure  user_can_init.o
    0x08002704   0x08002704   0x00000034   Code   RO           16    i.main              main.o
    0x08002738   0x08002738   0x0000001a   Code   RO         4828    i.osDelay           cmsis_os2.o
    0x08002752   0x08002752   0x0000002c   Code   RO         4833    i.osEventFlagsNew   cmsis_os2.o
    0x0800277e   0x0800277e   0x00000002   PAD
    0x08002780   0x08002780   0x00000024   Code   RO         4842    i.osKernelInitialize  cmsis_os2.o
    0x080027a4   0x080027a4   0x00000038   Code   RO         4845    i.osKernelStart     cmsis_os2.o
    0x080027dc   0x080027dc   0x00000088   Code   RO         4887    i.osThreadNew       cmsis_os2.o
    0x08002864   0x08002864   0x0000005c   Code   RO         4287    i.prvAddCurrentTaskToDelayedList  tasks.o
    0x080028c0   0x080028c0   0x000000d0   Code   RO         4288    i.prvAddNewTaskToReadyList  tasks.o
    0x08002990   0x08002990   0x00000058   Code   RO         4652    i.prvCheckForValidListAndQueue  timers.o
    0x080029e8   0x080029e8   0x00000026   Code   RO         3884    i.prvCopyDataFromQueue  queue.o
    0x08002a0e   0x08002a0e   0x0000006c   Code   RO         3885    i.prvCopyDataToQueue  queue.o
    0x08002a7a   0x08002a7a   0x00000034   Code   RO         4289    i.prvDeleteTCB      tasks.o
    0x08002aae   0x08002aae   0x00000002   PAD
    0x08002ab0   0x08002ab0   0x0000004c   Code   RO         5343    i.prvHeapInit       heap_4.o
    0x08002afc   0x08002afc   0x0000005c   Code   RO         4290    i.prvIdleTask       tasks.o
    0x08002b58   0x08002b58   0x00000020   Code   RO         3887    i.prvInitialiseNewQueue  queue.o
    0x08002b78   0x08002b78   0x000000aa   Code   RO         4291    i.prvInitialiseNewTask  tasks.o
    0x08002c22   0x08002c22   0x00000002   PAD
    0x08002c24   0x08002c24   0x0000004c   Code   RO         5344    i.prvInsertBlockIntoFreeList  heap_4.o
    0x08002c70   0x08002c70   0x00000038   Code   RO         4654    i.prvInsertTimerInActiveList  timers.o
    0x08002ca8   0x08002ca8   0x0000001a   Code   RO         3888    i.prvIsQueueEmpty   queue.o
    0x08002cc2   0x08002cc2   0x00000002   PAD
    0x08002cc4   0x08002cc4   0x000000fc   Code   RO         4655    i.prvProcessReceivedCommands  timers.o
    0x08002dc0   0x08002dc0   0x000000c0   Code   RO         4656    i.prvProcessTimerOrBlockTask  timers.o
    0x08002e80   0x08002e80   0x00000020   Code   RO         4293    i.prvResetNextTaskUnblockTime  tasks.o
    0x08002ea0   0x08002ea0   0x00000028   Code   RO         4657    i.prvSampleTimeNow  timers.o
    0x08002ec8   0x08002ec8   0x0000006c   Code   RO         4658    i.prvSwitchTimerLists  timers.o
    0x08002f34   0x08002f34   0x00000028   Code   RO         5399    i.prvTaskExitError  port.o
    0x08002f5c   0x08002f5c   0x00000028   Code   RO         4659    i.prvTimerTask      timers.o
    0x08002f84   0x08002f84   0x0000006a   Code   RO         3889    i.prvUnlockQueue    queue.o
    0x08002fee   0x08002fee   0x00000002   PAD
    0x08002ff0   0x08002ff0   0x000000dc   Code   RO         5345    i.pvPortMalloc      heap_4.o
    0x080030cc   0x080030cc   0x0000002c   Code   RO         5400    i.pxPortInitialiseStack  port.o
    0x080030f8   0x080030f8   0x0000002e   Code   RO         3629    i.serial_get_crc8_value  communication.o
    0x08003126   0x08003126   0x00000026   Code   RO         3844    i.uxListRemove      list.o
    0x0800314c   0x0800314c   0x00000014   Code   RO         4899    i.vApplicationGetIdleTaskMemory  cmsis_os2.o
    0x08003160   0x08003160   0x00000018   Code   RO         4900    i.vApplicationGetTimerTaskMemory  cmsis_os2.o
    0x08003178   0x08003178   0x00000016   Code   RO         3845    i.vListInitialise   list.o
    0x0800318e   0x0800318e   0x00000006   Code   RO         3846    i.vListInitialiseItem  list.o
    0x08003194   0x08003194   0x00000030   Code   RO         3847    i.vListInsert       list.o
    0x080031c4   0x080031c4   0x00000018   Code   RO         3848    i.vListInsertEnd    list.o
    0x080031dc   0x080031dc   0x00000040   Code   RO         5402    i.vPortEnterCritical  port.o
    0x0800321c   0x0800321c   0x00000028   Code   RO         5403    i.vPortExitCritical  port.o
    0x08003244   0x08003244   0x00000064   Code   RO         5346    i.vPortFree         heap_4.o
    0x080032a8   0x080032a8   0x00000024   Code   RO         5404    i.vPortSetupTimerInterrupt  port.o
    0x080032cc   0x080032cc   0x00000054   Code   RO         5405    i.vPortValidateInterruptPriority  port.o
    0x08003320   0x08003320   0x00000024   Code   RO         3895    i.vQueueAddToRegistry  queue.o
    0x08003344   0x08003344   0x00000044   Code   RO         3899    i.vQueueWaitForMessageRestricted  queue.o
    0x08003388   0x08003388   0x0000004c   Code   RO         4306    i.vTaskDelay        tasks.o
    0x080033d4   0x080033d4   0x00000010   Code   RO         4311    i.vTaskInternalSetTimeOutState  tasks.o
    0x080033e4   0x080033e4   0x0000000c   Code   RO         4312    i.vTaskMissedYield  tasks.o
    0x080033f0   0x080033f0   0x00000030   Code   RO         4314    i.vTaskPlaceOnEventList  tasks.o
    0x08003420   0x08003420   0x00000038   Code   RO         4315    i.vTaskPlaceOnEventListRestricted  tasks.o
    0x08003458   0x08003458   0x00000084   Code   RO         4323    i.vTaskStartScheduler  tasks.o
    0x080034dc   0x080034dc   0x00000010   Code   RO         4325    i.vTaskSuspendAll   tasks.o
    0x080034ec   0x080034ec   0x00000064   Code   RO         4326    i.vTaskSwitchContext  tasks.o
    0x08003550   0x08003550   0x0000001c   Code   RO         3730    i.xEventGroupCreate  event_groups.o
    0x0800356c   0x0800356c   0x0000002c   Code   RO         3731    i.xEventGroupCreateStatic  event_groups.o
    0x08003598   0x08003598   0x000000f4   Code   RO         5406    i.xPortStartScheduler  port.o
    0x0800368c   0x0800368c   0x0000002c   Code   RO         5407    i.xPortSysTickHandler  port.o
    0x080036b8   0x080036b8   0x00000066   Code   RO         3905    i.xQueueGenericCreateStatic  queue.o
    0x0800371e   0x0800371e   0x00000002   PAD
    0x08003720   0x08003720   0x00000088   Code   RO         3906    i.xQueueGenericReset  queue.o
    0x080037a8   0x080037a8   0x00000164   Code   RO         3907    i.xQueueGenericSend  queue.o
    0x0800390c   0x0800390c   0x000000be   Code   RO         3908    i.xQueueGenericSendFromISR  queue.o
    0x080039ca   0x080039ca   0x00000002   PAD
    0x080039cc   0x080039cc   0x00000138   Code   RO         3917    i.xQueueReceive     queue.o
    0x08003b04   0x08003b04   0x00000074   Code   RO         4328    i.xTaskCheckForTimeOut  tasks.o
    0x08003b78   0x08003b78   0x0000005a   Code   RO         4329    i.xTaskCreate       tasks.o
    0x08003bd2   0x08003bd2   0x0000005a   Code   RO         4330    i.xTaskCreateStatic  tasks.o
    0x08003c2c   0x08003c2c   0x0000001c   Code   RO         4334    i.xTaskGetSchedulerState  tasks.o
    0x08003c48   0x08003c48   0x0000000c   Code   RO         4335    i.xTaskGetTickCount  tasks.o
    0x08003c54   0x08003c54   0x000000c8   Code   RO         4337    i.xTaskIncrementTick  tasks.o
    0x08003d1c   0x08003d1c   0x0000007c   Code   RO         4340    i.xTaskPriorityDisinherit  tasks.o
    0x08003d98   0x08003d98   0x00000070   Code   RO         4342    i.xTaskRemoveFromEventList  tasks.o
    0x08003e08   0x08003e08   0x000000c0   Code   RO         4343    i.xTaskResumeAll    tasks.o
    0x08003ec8   0x08003ec8   0x00000060   Code   RO         4668    i.xTimerCreateTimerTask  timers.o
    0x08003f28   0x08003f28   0x00000064   Code   RO         4669    i.xTimerGenericCommand  timers.o
    0x08003f8c   0x08003f8c   0x00000058   Data   RO          245    .constdata          freertos.o
    0x08003fe4   0x08003fe4   0x00000010   Data   RO         3465    .constdata          system_stm32f4xx.o
    0x08003ff4   0x08003ff4   0x00000008   Data   RO         3466    .constdata          system_stm32f4xx.o
    0x08003ffc   0x08003ffc   0x00000002   Data   RO         3631    .constdata          communication.o
    0x08003ffe   0x08003ffe   0x00000002   PAD
    0x08004000   0x08004000   0x00000024   Data   RO          246    .conststring        freertos.o
    0x08004024   0x08004024   0x00000020   Data   RO         5786    Region$$Table       anon$$obj.o


    Execution Region RW_IRAM2 (Exec base: 0x10000000, Load base: 0x08004120, Size: 0x00000000, Max: 0x00010000, ABSOLUTE)

    **** No section assigned to this execution region ****


    Execution Region RW_IRAM1 (Exec base: 0x20000000, Load base: 0x08004044, Size: 0x00004fa8, Max: 0x00020000, ABSOLUTE)

    Exec Addr    Load Addr    Size         Type   Attr      Idx    E Section Name        Object

    0x20000000   0x08004044   0x0000000c   Data   RW          247    .data               freertos.o
    0x2000000c   0x08004050   0x0000000c   Data   RW         1902    .data               stm32f4xx_hal.o
    0x20000018   0x0800405c   0x00000004   Data   RW         3467    .data               system_stm32f4xx.o
    0x2000001c   0x08004060   0x00000008   Data   RW         3539    .data               user_can_init.o
    0x20000024   0x08004068   0x00000034   Data   RW         3633    .data               communication.o
    0x20000058   0x0800409c   0x0000003c   Data   RW         4346    .data               tasks.o
    0x20000094   0x080040d8   0x00000014   Data   RW         4677    .data               timers.o
    0x200000a8   0x080040ec   0x00000004   Data   RW         4902    .data               cmsis_os2.o
    0x200000ac   0x080040f0   0x00000020   Data   RW         5352    .data               heap_4.o
    0x200000cc   0x08004110   0x0000000c   Data   RW         5408    .data               port.o
    0x200000d8   0x0800411c   0x00000004   Data   RW         5762    .data               mc_w.l(stdout.o)
    0x200000dc        -       0x00000028   Zero   RW          445    .bss                can.o
    0x20000104        -       0x00000044   Zero   RW          489    .bss                usart.o
    0x20000148        -       0x00000048   Zero   RW          641    .bss                stm32f4xx_hal_timebase_tim.o
    0x20000190        -       0x000000c0   Zero   RW         3501    .bss                pid.o
    0x20000250        -       0x00000058   Zero   RW         3537    .bss                user_can_init.o
    0x200002a8        -       0x0000001c   Zero   RW         3590    .bss                chassis.o
    0x200002c4        -       0x00000010   Zero   RW         3630    .bss                communication.o
    0x200002d4        -       0x00000040   Zero   RW         3921    .bss                queue.o
    0x20000314        -       0x000004c4   Zero   RW         4345    .bss                tasks.o
    0x200007d8        -       0x00000118   Zero   RW         4676    .bss                timers.o
    0x200008f0        -       0x000006b8   Zero   RW         4901    .bss                cmsis_os2.o
    0x20000fa8        -       0x00003c00   Zero   RW         5351    .bss                heap_4.o
    0x20004ba8        -       0x00000400   Zero   RW            1    STACK               startup_stm32f407xx.o


==============================================================================

Image component sizes


      Code (inc. data)   RO Data    RW Data    ZI Data      Debug   Object Name

       192         22          0          0         40       1709   can.o
        88         12          0          0         28       1341   chassis.o
       368         22          0          4       1720      66305   cmsis_os2.o
       606         82          2         52         16       6490   communication.o
         0          0          0          0          0       7036   croutine.o
        72          0          0          0          0      22498   event_groups.o
       324         56        124         12          0     589655   freertos.o
       148         12          0          0          0        971   gpio.o
       472         24          0         32      15360       4923   heap_4.o
       138          0          0          0          0       3522   list.o
       214         18          0          0          0     703300   main.o
       288         12          0          0        192       2557   pid.o
       786         80          0         12          0      11457   port.o
      1510         18          0          0         64      17364   queue.o
        36          8        392          0       1024        832   startup_stm32f407xx.o
        80         14          0         12          0       8058   stm32f4xx_hal.o
      1636          6          0          0          0      14495   stm32f4xx_hal_can.o
       158         14          0          0          0      33102   stm32f4xx_hal_cortex.o
       182          0          0          0          0       2087   stm32f4xx_hal_dma.o
       474         46          0          0          0       2280   stm32f4xx_hal_gpio.o
        56          4          0          0          0        874   stm32f4xx_hal_msp.o
      1388         82          0          0          0       6009   stm32f4xx_hal_rcc.o
       786         72          0          0          0       7484   stm32f4xx_hal_tim.o
         4          0          0          0          0       1633   stm32f4xx_hal_tim_ex.o
       152         18          0          0         72     697507   stm32f4xx_hal_timebase_tim.o
      1668         16          0          0          0      11440   stm32f4xx_hal_uart.o
        48         18          0          0          0       4213   stm32f4xx_it.o
         0          0          0          0          0        392   stream_buffer.o
        16          4         24          4          0       1115   system_stm32f4xx.o
      2066        160          0         60       1220      26856   tasks.o
       972         82          0         20        280      32079   timers.o
       204         26          0          0         68       2270   usart.o
       340         26          0          8         88       3847   user_can_init.o

    ----------------------------------------------------------------------
     15508        954        576        216      20172    2295701   Object Totals
         0          0         32          0          0          0   (incl. Generated)
        36          0          2          0          0          0   (incl. Padding)

    ----------------------------------------------------------------------

      Code (inc. data)   RO Data    RW Data    ZI Data      Debug   Library Member Name

         0          0          0          0          0          0   entry.o
         0          0          0          0          0          0   entry10a.o
         0          0          0          0          0          0   entry11a.o
         8          4          0          0          0          0   entry2.o
         4          0          0          0          0          0   entry5.o
         0          0          0          0          0          0   entry7b.o
         0          0          0          0          0          0   entry8b.o
         8          4          0          0          0          0   entry9a.o
        30          0          0          0          0          0   handlers.o
        36          8          0          0          0         68   init.o
        30          0          0          0          0         68   llshl.o
        32          0          0          0          0         68   llushr.o
        36          0          0          0          0         68   memcpya.o
        36          0          0          0          0        108   memseta.o
        50          8          0          0          0        152   printfb.o
         0          0          0          4          0          0   stdout.o
        98          0          0          0          0         92   uldiv.o

    ----------------------------------------------------------------------
       368         24          0          4          0        624   Library Totals
         0          0          0          0          0          0   (incl. Padding)

    ----------------------------------------------------------------------

      Code (inc. data)   RO Data    RW Data    ZI Data      Debug   Library Name

       368         24          0          4          0        624   mc_w.l

    ----------------------------------------------------------------------
       368         24          0          4          0        624   Library Totals

    ----------------------------------------------------------------------

==============================================================================


      Code (inc. data)   RO Data    RW Data    ZI Data      Debug   

     15876        978        576        220      20172    2280369   Grand Totals
     15876        978        576        220      20172    2280369   ELF Image Totals
     15876        978        576        220          0          0   ROM Totals

==============================================================================

    Total RO  Size (Code + RO Data)                16452 (  16.07kB)
    Total RW  Size (RW Data + ZI Data)             20392 (  19.91kB)
    Total ROM Size (Code + RO Data + RW Data)      16672 (  16.28kB)

==============================================================================

