Component: ARM Compiler 5.06 update 1 (build 61) Tool: armlink [4d35a8]

==============================================================================

Section Cross References

    main.o(i.main) refers to os_core.o(i.OSInit) for OSInit
    main.o(i.main) refers to os_task.o(i.OSTaskCreate) for OSTaskCreate
    main.o(i.main) refers to os_core.o(i.OSStart) for OSStart
    main.o(i.main) refers to main.o(.bss) for START_TASK_STK
    main.o(i.main) refers to task.o(i.start_task) for start_task
    system_stm32f4xx.o(i.SystemCoreClockUpdate) refers to system_stm32f4xx.o(.data) for SystemCoreClock
    system_stm32f4xx.o(i.SystemInit) refers to system_stm32f4xx.o(i.SetSysClock) for SetSysClock
    robot.o(i.FSM_RUN) refers to stm32f4xx_tim.o(i.TIM_Cmd) for TIM_Cmd
    robot.o(i.FSM_RUN) refers to os_time.o(i.OSTimeDly) for OSTimeDly
    robot.o(i.FSM_RUN) refers to gpio.o(i.cylinder_off) for cylinder_off
    robot.o(i.FSM_RUN) refers to information.o(i.Get_KEY) for Get_KEY
    robot.o(i.FSM_RUN) refers to time.o(i.Launch_Motor_init) for Launch_Motor_init
    robot.o(i.FSM_RUN) refers to ak80.o(i.AK80_motion_control) for AK80_motion_control
    robot.o(i.FSM_RUN) refers to gpio.o(i.cylinder_on) for cylinder_on
    robot.o(i.FSM_RUN) refers to pstwo.o(.data) for PS2_KEY
    robot.o(i.FSM_RUN) refers to robot.o(.data) for ROBOT
    robot.o(i.FSM_RUN) refers to global_location.o(.bss) for ROBOT_REAL_POS_DATA
    robot.o(i.FSM_RUN) refers to m3508.o(.data) for TURN_MOTOR_TARGET_RPM
    robot.o(i.FSM_RUN) refers to chassis_driver.o(.bss) for ROBOT_TARGET_VELOCITY_DATA
    robot.o(i.FSM_RUN) refers to task.o(i.TURNPLATE_adjusting) for TURNPLATE_adjusting
    robot.o(i.FSM_RUN) refers to moving.o(.bss) for robot
    bsp.o(i.bsp_init) refers to misc.o(i.NVIC_PriorityGroupConfig) for NVIC_PriorityGroupConfig
    bsp.o(i.bsp_init) refers to delay.o(i.delay_init) for delay_init
    bsp.o(i.bsp_init) refers to usart.o(i.uart_init) for uart_init
    bsp.o(i.bsp_init) refers to usart.o(i.USART6_init) for USART6_init
    bsp.o(i.bsp_init) refers to global_location.o(i.Location_init) for Location_init
    bsp.o(i.bsp_init) refers to gpio.o(i.cs_GPIO_init) for cs_GPIO_init
    bsp.o(i.bsp_init) refers to gpio.o(i.ls_GPIO_init) for ls_GPIO_init
    bsp.o(i.bsp_init) refers to gpio.o(i.cylinder_GPIO_init) for cylinder_GPIO_init
    bsp.o(i.bsp_init) refers to gpio.o(i.Key_GPIO_Init) for Key_GPIO_Init
    bsp.o(i.bsp_init) refers to pstwo.o(i.PS2_init) for PS2_init
    bsp.o(i.bsp_init) refers to gpio.o(i.beep_GPIO_init) for beep_GPIO_init
    bsp.o(i.bsp_init) refers to can1.o(i.can1_CAN1_init) for can1_CAN1_init
    bsp.o(i.bsp_init) refers to can2.o(i.can2_CAN2_init) for can2_CAN2_init
    bsp.o(i.bsp_init) refers to m3508.o(i.m3508_motor_init) for m3508_motor_init
    bsp.o(i.bsp_init) refers to moving.o(i.moving_init) for moving_init
    bsp.o(i.bsp_init) refers to time.o(i.Launch_Motor_init) for Launch_Motor_init
    bsp.o(i.bsp_init) refers to delay.o(i.delay_ms) for delay_ms
    bsp.o(i.bsp_init) refers to time.o(i.TIM9_PWM_Init) for TIM9_PWM_Init
    bsp.o(i.bsp_init) refers to ak80.o(i.ak80_control_cmd) for ak80_control_cmd
    adc.o(i.ADC_IRQHandler) refers to stm32f4xx_adc.o(i.ADC_GetITStatus) for ADC_GetITStatus
    adc.o(i.ADC_IRQHandler) refers to stm32f4xx_adc.o(i.ADC_ClearITPendingBit) for ADC_ClearITPendingBit
    adc.o(i.adc_adc3_init) refers to stm32f4xx_rcc.o(i.RCC_AHB1PeriphClockCmd) for RCC_AHB1PeriphClockCmd
    adc.o(i.adc_adc3_init) refers to stm32f4xx_rcc.o(i.RCC_APB2PeriphClockCmd) for RCC_APB2PeriphClockCmd
    adc.o(i.adc_adc3_init) refers to stm32f4xx_gpio.o(i.GPIO_Init) for GPIO_Init
    adc.o(i.adc_adc3_init) refers to stm32f4xx_rcc.o(i.RCC_APB2PeriphResetCmd) for RCC_APB2PeriphResetCmd
    adc.o(i.adc_adc3_init) refers to stm32f4xx_adc.o(i.ADC_CommonInit) for ADC_CommonInit
    adc.o(i.adc_adc3_init) refers to stm32f4xx_adc.o(i.ADC_Init) for ADC_Init
    adc.o(i.adc_adc3_init) refers to stm32f4xx_adc.o(i.ADC_RegularChannelConfig) for ADC_RegularChannelConfig
    adc.o(i.adc_adc3_init) refers to misc.o(i.NVIC_Init) for NVIC_Init
    adc.o(i.adc_adc3_init) refers to stm32f4xx_adc.o(i.ADC_ITConfig) for ADC_ITConfig
    adc.o(i.adc_adc3_init) refers to stm32f4xx_adc.o(i.ADC_Cmd) for ADC_Cmd
    adc.o(i.adc_adc3_init) refers to stm32f4xx_adc.o(i.ADC_SoftwareStartConv) for ADC_SoftwareStartConv
    can1.o(i.CAN1_RX0_IRQHandler) refers to stm32f4xx_can.o(i.CAN_GetITStatus) for CAN_GetITStatus
    can1.o(i.CAN1_RX0_IRQHandler) refers to stm32f4xx_can.o(i.CAN_Receive) for CAN_Receive
    can1.o(i.CAN1_RX0_IRQHandler) refers to ak80.o(i.AK80_update_info) for AK80_update_info
    can1.o(i.CAN1_RX0_IRQHandler) refers to m3508.o(i.m3508_update_m3508_info) for m3508_update_m3508_info
    can1.o(i.CAN1_RX0_IRQHandler) refers to stm32f4xx_can.o(i.CAN_ClearITPendingBit) for CAN_ClearITPendingBit
[...]
    I2C3_ER_IRQHandler                       0x080002a7   Thumb Code     0  startup_stm32f40_41xxx.o(.text)
    I2C3_EV_IRQHandler                       0x080002a7   Thumb Code     0  startup_stm32f40_41xxx.o(.text)
    OTG_FS_IRQHandler                        0x080002a7   Thumb Code     0  startup_stm32f40_41xxx.o(.text)
    OTG_FS_WKUP_IRQHandler                   0x080002a7   Thumb Code     0  startup_stm32f40_41xxx.o(.text)
    OTG_HS_EP1_IN_IRQHandler                 0x080002a7   Thumb Code     0  startup_stm32f40_41xxx.o(.text)
    OTG_HS_EP1_OUT_IRQHandler                0x080002a7   Thumb Code     0  startup_stm32f40_41xxx.o(.text)
    OTG_HS_IRQHandler                        0x080002a7   Thumb Code     0  startup_stm32f40_41xxx.o(.text)
    OTG_HS_WKUP_IRQHandler                   0x080002a7   Thumb Code     0  startup_stm32f40_41xxx.o(.text)
    PVD_IRQHandler                           0x080002a7   Thumb Code     0  startup_stm32f40_41xxx.o(.text)
    RCC_IRQHandler                           0x080002a7   Thumb Code     0  startup_stm32f40_41xxx.o(.text)
    RTC_Alarm_IRQHandler                     0x080002a7   Thumb Code     0  startup_stm32f40_41xxx.o(.text)
    RTC_WKUP_IRQHandler                      0x080002a7   Thumb Code     0  startup_stm32f40_41xxx.o(.text)
    SDIO_IRQHandler                          0x080002a7   Thumb Code     0  startup_stm32f40_41xxx.o(.text)
    SPI1_IRQHandler                          0x080002a7   Thumb Code     0  startup_stm32f40_41xxx.o(.text)
    SPI2_IRQHandler                          0x080002a7   Thumb Code     0  startup_stm32f40_41xxx.o(.text)
    SPI3_IRQHandler                          0x080002a7   Thumb Code     0  startup_stm32f40_41xxx.o(.text)
    TAMP_STAMP_IRQHandler                    0x080002a7   Thumb Code     0  startup_stm32f40_41xxx.o(.text)
    TIM1_BRK_TIM9_IRQHandler                 0x080002a7   Thumb Code     0  startup_stm32f40_41xxx.o(.text)
    TIM1_CC_IRQHandler                       0x080002a7   Thumb Code     0  startup_stm32f40_41xxx.o(.text)
    TIM1_TRG_COM_TIM11_IRQHandler            0x080002a7   Thumb Code     0  startup_stm32f40_41xxx.o(.text)
    TIM1_UP_TIM10_IRQHandler                 0x080002a7   Thumb Code     0  startup_stm32f40_41xxx.o(.text)
    TIM2_IRQHandler                          0x080002a7   Thumb Code     0  startup_stm32f40_41xxx.o(.text)
    TIM3_IRQHandler                          0x080002a7   Thumb Code     0  startup_stm32f40_41xxx.o(.text)
    TIM4_IRQHandler                          0x080002a7   Thumb Code     0  startup_stm32f40_41xxx.o(.text)
    TIM5_IRQHandler                          0x080002a7   Thumb Code     0  startup_stm32f40_41xxx.o(.text)
    TIM6_DAC_IRQHandler                      0x080002a7   Thumb Code     0  startup_stm32f40_41xxx.o(.text)
    TIM7_IRQHandler                          0x080002a7   Thumb Code     0  startup_stm32f40_41xxx.o(.text)
    TIM8_BRK_TIM12_IRQHandler                0x080002a7   Thumb Code     0  startup_stm32f40_41xxx.o(.text)
    TIM8_CC_IRQHandler                       0x080002a7   Thumb Code     0  startup_stm32f40_41xxx.o(.text)
    TIM8_TRG_COM_TIM14_IRQHandler            0x080002a7   Thumb Code     0  startup_stm32f40_41xxx.o(.text)
    TIM8_UP_TIM13_IRQHandler                 0x080002a7   Thumb Code     0  startup_stm32f40_41xxx.o(.text)
    UART5_IRQHandler                         0x080002a7   Thumb Code     0  startup_stm32f40_41xxx.o(.text)
    WWDG_IRQHandler                          0x080002a7   Thumb Code     0  startup_stm32f40_41xxx.o(.text)
    __user_initial_stackheap                 0x080002a9   Thumb Code     0  startup_stm32f40_41xxx.o(.text)
    OS_CPU_SR_Save                           0x080002cd   Thumb Code     0  os_cpu_a.o(.text)
    OS_CPU_SR_Restore                        0x080002d5   Thumb Code     0  os_cpu_a.o(.text)
    OSStartHighRdy                           0x080002db   Thumb Code     0  os_cpu_a.o(.text)
    OSCtxSw                                  0x080002ff   Thumb Code     0  os_cpu_a.o(.text)
    OSIntCtxSw                               0x0800030d   Thumb Code     0  os_cpu_a.o(.text)
    PendSV_Handler                           0x0800031d   Thumb Code     0  os_cpu_a.o(.text)
    __use_no_semihosting                     0x08000395   Thumb Code     2  use_no_semi_2.o(.text)
    __2printf                                0x08000399   Thumb Code    20  noretval__2printf.o(.text)
    __printf                                 0x080003b1   Thumb Code   104  __printf.o(.text)
    _printf_str                              0x08000419   Thumb Code    82  _printf_str.o(.text)
    _printf_int_dec                          0x0800046d   Thumb Code   104  _printf_dec.o(.text)
    __use_two_region_memory                  0x080004e5   Thumb Code     2  heapauxi.o(.text)
    __rt_heap_escrow$2region                 0x080004e7   Thumb Code     2  heapauxi.o(.text)
    __rt_heap_expand$2region                 0x080004e9   Thumb Code     2  heapauxi.o(.text)
    __I$use$semihosting                      0x080004eb   Thumb Code     0  use_no_semi.o(.text)
    __use_no_semihosting_swi                 0x080004eb   Thumb Code     2  use_no_semi.o(.text)
    __read_errno                             0x080004ed   Thumb Code    10  _rserrno.o(.text)
    __set_errno                              0x080004f7   Thumb Code    12  _rserrno.o(.text)
    _printf_int_common                       0x08000503   Thumb Code   178  _printf_intcommon.o(.text)
    __lib_sel_fp_printf                      0x080005b5   Thumb Code     2  _printf_fp_dec.o(.text)
    _printf_fp_dec_real                      0x08000763   Thumb Code   620  _printf_fp_dec.o(.text)
    _printf_cs_common                        0x080009cf   Thumb Code    20  _printf_char.o(.text)
    _printf_char                             0x080009e3   Thumb Code    16  _printf_char.o(.text)
    _printf_string                           0x080009f3   Thumb Code     8  _printf_char.o(.text)
    _printf_char_file                        0x080009fd   Thumb Code    32  _printf_char_file.o(.text)
    __rt_locale                              0x08000a21   Thumb Code     8  rt_locale_intlibspace.o(.text)
    __aeabi_errno_addr                       0x08000a29   Thumb Code     8  rt_errno_addr_intlibspace.o(.text)
    __errno$intlibspace                      0x08000a29   Thumb Code     0  rt_errno_addr_intlibspace.o(.text)
    __rt_errno_addr$intlibspace              0x08000a29   Thumb Code     0  rt_errno_addr_intlibspace.o(.text)
    _ll_udiv10                               0x08000a31   Thumb Code   138  lludiv10.o(.text)
    _printf_char_common                      0x08000ac7   Thumb Code    32  _printf_char_common.o(.text)
    _printf_fp_infnan                        0x08000aed   Thumb Code   112  _printf_fp_infnan.o(.text)
    _btod_etento                             0x08000b6d   Thumb Code   216  bigflt0.o(.text)
    ferror                                   0x08000c49   Thumb Code     8  ferror.o(.text)
    __user_libspace                          0x08000c51   Thumb Code     8  libspace.o(.text)
    __user_perproc_libspace                  0x08000c51   Thumb Code     0  libspace.o(.text)
    __user_perthread_libspace                0x08000c51   Thumb Code     0  libspace.o(.text)
    __user_setup_stackheap                   0x08000c59   Thumb Code    74  sys_stackheap_outer.o(.text)
    exit                                     0x08000ca3   Thumb Code    18  exit.o(.text)
    strcmp                                   0x08000cb5   Thumb Code   128  strcmpv7m.o(.text)
    _btod_d2e                                0x08000d35   Thumb Code    62  btod.o(CL$$btod_d2e)
    _d2e_denorm_low                          0x08000d73   Thumb Code    70  btod.o(CL$$btod_d2e_denorm_low)
    _d2e_norm_op1                            0x08000db9   Thumb Code    96  btod.o(CL$$btod_d2e_norm_op1)
    __btod_div_common                        0x08000e19   Thumb Code   696  btod.o(CL$$btod_div_common)
    _e2e                                     0x08001151   Thumb Code   198  btod.o(CL$$btod_e2e)
    _btod_ediv                               0x08001217   Thumb Code    40  btod.o(CL$$btod_ediv)
    _btod_emul                               0x0800123f   Thumb Code    40  btod.o(CL$$btod_emul)
    __btod_mult_common                       0x08001267   Thumb Code   580  btod.o(CL$$btod_mult_common)
    ADC_ClearITPendingBit                    0x080014ab   Thumb Code    10  stm32f4xx_adc.o(i.ADC_ClearITPendingBit)
    ADC_GetITStatus                          0x080014b5   Thumb Code    38  stm32f4xx_adc.o(i.ADC_GetITStatus)
    ADC_IRQHandler                           0x080014dd   Thumb Code    28  adc.o(i.ADC_IRQHandler)
    AK80_motion_control                      0x080014fd   Thumb Code   484  ak80.o(i.AK80_motion_control)
    AK80_update_info                         0x080016fd   Thumb Code   114  ak80.o(i.AK80_update_info)
    ARM_RESET                                0x0800177d   Thumb Code    80  task.o(i.ARM_RESET)
    Action_Uart_init                         0x080017e9   Thumb Code   166  usart.o(i.Action_Uart_init)
    AngleLimit                               0x08001899   Thumb Code   116  moving.o(i.AngleLimit)
    BusFault_Handler                         0x0800191d   Thumb Code     4  stm32f4xx_it.o(i.BusFault_Handler)
    CAN1_RX0_IRQHandler                      0x08001921   Thumb Code    48  can1.o(i.CAN1_RX0_IRQHandler)
    CAN1_TX_IRQHandler                       0x08001955   Thumb Code    22  can1.o(i.CAN1_TX_IRQHandler)
    CAN2_RX0_IRQHandler                      0x08001971   Thumb Code    68  can2.o(i.CAN2_RX0_IRQHandler)
    CAN2_TX_IRQHandler                       0x080019b9   Thumb Code    22  can2.o(i.CAN2_TX_IRQHandler)
    CAN_ClearITPendingBit                    0x080019d5   Thumb Code   162  stm32f4xx_can.o(i.CAN_ClearITPendingBit)
    CAN_DeInit                               0x08001a7d   Thumb Code    50  stm32f4xx_can.o(i.CAN_DeInit)
    CAN_FilterInit                           0x08001ab5   Thumb Code   258  stm32f4xx_can.o(i.CAN_FilterInit)
    CAN_GetITStatus                          0x08001bbd   Thumb Code   284  stm32f4xx_can.o(i.CAN_GetITStatus)
    CAN_ITConfig                             0x08001cdd   Thumb Code    18  stm32f4xx_can.o(i.CAN_ITConfig)
    CAN_Init                                 0x08001cef   Thumb Code   276  stm32f4xx_can.o(i.CAN_Init)
    CAN_Receive                              0x08001e03   Thumb Code   240  stm32f4xx_can.o(i.CAN_Receive)
    CAN_StructInit                           0x08001ef3   Thumb Code    32  stm32f4xx_can.o(i.CAN_StructInit)
    CAN_Transmit                             0x08001f13   Thumb Code   294  stm32f4xx_can.o(i.CAN_Transmit)
    DELAY_ms                                 0x0800204d   Thumb Code    72  task.o(i.DELAY_ms)
    DebugMon_Handler                         0x0800209d   Thumb Code     2  stm32f4xx_it.o(i.DebugMon_Handler)
    Debug_by_UART                            0x0800209f   Thumb Code    10  debug.o(i.Debug_by_UART)
    FSM_RUN                                  0x080020a9   Thumb Code  2488  robot.o(i.FSM_RUN)
    GET_GPIO_KEY                             0x08002a7d   Thumb Code   146  gpio.o(i.GET_GPIO_KEY)
    GPIO_Init                                0x08002b15   Thumb Code   144  stm32f4xx_gpio.o(i.GPIO_Init)
    GPIO_PinAFConfig                         0x08002ba5   Thumb Code    70  stm32f4xx_gpio.o(i.GPIO_PinAFConfig)
    GPIO_ResetBits                           0x08002beb   Thumb Code     4  stm32f4xx_gpio.o(i.GPIO_ResetBits)
    GPIO_SetBits                             0x08002bef   Thumb Code     4  stm32f4xx_gpio.o(i.GPIO_SetBits)
    Get_Encoder_Estimates_Rx                 0x08002bf5   Thumb Code   400  a80.o(i.Get_Encoder_Estimates_Rx)
    Get_GPIO_limit                           0x08002d89   Thumb Code   176  gpio.o(i.Get_GPIO_limit)
    Get_IQ_Rx                                0x08002e45   Thumb Code   396  a80.o(i.Get_IQ_Rx)
    Get_KEY                                  0x08002fd5   Thumb Code    10  information.o(i.Get_KEY)
    Get_OSTime                               0x08002fe5   Thumb Code    36  delay.o(i.Get_OSTime)
    Get_limit                                0x08003011   Thumb Code    12  information.o(i.Get_limit)
    HardFault_Handler                        0x08003021   Thumb Code     4  stm32f4xx_it.o(i.HardFault_Handler)
    KICK_control                             0x08003025   Thumb Code  1748  task.o(i.KICK_control)
    Key_GPIO_Init                            0x08003749   Thumb Code    44  gpio.o(i.Key_GPIO_Init)
    Launch_Motor_init                        0x08003779   Thumb Code   184  time.o(i.Launch_Motor_init)
    Location_init                            0x08003839   Thumb Code    60  global_location.o(i.Location_init)
    M2006_turnplate_motion_control           0x08003885   Thumb Code    62  m3508_drive.o(i.M2006_turnplate_motion_control)
    M3508_arm_motor_motion_control           0x080038d1   Thumb Code    98  m3508_drive.o(i.M3508_arm_motor_motion_control)
    MemManage_Handler                        0x08003945   Thumb Code     4  stm32f4xx_it.o(i.MemManage_Handler)
    Motor_motion_control                     0x08003949   Thumb Code    30  m3508_drive.o(i.Motor_motion_control)
    NMI_Handler                              0x08003967   Thumb Code     2  stm32f4xx_it.o(i.NMI_Handler)
    NVIC_Init                                0x08003969   Thumb Code   106  misc.o(i.NVIC_Init)
    NVIC_PriorityGroupConfig                 0x080039e1   Thumb Code    10  misc.o(i.NVIC_PriorityGroupConfig)
    OSInit                                   0x080039f5   Thumb Code    44  os_core.o(i.OSInit)
    OSInitHookBegin                          0x08003a21   Thumb Code     2  os_cpu_c.o(i.OSInitHookBegin)
    OSInitHookEnd                            0x08003a23   Thumb Code     2  os_cpu_c.o(i.OSInitHookEnd)
    OSIntEnter                               0x08003a25   Thumb Code    28  os_core.o(i.OSIntEnter)
    OSIntExit                                0x08003a49   Thumb Code   112  os_core.o(i.OSIntExit)
    OSSchedLock                              0x08003ad9   Thumb Code    50  os_core.o(i.OSSchedLock)
    OSSchedUnlock                            0x08003b19   Thumb Code    82  os_core.o(i.OSSchedUnlock)
    OSStart                                  0x08003b79   Thumb Code    48  os_core.o(i.OSStart)
    OSTCBInitHook                            0x08003bc1   Thumb Code     2  os_cpu_c.o(i.OSTCBInitHook)
    OSTaskCreate                             0x08003bc5   Thumb Code   148  os_task.o(i.OSTaskCreate)
    OSTaskCreateExt                          0x08003c65   Thumb Code   170  os_task.o(i.OSTaskCreateExt)
    OSTaskCreateHook                         0x08003d1d   Thumb Code     2  os_cpu_c.o(i.OSTaskCreateHook)
    OSTaskDel                                0x08003d21   Thumb Code   294  os_task.o(i.OSTaskDel)
    OSTaskDelHook                            0x08003e75   Thumb Code     2  os_cpu_c.o(i.OSTaskDelHook)
    OSTaskIdleHook                           0x08003e77   Thumb Code     2  os_cpu_c.o(i.OSTaskIdleHook)
    OSTaskNameSet                            0x08003e79   Thumb Code    98  os_task.o(i.OSTaskNameSet)
    OSTaskReturnHook                         0x08003ee9   Thumb Code     2  os_cpu_c.o(i.OSTaskReturnHook)
    OSTaskStatHook                           0x08003eeb   Thumb Code     2  os_cpu_c.o(i.OSTaskStatHook)
    OSTaskStkChk                             0x08003eed   Thumb Code   132  os_task.o(i.OSTaskStkChk)
    OSTaskStkInit                            0x08003f79   Thumb Code   426  os_cpu_c.o(i.OSTaskStkInit)
    OSTaskSuspend                            0x08004129   Thumb Code   152  os_task.o(i.OSTaskSuspend)
    OSTaskSwHook                             0x080041d1   Thumb Code     2  os_cpu_c.o(i.OSTaskSwHook)
    OSTimeDly                                0x080041d5   Thumb Code   100  os_time.o(i.OSTimeDly)
    OSTimeDlyHMSM                            0x0800424d   Thumb Code    86  os_time.o(i.OSTimeDlyHMSM)
    OSTimeGet                                0x080042ad   Thumb Code    24  os_time.o(i.OSTimeGet)
    OSTimeTick                               0x080042c9   Thumb Code   210  os_core.o(i.OSTimeTick)
    OSTimeTickHook                           0x080043b5   Thumb Code     2  os_cpu_c.o(i.OSTimeTickHook)
    OS_Dummy                                 0x080043b7   Thumb Code     2  os_core.o(i.OS_Dummy)
    OS_EventTaskRemove                       0x080043b9   Thumb Code    42  os_core.o(i.OS_EventTaskRemove)
    OS_FlagInit                              0x080043e5   Thumb Code    74  os_flag.o(i.OS_FlagInit)
    OS_FlagUnlink                            0x0800443d   Thumb Code    36  os_flag.o(i.OS_FlagUnlink)
    OS_MemClr                                0x0800466d   Thumb Code    18  os_core.o(i.OS_MemClr)
    OS_QInit                                 0x08004681   Thumb Code    72  os_q.o(i.OS_QInit)
    OS_Sched                                 0x080046d1   Thumb Code    88  os_core.o(i.OS_Sched)
    OS_TCBInit                               0x08004771   Thumb Code   278  os_core.o(i.OS_TCBInit)
    OS_TaskIdle                              0x080048a5   Thumb Code    34  os_core.o(i.OS_TaskIdle)
    OS_TaskReturn                            0x080048cd   Thumb Code    18  os_task.o(i.OS_TaskReturn)
    OS_TaskStat                              0x080048e5   Thumb Code   116  os_core.o(i.OS_TaskStat)
    OS_TaskStatStkChk                        0x0800496d   Thumb Code    54  os_core.o(i.OS_TaskStatStkChk)
    OS_TaskStkClr                            0x080049a9   Thumb Code    26  os_task.o(i.OS_TaskStkClr)
    PID_abs_limit                            0x080049c3   Thumb Code    38  pid.o(i.PID_abs_limit)
    PID_incremental_PID_calculation          0x080049e9   Thumb Code   246  pid.o(i.PID_incremental_PID_calculation)
    PID_parameter_init                       0x08004ae5   Thumb Code    64  pid.o(i.PID_parameter_init)
    PID_position_PID_calculation_by_error    0x08004b29   Thumb Code   240  pid.o(i.PID_position_PID_calculation_by_error)
    PS2_AnologData                           0x08004c1d   Thumb Code     8  pstwo.o(i.PS2_AnologData)
    PS2_ClearData                            0x08004c29   Thumb Code    20  pstwo.o(i.PS2_ClearData)
    PS2_Cmd                                  0x08004c41   Thumb Code   130  pstwo.o(i.PS2_Cmd)
    PS2_DataKey                              0x08004cd1   Thumb Code    70  pstwo.o(i.PS2_DataKey)
    PS2_EnterConfing                         0x08004d25   Thumb Code    84  pstwo.o(i.PS2_EnterConfing)
    PS2_ExitConfing                          0x08004d81   Thumb Code    84  pstwo.o(i.PS2_ExitConfing)
    PS2_ReadData                             0x08004ddd   Thumb Code   164  pstwo.o(i.PS2_ReadData)
    PS2_SetInit                              0x08004e91   Thumb Code    28  pstwo.o(i.PS2_SetInit)
    PS2_ShortPoll                            0x08004ead   Thumb Code    60  pstwo.o(i.PS2_ShortPoll)
    PS2_TurnOnAnalogMode                     0x08004ef1   Thumb Code    78  pstwo.o(i.PS2_TurnOnAnalogMode)
    PS2_init                                 0x08004f49   Thumb Code    90  pstwo.o(i.PS2_init)
    PS2_update_ps2_command                   0x08004fa9   Thumb Code    52  pstwo.o(i.PS2_update_ps2_command)
    Pathplan                                 0x08004ff1   Thumb Code  1004  moving.o(i.Pathplan)
    RCC_AHB1PeriphClockCmd                   0x08005415   Thumb Code    26  stm32f4xx_rcc.o(i.RCC_AHB1PeriphClockCmd)
    RCC_APB1PeriphClockCmd                   0x08005435   Thumb Code    26  stm32f4xx_rcc.o(i.RCC_APB1PeriphClockCmd)
    RCC_APB1PeriphResetCmd                   0x08005455   Thumb Code    26  stm32f4xx_rcc.o(i.RCC_APB1PeriphResetCmd)
    RCC_APB2PeriphClockCmd                   0x08005475   Thumb Code    26  stm32f4xx_rcc.o(i.RCC_APB2PeriphClockCmd)
    RCC_GetClocksFreq                        0x08005495   Thumb Code   214  stm32f4xx_rcc.o(i.RCC_GetClocksFreq)
    Read_GPIO                                0x0800557d   Thumb Code    20  information.o(i.Read_GPIO)
    Read_V_real                              0x08005595   Thumb Code    86  information.o(i.Read_V_real)
    SVC_Handler                              0x080055fd   Thumb Code     2  stm32f4xx_it.o(i.SVC_Handler)
    Sensor_Update                            0x080055ff   Thumb Code    62  information.o(i.Sensor_Update)
    SysTick_CLKSourceConfig                  0x08005729   Thumb Code    40  misc.o(i.SysTick_CLKSourceConfig)
    SysTick_Handler                          0x08005751   Thumb Code    24  delay.o(i.SysTick_Handler)
    SystemInit                               0x0800576d   Thumb Code    88  system_stm32f4xx.o(i.SystemInit)
    TIM9_PWM_Init                            0x080057d5   Thumb Code   160  time.o(i.TIM9_PWM_Init)
    TIM_ARRPreloadConfig                     0x0800587d   Thumb Code    24  stm32f4xx_tim.o(i.TIM_ARRPreloadConfig)
    TIM_Cmd                                  0x08005895   Thumb Code    24  stm32f4xx_tim.o(i.TIM_Cmd)
    TIM_OC1Init                              0x080058ad   Thumb Code   114  stm32f4xx_tim.o(i.TIM_OC1Init)
    TIM_OC1PreloadConfig                     0x08005929   Thumb Code    18  stm32f4xx_tim.o(i.TIM_OC1PreloadConfig)
    TIM_OC2Init                              0x0800593d   Thumb Code   154  stm32f4xx_tim.o(i.TIM_OC2Init)
    TIM_OC2PreloadConfig                     0x080059e1   Thumb Code    26  stm32f4xx_tim.o(i.TIM_OC2PreloadConfig)
    TIM_TimeBaseInit                         0x080059fd   Thumb Code   104  stm32f4xx_tim.o(i.TIM_TimeBaseInit)
    TURNPLATE_adjusting                      0x08005a81   Thumb Code    62  task.o(i.TURNPLATE_adjusting)
    UART4_IRQHandler                         0x08005ad1   Thumb Code    46  gyro.o(i.UART4_IRQHandler)
    USART1_IRQHandler                        0x08005b09   Thumb Code   130  usart.o(i.USART1_IRQHandler)
    USART2_IRQHandler                        0x08005b99   Thumb Code   124  usart.o(i.USART2_IRQHandler)
    USART3_IRQHandler                        0x08005c35   Thumb Code   232  global_location.o(i.USART3_IRQHandler)
    USART6_IRQHandler                        0x08005d31   Thumb Code   258  usart.o(i.USART6_IRQHandler)
    USART6_init                              0x08005e49   Thumb Code   164  usart.o(i.USART6_init)
    USART_ClearFlag                          0x08005ef5   Thumb Code    18  stm32f4xx_usart.o(i.USART_ClearFlag)
    USART_ClearITPendingBit                  0x08005f07   Thumb Code    30  stm32f4xx_usart.o(i.USART_ClearITPendingBit)
    USART_Cmd                                0x08005f25   Thumb Code    24  stm32f4xx_usart.o(i.USART_Cmd)
    USART_GetITStatus                        0x08005f3d   Thumb Code    84  stm32f4xx_usart.o(i.USART_GetITStatus)
    USART_ITConfig                           0x08005f91   Thumb Code    74  stm32f4xx_usart.o(i.USART_ITConfig)
    USART_Init                               0x08005fdd   Thumb Code   204  stm32f4xx_usart.o(i.USART_Init)
    USART_ReceiveData                        0x080060b1   Thumb Code    10  stm32f4xx_usart.o(i.USART_ReceiveData)
    Update_Action_gl_position                0x080060bd   Thumb Code   180  global_location.o(i.Update_Action_gl_position)
    Update_Encoder_position                  0x08006181   Thumb Code   144  usart.o(i.Update_Encoder_position)
    UsageFault_Handler                       0x08006231   Thumb Code     4  stm32f4xx_it.o(i.UsageFault_Handler)
    World_4wheels                            0x08006235   Thumb Code  1144  chassis_driver.o(i.World_4wheels)
    __ARM_fpclassify                         0x080066b1   Thumb Code    48  fpclassify.o(i.__ARM_fpclassify)
    __hardfp_cos                             0x080066e1   Thumb Code   180  cos.o(i.__hardfp_cos)
    __hardfp_fmaxf                           0x080067a9   Thumb Code    26  ak80.o(i.__hardfp_fmaxf)
    __hardfp_fminf                           0x080067c3   Thumb Code    26  ak80.o(i.__hardfp_fminf)
    __hardfp_sin                             0x080067e1   Thumb Code   180  sin.o(i.__hardfp_sin)
    __hardfp_sqrt                            0x080068a9   Thumb Code   122  sqrt.o(i.__hardfp_sqrt)
    __ieee754_rem_pio2                       0x08006929   Thumb Code   938  rred.o(i.__ieee754_rem_pio2)
    __kernel_cos                             0x08006d61   Thumb Code   322  cos_i.o(i.__kernel_cos)
    __kernel_poly                            0x08006ed1   Thumb Code   248  poly.o(i.__kernel_poly)
    __kernel_sin                             0x08006fc9   Thumb Code   280  sin_i.o(i.__kernel_sin)
    __mathlib_dbl_infnan                     0x080070f9   Thumb Code    20  dunder.o(i.__mathlib_dbl_infnan)
    __mathlib_dbl_invalid                    0x08007111   Thumb Code    24  dunder.o(i.__mathlib_dbl_invalid)
    __mathlib_dbl_underflow                  0x08007131   Thumb Code    24  dunder.o(i.__mathlib_dbl_underflow)
    _sys_exit                                0x08007151   Thumb Code     4  usart.o(i._sys_exit)
    ad_plan_arm_motor_RPM                    0x08007155   Thumb Code   762  m3508_drive.o(i.ad_plan_arm_motor_RPM)
    ak80_control_cmd                         0x08007455   Thumb Code   114  ak80.o(i.ak80_control_cmd)
    beep_GPIO_init                           0x080074cd   Thumb Code    52  gpio.o(i.beep_GPIO_init)
    bsp_init                                 0x08007505   Thumb Code   208  bsp.o(i.bsp_init)
    can1_CAN1_init                           0x080075d5   Thumb Code   264  can1.o(i.can1_CAN1_init)
    can2_CAN2_init                           0x080076e5   Thumb Code   278  can2.o(i.can2_CAN2_init)
    cd_velocity_adjust                       0x08007805   Thumb Code   272  chassis_driver.o(i.cd_velocity_adjust)
    cs_GPIO_init                             0x08007929   Thumb Code   120  gpio.o(i.cs_GPIO_init)
    cylinder_GPIO_init                       0x080079ad   Thumb Code    60  gpio.o(i.cylinder_GPIO_init)
    cylinder_off                             0x080079ed   Thumb Code    98  gpio.o(i.cylinder_off)
    cylinder_on                              0x08007a55   Thumb Code    98  gpio.o(i.cylinder_on)
    delay_init                               0x08007abd   Thumb Code    76  delay.o(i.delay_init)
    delay_ms                                 0x08007b11   Thumb Code    66  delay.o(i.delay_ms)
    delay_osschedlock                        0x08007b61   Thumb Code     8  delay.o(i.delay_osschedlock)
    delay_osschedunlock                      0x08007b69   Thumb Code     8  delay.o(i.delay_osschedunlock)
    delay_ostimedly                          0x08007b71   Thumb Code    12  delay.o(i.delay_ostimedly)
    delay_us                                 0x08007b7d   Thumb Code    84  delay.o(i.delay_us)
    fabs                                     0x08007bd5   Thumb Code    24  fabs.o(i.fabs)
    float_to_uint                            0x08007bed   Thumb Code    50  ak80.o(i.float_to_uint)
    fputc                                    0x08007c21   Thumb Code    22  usart.o(i.fputc)
    gyro_UART4_init                          0x08007c3d   Thumb Code   172  gyro.o(i.gyro_UART4_init)
    gyro_processing_gyro_data                0x08007cf1   Thumb Code    76  gyro.o(i.gyro_processing_gyro_data)
    ls_GPIO_init                             0x08007d49   Thumb Code   122  gpio.o(i.ls_GPIO_init)
    m2006_TURN_MOTOR_angle_integral          0x08007dd1   Thumb Code   344  m3508.o(i.m2006_TURN_MOTOR_angle_integral)
    m2006_send_motor_currents                0x08007f3d   Thumb Code   104  m3508.o(i.m2006_send_motor_currents)
    m3508_ARM_angle_integral                 0x08007fad   Thumb Code   344  m3508.o(i.m3508_ARM_angle_integral)
    m3508_motor_init                         0x08008119   Thumb Code   250  m3508.o(i.m3508_motor_init)
    m3508_send_motor_currents                0x08008249   Thumb Code    74  m3508.o(i.m3508_send_motor_currents)
    m3508_update_m3508_info                  0x080082a1   Thumb Code   344  m3508.o(i.m3508_update_m3508_info)
    main                                     0x08008409   Thumb Code    26  main.o(i.main)
    moving_init                              0x0800842d   Thumb Code    64  moving.o(i.moving_init)
    moving_point_track                       0x08008491   Thumb Code   176  moving.o(i.moving_point_track)
    moving_task                              0x0800854d   Thumb Code   772  moving.o(i.moving_task)
    moving_yaw_adjusting                     0x080088b5   Thumb Code   182  moving.o(i.moving_yaw_adjusting)
    pass_ball_task                           0x08008981   Thumb Code    18  task.o(i.pass_ball_task)
    point_follow                             0x08008995   Thumb Code   832  moving.o(i.point_follow)
    romote_action_task                       0x08008ce5   Thumb Code   616  task.o(i.romote_action_task)
    shoot_ball_task                          0x08008f75   Thumb Code   630  task.o(i.shoot_ball_task)
    start_task                               0x08009259   Thumb Code   116  task.o(i.start_task)
    uart_init                                0x08009305   Thumb Code   164  usart.o(i.uart_init)
    uint_to_float                            0x080093b1   Thumb Code    52  ak80.o(i.uint_to_float)
    _get_lc_numeric                          0x080093e5   Thumb Code    44  lc_numeric_c.o(locale$$code)
    __aeabi_dneg                             0x08009411   Thumb Code     0  basic.o(x$fpl$basic)
    _dneg                                    0x08009411   Thumb Code     6  basic.o(x$fpl$basic)
    __aeabi_fneg                             0x08009417   Thumb Code     0  basic.o(x$fpl$basic)
    _fneg                                    0x08009417   Thumb Code     6  basic.o(x$fpl$basic)
    _dabs                                    0x0800941d   Thumb Code     6  basic.o(x$fpl$basic)
    _fabs                                    0x08009423   Thumb Code     6  basic.o(x$fpl$basic)
    __aeabi_d2f                              0x08009429   Thumb Code     0  d2f.o(x$fpl$d2f)
    _d2f                                     0x08009429   Thumb Code    98  d2f.o(x$fpl$d2f)
    __aeabi_dadd                             0x0800948d   Thumb Code     0  daddsub_clz.o(x$fpl$dadd)
    _dadd                                    0x0800948d   Thumb Code   332  daddsub_clz.o(x$fpl$dadd)
    __fpl_dcmp_Inf                           0x080095dd   Thumb Code    24  dcmpi.o(x$fpl$dcmpinf)
    __aeabi_ddiv                             0x080095f5   Thumb Code     0  ddiv.o(x$fpl$ddiv)
    _ddiv                                    0x080095f5   Thumb Code   552  ddiv.o(x$fpl$ddiv)
    __aeabi_d2iz                             0x080098a5   Thumb Code     0  dfix.o(x$fpl$dfix)
    _dfix                                    0x080098a5   Thumb Code    94  dfix.o(x$fpl$dfix)
    __aeabi_i2d                              0x08009903   Thumb Code     0  dflt_clz.o(x$fpl$dflt)
    _dflt                                    0x08009903   Thumb Code    46  dflt_clz.o(x$fpl$dflt)
    __aeabi_ui2d                             0x08009931   Thumb Code     0  dflt_clz.o(x$fpl$dfltu)
    _dfltu                                   0x08009931   Thumb Code    38  dflt_clz.o(x$fpl$dfltu)
    __aeabi_cdcmple                          0x08009959   Thumb Code     0  dleqf.o(x$fpl$dleqf)
    _dcmple                                  0x08009959   Thumb Code   120  dleqf.o(x$fpl$dleqf)
    __fpl_dcmple_InfNaN                      0x080099bb   Thumb Code     0  dleqf.o(x$fpl$dleqf)
    __aeabi_dmul                             0x080099d1   Thumb Code     0  dmul.o(x$fpl$dmul)
    _dmul                                    0x080099d1   Thumb Code   332  dmul.o(x$fpl$dmul)
    __fpl_dnaninf                            0x08009b25   Thumb Code   156  dnaninf.o(x$fpl$dnaninf)
    __fpl_dretinf                            0x08009bc1   Thumb Code    12  dretinf.o(x$fpl$dretinf)
    __aeabi_cdrcmple                         0x08009bcd   Thumb Code     0  drleqf.o(x$fpl$drleqf)
    _drcmple                                 0x08009bcd   Thumb Code   108  drleqf.o(x$fpl$drleqf)
    __aeabi_drsub                            0x08009c39   Thumb Code     0  daddsub_clz.o(x$fpl$drsb)
    _drsb                                    0x08009c39   Thumb Code    22  daddsub_clz.o(x$fpl$drsb)
    _dsqrt                                   0x08009c51   Thumb Code   404  dsqrt_umaal.o(x$fpl$dsqrt)
    __aeabi_dsub                             0x08009de9   Thumb Code     0  daddsub_clz.o(x$fpl$dsub)
    _dsub                                    0x08009de9   Thumb Code   464  daddsub_clz.o(x$fpl$dsub)
    __aeabi_f2d                              0x08009fbd   Thumb Code     0  f2d.o(x$fpl$f2d)
    _f2d                                     0x08009fbd   Thumb Code    86  f2d.o(x$fpl$f2d)
    __fpl_fnaninf                            0x0800a013   Thumb Code   140  fnaninf.o(x$fpl$fnaninf)
    _fp_init                                 0x0800a09f   Thumb Code    10  fpinit.o(x$fpl$fpinit)
    __fplib_config_fpu_vfp                   0x0800a0a7   Thumb Code     0  fpinit.o(x$fpl$fpinit)
    __fplib_config_pureend_doubles           0x0800a0a7   Thumb Code     0  fpinit.o(x$fpl$fpinit)
    __fpl_fretinf                            0x0800a0a9   Thumb Code    10  fretinf.o(x$fpl$fretinf)
    _printf_fp_dec                           0x0800a0b3   Thumb Code     4  printf1.o(x$fpl$printf1)
    OSUnMapTbl                               0x0800a0b6   Data         256  os_core.o(.constdata)
    __I$use$fp                               0x0800a0b6   Number         0  usenofp.o(x$fpl$usenofp)
    Region$$Table$$Base                      0x0800a36c   Number         0  anon$$obj.o(Region$$Table)
    Region$$Table$$Limit                     0x0800a38c   Number         0  anon$$obj.o(Region$$Table)
    ROBOT                                    0x20000000   Data           7  robot.o(.data)
    INIT_POS                                 0x20000008   Data           4  robot.o(.data)
    INIT_X                                   0x2000000c   Data           4  robot.o(.data)
    INIT_Y                                   0x20000010   Data           4  robot.o(.data)
    GYRO_ANGLE                               0x20000014   Data           8  gyro.o(.data)
    ARM_TURN_MOTOR_TARGET_RPM                0x2000001e   Data           2  m3508.o(.data)
    TURN_MOTOR_TARGET_RPM                    0x20000020   Data           2  m3508.o(.data)
    __stdout                                 0x20000044   Data           4  usart.o(.data)
    USART_RX_STA                             0x20000048   Data           2  usart.o(.data)
    Uart6_Rx                                 0x2000004c   Data           4  usart.o(.data)
    USART2_Rx                                0x20000050   Data           4  usart.o(.data)
    RES_2                                    0x20000054   Data           1  usart.o(.data)
    OSCtxSwCtr                               0x20000060   Data           4  os_core.o(.data)
    OSEventFreeList                          0x20000064   Data           4  os_core.o(.data)
    OSFlagFreeList                           0x20000068   Data           4  os_core.o(.data)
    OSCPUUsage                               0x2000006c   Data           1  os_core.o(.data)
    OSIdleCtrMax                             0x20000070   Data           4  os_core.o(.data)
    OSIdleCtrRun                             0x20000074   Data           4  os_core.o(.data)
    OSStatRdy                                0x20000078   Data           1  os_core.o(.data)
    OSIntNesting                             0x20000079   Data           1  os_core.o(.data)
    OSLockNesting                            0x2000007a   Data           1  os_core.o(.data)
    OSPrioCur                                0x2000007b   Data           1  os_core.o(.data)
    OSPrioHighRdy                            0x2000007c   Data           1  os_core.o(.data)
    OSRdyGrp                                 0x2000007d   Data           1  os_core.o(.data)
    OSRdyTbl                                 0x2000007e   Data           8  os_core.o(.data)
    OSRunning                                0x20000086   Data           1  os_core.o(.data)
    OSTaskCtr                                0x20000087   Data           1  os_core.o(.data)
    OSIdleCtr                                0x20000088   Data           4  os_core.o(.data)
    OSTCBCur                                 0x2000008c   Data           4  os_core.o(.data)
    OSTCBFreeList                            0x20000090   Data           4  os_core.o(.data)
    OSTCBHighRdy                             0x20000094   Data           4  os_core.o(.data)
    OSTCBList                                0x20000098   Data           4  os_core.o(.data)
    OSTickStepState                          0x2000009c   Data           1  os_core.o(.data)
    OSQFreeList                              0x200000a0   Data           4  os_core.o(.data)
    OSTime                                   0x200000a4   Data           4  os_core.o(.data)
    OFFSET_YAW                               0x200000a8   Data           4  global_location.o(.data)
    SELF_GL_YAW_INIT_VALUE                   0x200000ac   Data           4  global_location.o(.data)
    PS2_LX                                   0x200000b4   Data           4  pstwo.o(.data)
    PS2_LY                                   0x200000b8   Data           4  pstwo.o(.data)
    PS2_RX                                   0x200000bc   Data           4  pstwo.o(.data)
    PS2_RY                                   0x200000c0   Data           4  pstwo.o(.data)
    PS2_KEY                                  0x200000c4   Data           4  pstwo.o(.data)
    PS2                                      0x200000c8   Data           4  pstwo.o(.data)
    Handkey                                  0x200000cc   Data           2  pstwo.o(.data)
    Comd                                     0x200000ce   Data           2  pstwo.o(.data)
    MASK                                     0x200000d0   Data          32  pstwo.o(.data)
    ARM_NOW_MOTION                           0x200000f0   Data           4  m3508_drive.o(.data)
    ARM_RESET_MOTION                         0x200000f4   Data          28  m3508_drive.o(.data)
    ARM_SHOOT_MOTION                         0x20000110   Data          28  m3508_drive.o(.data)
    ARM_SHOOT_MOTION2                        0x2000012c   Data          28  m3508_drive.o(.data)
    ARM_SHOOT_2_MOTION                       0x20000148   Data          28  m3508_drive.o(.data)
    NOW_PATH                                 0x20000168   Data           4  moving.o(.data)
    Path_Contorl                             0x20000170   Data          24  moving.o(.data)
    YAW_OUTPUTMAX_CONTROLLER                 0x20000188   Data           4  moving.o(.data)
    motion_t                                 0x2000018c   Data           4  moving.o(.data)
    X                                        0x200001a0   Data          52  task.o(.data)
    Y                                        0x200001d4   Data          52  task.o(.data)
    X1                                       0x20000208   Data          52  task.o(.data)
    Y1                                       0x2000023c   Data          52  task.o(.data)
    X2                                       0x20000270   Data          52  task.o(.data)
    Y2                                       0x200002a4   Data          52  task.o(.data)
    X3                                       0x200002d8   Data          52  task.o(.data)
    Y3                                       0x2000030c   Data          52  task.o(.data)
    X4                                       0x20000340   Data          52  task.o(.data)
    Y4                                       0x20000374   Data          52  task.o(.data)
    M3508_CHASSIS_MOTOR_REAL_INFO            0x20007cb4   Data          48  m3508.o(.bss)
    M3508_ARM_MOTOR_REAL_INFO                0x20007ce4   Data          12  m3508.o(.bss)
    GM6020_TURN_MOTOR_REAL_INFO              0x20007cf0   Data          12  m3508.o(.bss)
    M2006_TURN_MOTOR_REAL_INFO               0x20007cfc   Data          12  m3508.o(.bss)
    M3508_ARM_MOTOR_PID_RPM                  0x20007d08   Data          56  m3508.o(.bss)
    GM6020_TURN_MOTOR_PID_RPM                0x20007d40   Data          56  m3508.o(.bss)
    M2006_TURN_MOTOR_PID_POS                 0x20007d78   Data          56  m3508.o(.bss)
    M3508_CHASSIS_MOTOR_PID_RPM              0x20007db0   Data         224  m3508.o(.bss)
    M2006_TURN_MOTOR_PID_RPM                 0x20007e90   Data          56  m3508.o(.bss)
    AK80_MOTOR_REAL_INFO                     0x20007ec8   Data          28  ak80.o(.bss)
    bldc_motor                               0x20007ee4   Data         104  a80.o(.bss)
    bldc_motor_iq                            0x20007f4c   Data         104  a80.o(.bss)
    USART_RX_BUF                             0x20007fb4   Data         200  usart.o(.bss)
    Uart6_Buffer                             0x2000807c   Data          18  usart.o(.bss)
    USART2_Buffer                            0x2000808e   Data          18  usart.o(.bss)
    ENCODER_DATA                             0x200080a0   Data          28  usart.o(.bss)
    OSEventTbl                               0x200080d4   Data         200  os_core.o(.bss)
    OSFlagTbl                                0x2000819c   Data          80  os_core.o(.bss)
    OSTaskStatStk                            0x200081ec   Data         512  os_core.o(.bss)
    OSTaskIdleStk                            0x200083ec   Data         512  os_core.o(.bss)
    OSTCBPrioTbl                             0x200085ec   Data         256  os_core.o(.bss)
    OSTCBTbl                                 0x200086ec   Data        1008  os_core.o(.bss)
    OSQTbl                                   0x20008adc   Data         120  os_core.o(.bss)
    CHASSIS_MOTOR_RPM_DATA                   0x20008b54   Data          16  chassis_driver.o(.bss)
    ROBOT_TARGET_VELOCITY_DATA               0x20008b64   Data          24  chassis_driver.o(.bss)
    ROBOT_REAL_POS_DATA                      0x20008b7c   Data          12  global_location.o(.bss)
    ACTION_GL_POS_DATA                       0x20008b88   Data          40  global_location.o(.bss)
    Data                                     0x20008bc8   Data           9  pstwo.o(.bss)
    ARM_HOLD_MOTION                          0x20008bd4   Data          28  m3508_drive.o(.bss)
    robot                                    0x20008bf0   Data          16  moving.o(.bss)
    point_pid                                0x20008c00   Data          56  moving.o(.bss)
    yaw_pid                                  0x20008c38   Data          56  moving.o(.bss)
    Sensor                                   0x20008c70   Data          56  information.o(.bss)
    __libspace_start                         0x200104a8   Data          96  libspace.o(.bss)
    __temporary_stack_top$libspace           0x20010508   Data           0  libspace.o(.bss)



==============================================================================

Memory Map of the image

  Image Entry point : 0x08000189

  Load Region LR_IROM1 (Base: 0x08000000, Size: 0x0000a760, Max: 0x00100000, ABSOLUTE, COMPRESSED[0x0000a524])

    Execution Region ER_IROM1 (Exec base: 0x08000000, Load base: 0x08000000, Size: 0x0000a3a8, Max: 0x00100000, ABSOLUTE)

    Exec Addr    Load Addr    Size         Type   Attr      Idx    E Section Name        Object

    0x08000000   0x08000000   0x00000188   Data   RO          947    RESET               startup_stm32f40_41xxx.o
    0x08000188   0x08000188   0x00000008   Code   RO         4596  * !!!main             c_w.l(__main.o)
    0x08000190   0x08000190   0x00000034   Code   RO         4953    !!!scatter          c_w.l(__scatter.o)
    0x080001c4   0x080001c4   0x0000005a   Code   RO         4951    !!dczerorl2         c_w.l(__dczerorl2.o)
    0x0800021e   0x0800021e   0x00000002   PAD
    0x08000220   0x08000220   0x0000001c   Code   RO         4955    !!handler_zi        c_w.l(__scatter_zi.o)
    0x0800023c   0x0800023c   0x00000000   Code   RO         4593    .ARM.Collect$$_printf_percent$$00000000  c_w.l(_printf_percent.o)
    0x0800023c   0x0800023c   0x00000006   Code   RO         4592    .ARM.Collect$$_printf_percent$$00000003  c_w.l(_printf_f.o)
    0x08000242   0x08000242   0x00000006   Code   RO         4591    .ARM.Collect$$_printf_percent$$00000009  c_w.l(_printf_d.o)
    0x08000248   0x08000248   0x00000006   Code   RO         4590    .ARM.Collect$$_printf_percent$$00000014  c_w.l(_printf_s.o)
    0x0800024e   0x0800024e   0x00000004   Code   RO         4687    .ARM.Collect$$_printf_percent$$00000017  c_w.l(_printf_percent_end.o)
    0x08000252   0x08000252   0x00000002   Code   RO         4828    .ARM.Collect$$libinit$$00000000  c_w.l(libinit.o)
    0x08000254   0x08000254   0x00000004   Code   RO         4829    .ARM.Collect$$libinit$$00000001  c_w.l(libinit2.o)
    0x08000258   0x08000258   0x00000000   Code   RO         4832    .ARM.Collect$$libinit$$00000004  c_w.l(libinit2.o)
    0x08000258   0x08000258   0x00000000   Code   RO         4835    .ARM.Collect$$libinit$$0000000A  c_w.l(libinit2.o)
    0x08000258   0x08000258   0x00000000   Code   RO         4837    .ARM.Collect$$libinit$$0000000C  c_w.l(libinit2.o)
    0x08000258   0x08000258   0x00000000   Code   RO         4839    .ARM.Collect$$libinit$$0000000E  c_w.l(libinit2.o)
    0x08000258   0x08000258   0x00000006   Code   RO         4840    .ARM.Collect$$libinit$$0000000F  c_w.l(libinit2.o)
    0x0800025e   0x0800025e   0x00000000   Code   RO         4842    .ARM.Collect$$libinit$$00000011  c_w.l(libinit2.o)
    0x0800025e   0x0800025e   0x00000000   Code   RO         4844    .ARM.Collect$$libinit$$00000013  c_w.l(libinit2.o)
    0x0800025e   0x0800025e   0x00000000   Code   RO         4846    .ARM.Collect$$libinit$$00000015  c_w.l(libinit2.o)
    0x0800025e   0x0800025e   0x0000000a   Code   RO         4847    .ARM.Collect$$libinit$$00000016  c_w.l(libinit2.o)
    0x08000268   0x08000268   0x00000000   Code   RO         4848    .ARM.Collect$$libinit$$00000017  c_w.l(libinit2.o)
    0x08000268   0x08000268   0x00000000   Code   RO         4850    .ARM.Collect$$libinit$$00000019  c_w.l(libinit2.o)
    0x08000268   0x08000268   0x00000000   Code   RO         4852    .ARM.Collect$$libinit$$0000001B  c_w.l(libinit2.o)
    0x08000268   0x08000268   0x00000000   Code   RO         4854    .ARM.Collect$$libinit$$0000001D  c_w.l(libinit2.o)
    0x08000268   0x08000268   0x00000000   Code   RO         4856    .ARM.Collect$$libinit$$0000001F  c_w.l(libinit2.o)
    0x08000268   0x08000268   0x00000000   Code   RO         4858    .ARM.Collect$$libinit$$00000021  c_w.l(libinit2.o)
    0x08000268   0x08000268   0x00000000   Code   RO         4860    .ARM.Collect$$libinit$$00000023  c_w.l(libinit2.o)
    0x08000268   0x08000268   0x00000000   Code   RO         4862    .ARM.Collect$$libinit$$00000025  c_w.l(libinit2.o)
    0x08000268   0x08000268   0x00000000   Code   RO         4866    .ARM.Collect$$libinit$$0000002C  c_w.l(libinit2.o)
    0x08000268   0x08000268   0x00000000   Code   RO         4868    .ARM.Collect$$libinit$$0000002E  c_w.l(libinit2.o)
    0x08000268   0x08000268   0x00000000   Code   RO         4870    .ARM.Collect$$libinit$$00000030  c_w.l(libinit2.o)
    0x08000268   0x08000268   0x00000000   Code   RO         4872    .ARM.Collect$$libinit$$00000032  c_w.l(libinit2.o)
    0x08000268   0x08000268   0x00000002   Code   RO         4873    .ARM.Collect$$libinit$$00000033  c_w.l(libinit2.o)
    0x0800026a   0x0800026a   0x00000002   Code   RO         4901    .ARM.Collect$$libshutdown$$00000000  c_w.l(libshutdown.o)
    0x0800026c   0x0800026c   0x00000000   Code   RO         4910    .ARM.Collect$$libshutdown$$00000002  c_w.l(libshutdown2.o)
    0x0800026c   0x0800026c   0x00000000   Code   RO         4912    .ARM.Collect$$libshutdown$$00000004  c_w.l(libshutdown2.o)
    0x0800026c   0x0800026c   0x00000000   Code   RO         4915    .ARM.Collect$$libshutdown$$00000007  c_w.l(libshutdown2.o)
    0x0800026c   0x0800026c   0x00000000   Code   RO         4918    .ARM.Collect$$libshutdown$$0000000A  c_w.l(libshutdown2.o)
    0x0800026c   0x0800026c   0x00000000   Code   RO         4920    .ARM.Collect$$libshutdown$$0000000C  c_w.l(libshutdown2.o)
    0x0800026c   0x0800026c   0x00000000   Code   RO         4923    .ARM.Collect$$libshutdown$$0000000F  c_w.l(libshutdown2.o)
    0x0800026c   0x0800026c   0x00000002   Code   RO         4924    .ARM.Collect$$libshutdown$$00000010  c_w.l(libshutdown2.o)
    0x0800026e   0x0800026e   0x00000000   Code   RO         4676    .ARM.Collect$$rtentry$$00000000  c_w.l(__rtentry.o)
    0x0800026e   0x0800026e   0x00000000   Code   RO         4740    .ARM.Collect$$rtentry$$00000002  c_w.l(__rtentry2.o)
    0x0800026e   0x0800026e   0x00000006   Code   RO         4752    .ARM.Collect$$rtentry$$00000004  c_w.l(__rtentry4.o)
    0x08000274   0x08000274   0x00000000   Code   RO         4742    .ARM.Collect$$rtentry$$00000009  c_w.l(__rtentry2.o)
    0x08000274   0x08000274   0x00000004   Code   RO         4743    .ARM.Collect$$rtentry$$0000000A  c_w.l(__rtentry2.o)
    0x08000278   0x08000278   0x00000000   Code   RO         4745    .ARM.Collect$$rtentry$$0000000C  c_w.l(__rtentry2.o)
    0x08000278   0x08000278   0x00000008   Code   RO         4746    .ARM.Collect$$rtentry$$0000000D  c_w.l(__rtentry2.o)
    0x08000280   0x08000280   0x00000002   Code   RO         4874    .ARM.Collect$$rtexit$$00000000  c_w.l(rtexit.o)
    0x08000282   0x08000282   0x00000000   Code   RO         4881    .ARM.Collect$$rtexit$$00000002  c_w.l(rtexit2.o)
    0x08000282   0x08000282   0x00000004   Code   RO         4882    .ARM.Collect$$rtexit$$00000003  c_w.l(rtexit2.o)
    0x08000286   0x08000286   0x00000006   Code   RO         4883    .ARM.Collect$$rtexit$$00000004  c_w.l(rtexit2.o)
    0x0800028c   0x0800028c   0x00000040   Code   RO          948    .text               startup_stm32f40_41xxx.o
    0x080002cc   0x080002cc   0x000000c8   Code   RO         3964    .text               os_cpu_a.o
    0x08000394   0x08000394   0x00000002   Code   RO         4558    .text               c_w.l(use_no_semi_2.o)
    0x08000396   0x08000396   0x00000002   PAD
    0x08000398   0x08000398   0x00000018   Code   RO         4562    .text               c_w.l(noretval__2printf.o)
    0x080003b0   0x080003b0   0x00000068   Code   RO         4564    .text               c_w.l(__printf.o)
    0x08000418   0x08000418   0x00000052   Code   RO         4566    .text               c_w.l(_printf_str.o)
    0x0800046a   0x0800046a   0x00000002   PAD
    0x0800046c   0x0800046c   0x00000078   Code   RO         4568    .text               c_w.l(_printf_dec.o)
    0x080004e4   0x080004e4   0x00000006   Code   RO         4594    .text               c_w.l(heapauxi.o)
    0x080004ea   0x080004ea   0x00000002   Code   RO         4674    .text               c_w.l(use_no_semi.o)
    0x080004ec   0x080004ec   0x00000016   Code   RO         4677    .text               c_w.l(_rserrno.o)
    0x08000502   0x08000502   0x000000b2   Code   RO         4679    .text               c_w.l(_printf_intcommon.o)
    0x080005b4   0x080005b4   0x0000041a   Code   RO         4681    .text               c_w.l(_printf_fp_dec.o)
    0x080009ce   0x080009ce   0x0000002c   Code   RO         4683    .text               c_w.l(_printf_char.o)
    0x080009fa   0x080009fa   0x00000002   PAD
    0x080009fc   0x080009fc   0x00000024   Code   RO         4685    .text               c_w.l(_printf_char_file.o)
    0x08000a20   0x08000a20   0x00000008   Code   RO         4757    .text               c_w.l(rt_locale_intlibspace.o)
    0x08000a28   0x08000a28   0x00000008   Code   RO         4762    .text               c_w.l(rt_errno_addr_intlibspace.o)
    0x08000a30   0x08000a30   0x0000008a   Code   RO         4764    .text               c_w.l(lludiv10.o)
    0x08000aba   0x08000aba   0x00000002   PAD
    0x08000abc   0x08000abc   0x00000030   Code   RO         4766    .text               c_w.l(_printf_char_common.o)
    0x08000aec   0x08000aec   0x00000080   Code   RO         4768    .text               c_w.l(_printf_fp_infnan.o)
    0x08000b6c   0x08000b6c   0x000000dc   Code   RO         4770    .text               c_w.l(bigflt0.o)
    0x08000c48   0x08000c48   0x00000008   Code   RO         4795    .text               c_w.l(ferror.o)
    0x08000c50   0x08000c50   0x00000008   Code   RO         4812    .text               c_w.l(libspace.o)
    0x08000c58   0x08000c58   0x0000004a   Code   RO         4815    .text               c_w.l(sys_stackheap_outer.o)
    0x08000ca2   0x08000ca2   0x00000012   Code   RO         4819    .text               c_w.l(exit.o)
    0x08000cb4   0x08000cb4   0x00000080   Code   RO         4821    .text               c_w.l(strcmpv7m.o)
    0x08000d34   0x08000d34   0x0000003e   Code   RO         4773    CL$$btod_d2e        c_w.l(btod.o)
    0x08000d72   0x08000d72   0x00000046   Code   RO         4775    CL$$btod_d2e_denorm_low  c_w.l(btod.o)
    0x08000db8   0x08000db8   0x00000060   Code   RO         4774    CL$$btod_d2e_norm_op1  c_w.l(btod.o)
    0x08000e18   0x08000e18   0x00000338   Code   RO         4783    CL$$btod_div_common  c_w.l(btod.o)
    0x08001150   0x08001150   0x000000c6   Code   RO         4780    CL$$btod_e2e        c_w.l(btod.o)
    0x08001216   0x08001216   0x00000028   Code   RO         4777    CL$$btod_ediv       c_w.l(btod.o)
    0x0800123e   0x0800123e   0x00000028   Code   RO         4776    CL$$btod_emul       c_w.l(btod.o)
    0x08001266   0x08001266   0x00000244   Code   RO         4782    CL$$btod_mult_common  c_w.l(btod.o)
    0x080014aa   0x080014aa   0x0000000a   Code   RO         1842    i.ADC_ClearITPendingBit  stm32f4xx_adc.o
    0x080014b4   0x080014b4   0x00000026   Code   RO         1857    i.ADC_GetITStatus   stm32f4xx_adc.o
    0x080014da   0x080014da   0x00000002   PAD
    0x080014dc   0x080014dc   0x00000020   Code   RO          432    i.ADC_IRQHandler    adc.o
    0x080014fc   0x080014fc   0x00000200   Code   RO          810    i.AK80_motion_control  ak80.o
    0x080016fc   0x080016fc   0x00000080   Code   RO          811    i.AK80_update_info  ak80.o
    0x0800177c   0x0800177c   0x0000006c   Code   RO         4466    i.ARM_RESET         task.o
    0x080017e8   0x080017e8   0x000000b0   Code   RO         3161    i.Action_Uart_init  usart.o
    0x08001898   0x08001898   0x00000084   Code   RO         4303    i.AngleLimit        moving.o
    0x0800191c   0x0800191c   0x00000004   Code   RO          264    i.BusFault_Handler  stm32f4xx_it.o
    0x08001920   0x08001920   0x00000034   Code   RO          464    i.CAN1_RX0_IRQHandler  can1.o
    0x08001954   0x08001954   0x0000001c   Code   RO          465    i.CAN1_TX_IRQHandler  can1.o
    0x08001970   0x08001970   0x00000048   Code   RO          496    i.CAN2_RX0_IRQHandler  can2.o
    0x080019b8   0x080019b8   0x0000001c   Code   RO          497    i.CAN2_TX_IRQHandler  can2.o
    0x080019d4   0x080019d4   0x000000a8   Code   RO         1676    i.CAN_ClearITPendingBit  stm32f4xx_can.o
    0x08001a7c   0x08001a7c   0x00000038   Code   RO         1678    i.CAN_DeInit        stm32f4xx_can.o
    0x08001ab4   0x08001ab4   0x00000108   Code   RO         1680    i.CAN_FilterInit    stm32f4xx_can.o
    0x08001bbc   0x08001bbc   0x00000120   Code   RO         1682    i.CAN_GetITStatus   stm32f4xx_can.o
    0x08001cdc   0x08001cdc   0x00000012   Code   RO         1686    i.CAN_ITConfig      stm32f4xx_can.o
    0x08001cee   0x08001cee   0x00000114   Code   RO         1687    i.CAN_Init          stm32f4xx_can.o
    0x08001e02   0x08001e02   0x000000f0   Code   RO         1690    i.CAN_Receive       stm32f4xx_can.o
    0x08001ef2   0x08001ef2   0x00000020   Code   RO         1693    i.CAN_StructInit    stm32f4xx_can.o
    0x08001f12   0x08001f12   0x00000126   Code   RO         1695    i.CAN_Transmit      stm32f4xx_can.o
    0x08002038   0x08002038   0x00000012   Code   RO         1698    i.CheckITStatus     stm32f4xx_can.o
    0x0800204a   0x0800204a   0x00000002   PAD
    0x0800204c   0x0800204c   0x00000050   Code   RO         4467    i.DELAY_ms          task.o
    0x0800209c   0x0800209c   0x00000002   Code   RO          265    i.DebugMon_Handler  stm32f4xx_it.o
    0x0800209e   0x0800209e   0x0000000a   Code   RO         4538    i.Debug_by_UART     debug.o
    0x080020a8   0x080020a8   0x000009d4   Code   RO          386    i.FSM_RUN           robot.o
    0x08002a7c   0x08002a7c   0x00000098   Code   RO          730    i.GET_GPIO_KEY      gpio.o
    0x08002b14   0x08002b14   0x00000090   Code   RO          999    i.GPIO_Init         stm32f4xx_gpio.o
    0x08002ba4   0x08002ba4   0x00000046   Code   RO         1000    i.GPIO_PinAFConfig  stm32f4xx_gpio.o
    0x08002bea   0x08002bea   0x00000004   Code   RO         1006    i.GPIO_ResetBits    stm32f4xx_gpio.o
    0x08002bee   0x08002bee   0x00000004   Code   RO         1007    i.GPIO_SetBits      stm32f4xx_gpio.o
    0x08002bf2   0x08002bf2   0x00000002   PAD
    0x08002bf4   0x08002bf4   0x00000194   Code   RO          873    i.Get_Encoder_Estimates_Rx  a80.o
    0x08002d88   0x08002d88   0x000000bc   Code   RO          731    i.Get_GPIO_limit    gpio.o
    0x08002e44   0x08002e44   0x00000190   Code   RO          875    i.Get_IQ_Rx         a80.o
    0x08002fd4   0x08002fd4   0x00000010   Code   RO         4398    i.Get_KEY           information.o
    0x08002fe4   0x08002fe4   0x0000002c   Code   RO         3079    i.Get_OSTime        delay.o
    0x08003010   0x08003010   0x00000010   Code   RO         4399    i.Get_limit         information.o
    0x08003020   0x08003020   0x00000004   Code   RO          266    i.HardFault_Handler  stm32f4xx_it.o
    0x08003024   0x08003024   0x00000724   Code   RO         4468    i.KICK_control      task.o
    0x08003748   0x08003748   0x00000030   Code   RO          732    i.Key_GPIO_Init     gpio.o
    0x08003778   0x08003778   0x000000c0   Code   RO          686    i.Launch_Motor_init  time.o
    0x08003838   0x08003838   0x0000004c   Code   RO         4102    i.Location_init     global_location.o
    0x08003884   0x08003884   0x0000004c   Code   RO         4253    i.M2006_turnplate_motion_control  m3508_drive.o
    0x080038d0   0x080038d0   0x00000074   Code   RO         4254    i.M3508_arm_motor_motion_control  m3508_drive.o
    0x08003944   0x08003944   0x00000004   Code   RO          267    i.MemManage_Handler  stm32f4xx_it.o
    0x08003948   0x08003948   0x0000001e   Code   RO         4255    i.Motor_motion_control  m3508_drive.o
    0x08003966   0x08003966   0x00000002   Code   RO          268    i.NMI_Handler       stm32f4xx_it.o
    0x08003968   0x08003968   0x00000078   Code   RO          954    i.NVIC_Init         misc.o
    0x080039e0   0x080039e0   0x00000014   Code   RO          955    i.NVIC_PriorityGroupConfig  misc.o
    0x080039f4   0x080039f4   0x0000002c   Code   RO         3252    i.OSInit            os_core.o
    0x08003a20   0x08003a20   0x00000002   Code   RO         3969    i.OSInitHookBegin   os_cpu_c.o
    0x08003a22   0x08003a22   0x00000002   Code   RO         3970    i.OSInitHookEnd     os_cpu_c.o
    0x08003a24   0x08003a24   0x00000024   Code   RO         3253    i.OSIntEnter        os_core.o
    0x08003a48   0x08003a48   0x00000090   Code   RO         3254    i.OSIntExit         os_core.o
    0x08003ad8   0x08003ad8   0x00000040   Code   RO         3255    i.OSSchedLock       os_core.o
    0x08003b18   0x08003b18   0x00000060   Code   RO         3256    i.OSSchedUnlock     os_core.o
    0x08003b78   0x08003b78   0x00000048   Code   RO         3257    i.OSStart           os_core.o
    0x08003bc0   0x08003bc0   0x00000002   Code   RO         3971    i.OSTCBInitHook     os_cpu_c.o
    0x08003bc2   0x08003bc2   0x00000002   PAD
    0x08003bc4   0x08003bc4   0x000000a0   Code   RO         3805    i.OSTaskCreate      os_task.o
    0x08003c64   0x08003c64   0x000000b8   Code   RO         3806    i.OSTaskCreateExt   os_task.o
    0x08003d1c   0x08003d1c   0x00000002   Code   RO         3972    i.OSTaskCreateHook  os_cpu_c.o
    0x08003d1e   0x08003d1e   0x00000002   PAD
    0x08003d20   0x08003d20   0x00000154   Code   RO         3807    i.OSTaskDel         os_task.o
    0x08003e74   0x08003e74   0x00000002   Code   RO         3973    i.OSTaskDelHook     os_cpu_c.o
    0x08003e76   0x08003e76   0x00000002   Code   RO         3974    i.OSTaskIdleHook    os_cpu_c.o
    0x08003e78   0x08003e78   0x00000070   Code   RO         3810    i.OSTaskNameSet     os_task.o
    0x08003ee8   0x08003ee8   0x00000002   Code   RO         3975    i.OSTaskReturnHook  os_cpu_c.o
    0x08003eea   0x08003eea   0x00000002   Code   RO         3976    i.OSTaskStatHook    os_cpu_c.o
    0x08003eec   0x08003eec   0x0000008c   Code   RO         3815    i.OSTaskStkChk      os_task.o
    0x08003f78   0x08003f78   0x000001b0   Code   RO         3977    i.OSTaskStkInit     os_cpu_c.o
    0x08004128   0x08004128   0x000000a8   Code   RO         3816    i.OSTaskSuspend     os_task.o
    0x080041d0   0x080041d0   0x00000002   Code   RO         3978    i.OSTaskSwHook      os_cpu_c.o
    0x080041d2   0x080041d2   0x00000002   PAD
    0x080041d4   0x080041d4   0x00000078   Code   RO         3908    i.OSTimeDly         os_time.o
    0x0800424c   0x0800424c   0x00000060   Code   RO         3909    i.OSTimeDlyHMSM     os_time.o
    0x080042ac   0x080042ac   0x0000001c   Code   RO         3911    i.OSTimeGet         os_time.o
    0x080042c8   0x080042c8   0x000000ec   Code   RO         3259    i.OSTimeTick        os_core.o
    0x080043b4   0x080043b4   0x00000002   Code   RO         3979    i.OSTimeTickHook    os_cpu_c.o
    0x080043b6   0x080043b6   0x00000002   Code   RO         3261    i.OS_Dummy          os_core.o
    0x080043b8   0x080043b8   0x0000002a   Code   RO         3263    i.OS_EventTaskRemove  os_core.o
    0x080043e2   0x080043e2   0x00000002   PAD
    0x080043e4   0x080043e4   0x00000058   Code   RO         3451    i.OS_FlagInit       os_flag.o
    0x0800443c   0x0800443c   0x00000024   Code   RO         3453    i.OS_FlagUnlink     os_flag.o
    0x08004460   0x08004460   0x00000054   Code   RO         3266    i.OS_InitEventList  os_core.o
    0x080044b4   0x080044b4   0x00000054   Code   RO         3267    i.OS_InitMisc       os_core.o
    0x08004508   0x08004508   0x00000044   Code   RO         3268    i.OS_InitRdyList    os_core.o
    0x0800454c   0x0800454c   0x00000080   Code   RO         3269    i.OS_InitTCBList    os_core.o
    0x080045cc   0x080045cc   0x00000050   Code   RO         3270    i.OS_InitTaskIdle   os_core.o
    0x0800461c   0x0800461c   0x00000050   Code   RO         3271    i.OS_InitTaskStat   os_core.o
    0x0800466c   0x0800466c   0x00000012   Code   RO         3272    i.OS_MemClr         os_core.o
    0x0800467e   0x0800467e   0x00000002   PAD
    0x08004680   0x08004680   0x00000050   Code   RO         3672    i.OS_QInit          os_q.o
    0x080046d0   0x080046d0   0x00000074   Code   RO         3274    i.OS_Sched          os_core.o
    0x08004744   0x08004744   0x0000002c   Code   RO         3275    i.OS_SchedNew       os_core.o
    0x08004770   0x08004770   0x00000134   Code   RO         3277    i.OS_TCBInit        os_core.o
    0x080048a4   0x080048a4   0x00000028   Code   RO         3278    i.OS_TaskIdle       os_core.o
    0x080048cc   0x080048cc   0x00000018   Code   RO         3817    i.OS_TaskReturn     os_task.o
    0x080048e4   0x080048e4   0x00000088   Code   RO         3279    i.OS_TaskStat       os_core.o
    0x0800496c   0x0800496c   0x0000003c   Code   RO         3280    i.OS_TaskStatStkChk  os_core.o
    0x080049a8   0x080049a8   0x0000001a   Code   RO         3818    i.OS_TaskStkClr     os_task.o
    0x080049c2   0x080049c2   0x00000026   Code   RO          630    i.PID_abs_limit     pid.o
    0x080049e8   0x080049e8   0x000000fc   Code   RO          631    i.PID_incremental_PID_calculation  pid.o
    0x08004ae4   0x08004ae4   0x00000044   Code   RO          633    i.PID_parameter_init  pid.o
    0x08004b28   0x08004b28   0x000000f4   Code   RO          635    i.PID_position_PID_calculation_by_error  pid.o
    0x08004c1c   0x08004c1c   0x0000000c   Code   RO         4141    i.PS2_AnologData    pstwo.o
    0x08004c28   0x08004c28   0x00000018   Code   RO         4142    i.PS2_ClearData     pstwo.o
    0x08004c40   0x08004c40   0x00000090   Code   RO         4143    i.PS2_Cmd           pstwo.o
    0x08004cd0   0x08004cd0   0x00000054   Code   RO         4144    i.PS2_DataKey       pstwo.o
    0x08004d24   0x08004d24   0x0000005c   Code   RO         4145    i.PS2_EnterConfing  pstwo.o
    0x08004d80   0x08004d80   0x0000005c   Code   RO         4146    i.PS2_ExitConfing   pstwo.o
    0x08004ddc   0x08004ddc   0x000000b4   Code   RO         4147    i.PS2_ReadData      pstwo.o
    0x08004e90   0x08004e90   0x0000001c   Code   RO         4149    i.PS2_SetInit       pstwo.o
    0x08004eac   0x08004eac   0x00000044   Code   RO         4150    i.PS2_ShortPoll     pstwo.o
    0x08004ef0   0x08004ef0   0x00000058   Code   RO         4151    i.PS2_TurnOnAnalogMode  pstwo.o
    0x08004f48   0x08004f48   0x00000060   Code   RO         4154    i.PS2_init          pstwo.o
    0x08004fa8   0x08004fa8   0x00000048   Code   RO         4155    i.PS2_update_ps2_command  pstwo.o
    0x08004ff0   0x08004ff0   0x00000424   Code   RO         4305    i.Pathplan          moving.o
    0x08005414   0x08005414   0x00000020   Code   RO         1096    i.RCC_AHB1PeriphClockCmd  stm32f4xx_rcc.o
    0x08005434   0x08005434   0x00000020   Code   RO         1105    i.RCC_APB1PeriphClockCmd  stm32f4xx_rcc.o
    0x08005454   0x08005454   0x00000020   Code   RO         1107    i.RCC_APB1PeriphResetCmd  stm32f4xx_rcc.o
    0x08005474   0x08005474   0x00000020   Code   RO         1108    i.RCC_APB2PeriphClockCmd  stm32f4xx_rcc.o
    0x08005494   0x08005494   0x000000e8   Code   RO         1117    i.RCC_GetClocksFreq  stm32f4xx_rcc.o
    0x0800557c   0x0800557c   0x00000018   Code   RO         4400    i.Read_GPIO         information.o
    0x08005594   0x08005594   0x00000068   Code   RO         4402    i.Read_V_real       information.o
    0x080055fc   0x080055fc   0x00000002   Code   RO          269    i.SVC_Handler       stm32f4xx_it.o
    0x080055fe   0x080055fe   0x0000003e   Code   RO         4404    i.Sensor_Update     information.o
    0x0800563c   0x0800563c   0x000000ec   Code   RO          349    i.SetSysClock       system_stm32f4xx.o
    0x08005728   0x08005728   0x00000028   Code   RO          958    i.SysTick_CLKSourceConfig  misc.o
    0x08005750   0x08005750   0x0000001c   Code   RO         3080    i.SysTick_Handler   delay.o
    0x0800576c   0x0800576c   0x00000068   Code   RO          351    i.SystemInit        system_stm32f4xx.o
    0x080057d4   0x080057d4   0x000000a8   Code   RO          687    i.TIM9_PWM_Init     time.o
    0x0800587c   0x0800587c   0x00000018   Code   RO         2327    i.TIM_ARRPreloadConfig  stm32f4xx_tim.o
    0x08005894   0x08005894   0x00000018   Code   RO         2339    i.TIM_Cmd           stm32f4xx_tim.o
    0x080058ac   0x080058ac   0x0000007c   Code   RO         2368    i.TIM_OC1Init       stm32f4xx_tim.o
    0x08005928   0x08005928   0x00000012   Code   RO         2371    i.TIM_OC1PreloadConfig  stm32f4xx_tim.o
    0x0800593a   0x0800593a   0x00000002   PAD
    0x0800593c   0x0800593c   0x000000a4   Code   RO         2373    i.TIM_OC2Init       stm32f4xx_tim.o
    0x080059e0   0x080059e0   0x0000001a   Code   RO         2376    i.TIM_OC2PreloadConfig  stm32f4xx_tim.o
    0x080059fa   0x080059fa   0x00000002   PAD
    0x080059fc   0x080059fc   0x00000084   Code   RO         2411    i.TIM_TimeBaseInit  stm32f4xx_tim.o
    0x08005a80   0x08005a80   0x00000050   Code   RO         4470    i.TURNPLATE_adjusting  task.o
    0x08005ad0   0x08005ad0   0x00000038   Code   RO          528    i.UART4_IRQHandler  gyro.o
    0x08005b08   0x08005b08   0x00000090   Code   RO         3163    i.USART1_IRQHandler  usart.o
    0x08005b98   0x08005b98   0x0000009c   Code   RO         3164    i.USART2_IRQHandler  usart.o
    0x08005c34   0x08005c34   0x000000fc   Code   RO         4103    i.USART3_IRQHandler  global_location.o
    0x08005d30   0x08005d30   0x00000118   Code   RO         3166    i.USART6_IRQHandler  usart.o
    0x08005e48   0x08005e48   0x000000ac   Code   RO         3167    i.USART6_init       usart.o
    0x08005ef4   0x08005ef4   0x00000012   Code   RO         1486    i.USART_ClearFlag   stm32f4xx_usart.o
    0x08005f06   0x08005f06   0x0000001e   Code   RO         1487    i.USART_ClearITPendingBit  stm32f4xx_usart.o
    0x08005f24   0x08005f24   0x00000018   Code   RO         1490    i.USART_Cmd         stm32f4xx_usart.o
    0x08005f3c   0x08005f3c   0x00000054   Code   RO         1494    i.USART_GetITStatus  stm32f4xx_usart.o
    0x08005f90   0x08005f90   0x0000004a   Code   RO         1496    i.USART_ITConfig    stm32f4xx_usart.o
    0x08005fda   0x08005fda   0x00000002   PAD
    0x08005fdc   0x08005fdc   0x000000d4   Code   RO         1497    i.USART_Init        stm32f4xx_usart.o
    0x080060b0   0x080060b0   0x0000000a   Code   RO         1504    i.USART_ReceiveData  stm32f4xx_usart.o
    0x080060ba   0x080060ba   0x00000002   PAD
    0x080060bc   0x080060bc   0x000000c4   Code   RO         4104    i.Update_Action_gl_position  global_location.o
    0x08006180   0x08006180   0x000000b0   Code   RO         3168    i.Update_Encoder_position  usart.o
    0x08006230   0x08006230   0x00000004   Code   RO          270    i.UsageFault_Handler  stm32f4xx_it.o
    0x08006234   0x08006234   0x0000047c   Code   RO         4060    i.World_4wheels     chassis_driver.o
    0x080066b0   0x080066b0   0x00000030   Code   RO         4724    i.__ARM_fpclassify  m_wm.l(fpclassify.o)
    0x080066e0   0x080066e0   0x000000c8   Code   RO         4638    i.__hardfp_cos      m_wm.l(cos.o)
    0x080067a8   0x080067a8   0x0000001a   Code   RO          812    i.__hardfp_fmaxf    ak80.o
    0x080067c2   0x080067c2   0x0000001a   Code   RO          813    i.__hardfp_fminf    ak80.o
    0x080067dc   0x080067dc   0x00000004   PAD
    0x080067e0   0x080067e0   0x000000c8   Code   RO         4650    i.__hardfp_sin      m_wm.l(sin.o)
    0x080068a8   0x080068a8   0x0000007a   Code   RO         4662    i.__hardfp_sqrt     m_wm.l(sqrt.o)
    0x08006922   0x08006922   0x00000006   PAD
    0x08006928   0x08006928   0x00000438   Code   RO         4728    i.__ieee754_rem_pio2  m_wm.l(rred.o)
    0x08006d60   0x08006d60   0x00000170   Code   RO         4701    i.__kernel_cos      m_wm.l(cos_i.o)
    0x08006ed0   0x08006ed0   0x000000f8   Code   RO         4726    i.__kernel_poly     m_wm.l(poly.o)
    0x08006fc8   0x08006fc8   0x00000130   Code   RO         4733    i.__kernel_sin      m_wm.l(sin_i.o)
    0x080070f8   0x080070f8   0x00000014   Code   RO         4705    i.__mathlib_dbl_infnan  m_wm.l(dunder.o)
    0x0800710c   0x0800710c   0x00000004   PAD
    0x08007110   0x08007110   0x00000020   Code   RO         4707    i.__mathlib_dbl_invalid  m_wm.l(dunder.o)
    0x08007130   0x08007130   0x00000020   Code   RO         4710    i.__mathlib_dbl_underflow  m_wm.l(dunder.o)
    0x08007150   0x08007150   0x00000004   Code   RO         3169    i._sys_exit         usart.o
    0x08007154   0x08007154   0x00000300   Code   RO         4256    i.ad_plan_arm_motor_RPM  m3508_drive.o
    0x08007454   0x08007454   0x00000078   Code   RO          814    i.ak80_control_cmd  ak80.o
    0x080074cc   0x080074cc   0x00000038   Code   RO          735    i.beep_GPIO_init    gpio.o
    0x08007504   0x08007504   0x000000d0   Code   RO          412    i.bsp_init          bsp.o
    0x080075d4   0x080075d4   0x00000110   Code   RO          466    i.can1_CAN1_init    can1.o
    0x080076e4   0x080076e4   0x00000120   Code   RO          498    i.can2_CAN2_init    can2.o
    0x08007804   0x08007804   0x00000124   Code   RO         4061    i.cd_velocity_adjust  chassis_driver.o
    0x08007928   0x08007928   0x00000084   Code   RO          736    i.cs_GPIO_init      gpio.o
    0x080079ac   0x080079ac   0x00000040   Code   RO          737    i.cylinder_GPIO_init  gpio.o
    0x080079ec   0x080079ec   0x00000068   Code   RO          738    i.cylinder_off      gpio.o
    0x08007a54   0x08007a54   0x00000068   Code   RO          739    i.cylinder_on       gpio.o
    0x08007abc   0x08007abc   0x00000054   Code   RO         3081    i.delay_init        delay.o
    0x08007b10   0x08007b10   0x00000050   Code   RO         3082    i.delay_ms          delay.o
    0x08007b60   0x08007b60   0x00000008   Code   RO         3083    i.delay_osschedlock  delay.o
    0x08007b68   0x08007b68   0x00000008   Code   RO         3084    i.delay_osschedunlock  delay.o
    0x08007b70   0x08007b70   0x0000000c   Code   RO         3085    i.delay_ostimedly   delay.o
    0x08007b7c   0x08007b7c   0x00000058   Code   RO         3086    i.delay_us          delay.o
    0x08007bd4   0x08007bd4   0x00000018   Code   RO         4720    i.fabs              m_wm.l(fabs.o)
    0x08007bec   0x08007bec   0x00000032   Code   RO          815    i.float_to_uint     ak80.o
    0x08007c1e   0x08007c1e   0x00000002   PAD
    0x08007c20   0x08007c20   0x0000001c   Code   RO         3170    i.fputc             usart.o
    0x08007c3c   0x08007c3c   0x000000b4   Code   RO          529    i.gyro_UART4_init   gyro.o
    0x08007cf0   0x08007cf0   0x00000058   Code   RO          530    i.gyro_processing_gyro_data  gyro.o
    0x08007d48   0x08007d48   0x00000088   Code   RO          740    i.ls_GPIO_init      gpio.o
    0x08007dd0   0x08007dd0   0x0000016c   Code   RO          568    i.m2006_TURN_MOTOR_angle_integral  m3508.o
    0x08007f3c   0x08007f3c   0x00000070   Code   RO          569    i.m2006_send_motor_currents  m3508.o
    0x08007fac   0x08007fac   0x0000016c   Code   RO          570    i.m3508_ARM_angle_integral  m3508.o
    0x08008118   0x08008118   0x00000130   Code   RO          571    i.m3508_motor_init  m3508.o
    0x08008248   0x08008248   0x00000058   Code   RO          572    i.m3508_send_motor_currents  m3508.o
    0x080082a0   0x080082a0   0x00000168   Code   RO          573    i.m3508_update_m3508_info  m3508.o
    0x08008408   0x08008408   0x00000024   Code   RO            3    i.main              main.o
    0x0800842c   0x0800842c   0x00000064   Code   RO         4306    i.moving_init       moving.o
    0x08008490   0x08008490   0x000000bc   Code   RO         4307    i.moving_point_track  moving.o
    0x0800854c   0x0800854c   0x00000368   Code   RO         4308    i.moving_task       moving.o
    0x080088b4   0x080088b4   0x000000cc   Code   RO         4309    i.moving_yaw_adjusting  moving.o
    0x08008980   0x08008980   0x00000012   Code   RO         4471    i.pass_ball_task    task.o
    0x08008992   0x08008992   0x00000002   PAD
    0x08008994   0x08008994   0x00000350   Code   RO         4310    i.point_follow      moving.o
    0x08008ce4   0x08008ce4   0x00000290   Code   RO         4472    i.romote_action_task  task.o
    0x08008f74   0x08008f74   0x000002e4   Code   RO         4473    i.shoot_ball_task   task.o
    0x08009258   0x08009258   0x000000ac   Code   RO         4474    i.start_task        task.o
    0x08009304   0x08009304   0x000000ac   Code   RO         3171    i.uart_init         usart.o
    0x080093b0   0x080093b0   0x00000034   Code   RO          816    i.uint_to_float     ak80.o
    0x080093e4   0x080093e4   0x0000002c   Code   RO         4800    locale$$code        c_w.l(lc_numeric_c.o)
    0x08009410   0x08009410   0x00000018   Code   RO         4598    x$fpl$basic         fz_wm.l(basic.o)
    0x08009428   0x08009428   0x00000062   Code   RO         4600    x$fpl$d2f           fz_wm.l(d2f.o)
    0x0800948a   0x0800948a   0x00000002   PAD
    0x0800948c   0x0800948c   0x00000150   Code   RO         4602    x$fpl$dadd          fz_wm.l(daddsub_clz.o)
    0x080095dc   0x080095dc   0x00000018   Code   RO         4802    x$fpl$dcmpinf       fz_wm.l(dcmpi.o)
    0x080095f4   0x080095f4   0x000002b0   Code   RO         4609    x$fpl$ddiv          fz_wm.l(ddiv.o)
    0x080098a4   0x080098a4   0x0000005e   Code   RO         4612    x$fpl$dfix          fz_wm.l(dfix.o)
    0x08009902   0x08009902   0x0000002e   Code   RO         4805    x$fpl$dflt          fz_wm.l(dflt_clz.o)
    0x08009930   0x08009930   0x00000026   Code   RO         4804    x$fpl$dfltu         fz_wm.l(dflt_clz.o)
    0x08009956   0x08009956   0x00000002   PAD
    0x08009958   0x08009958   0x00000078   Code   RO         4688    x$fpl$dleqf         fz_wm.l(dleqf.o)
    0x080099d0   0x080099d0   0x00000154   Code   RO         4616    x$fpl$dmul          fz_wm.l(dmul.o)
    0x08009b24   0x08009b24   0x0000009c   Code   RO         4690    x$fpl$dnaninf       fz_wm.l(dnaninf.o)
    0x08009bc0   0x08009bc0   0x0000000c   Code   RO         4692    x$fpl$dretinf       fz_wm.l(dretinf.o)
    0x08009bcc   0x08009bcc   0x0000006c   Code   RO         4618    x$fpl$drleqf        fz_wm.l(drleqf.o)
    0x08009c38   0x08009c38   0x00000016   Code   RO         4603    x$fpl$drsb          fz_wm.l(daddsub_clz.o)
    0x08009c4e   0x08009c4e   0x00000002   PAD
    0x08009c50   0x08009c50   0x00000198   Code   RO         4694    x$fpl$dsqrt         fz_wm.l(dsqrt_umaal.o)
    0x08009de8   0x08009de8   0x000001d4   Code   RO         4604    x$fpl$dsub          fz_wm.l(daddsub_clz.o)
    0x08009fbc   0x08009fbc   0x00000056   Code   RO         4620    x$fpl$f2d           fz_wm.l(f2d.o)
    0x0800a012   0x0800a012   0x0000008c   Code   RO         4696    x$fpl$fnaninf       fz_wm.l(fnaninf.o)
    0x0800a09e   0x0800a09e   0x0000000a   Code   RO         4878    x$fpl$fpinit        fz_wm.l(fpinit.o)
    0x0800a0a8   0x0800a0a8   0x0000000a   Code   RO         4698    x$fpl$fretinf       fz_wm.l(fretinf.o)
    0x0800a0b2   0x0800a0b2   0x00000004   Code   RO         4622    x$fpl$printf1       fz_wm.l(printf1.o)
    0x0800a0b6   0x0800a0b6   0x00000000   Code   RO         4700    x$fpl$usenofp       fz_wm.l(usenofp.o)
    0x0800a0b6   0x0800a0b6   0x00000100   Data   RO         3282    .constdata          os_core.o
    0x0800a1b6   0x0800a1b6   0x00000002   PAD
    0x0800a1b8   0x0800a1b8   0x00000030   Data   RO         4702    .constdata          m_wm.l(cos_i.o)
    0x0800a1e8   0x0800a1e8   0x000000c8   Data   RO         4730    .constdata          m_wm.l(rred.o)
    0x0800a2b0   0x0800a2b0   0x00000028   Data   RO         4734    .constdata          m_wm.l(sin_i.o)
    0x0800a2d8   0x0800a2d8   0x00000094   Data   RO         4771    .constdata          c_w.l(bigflt0.o)
    0x0800a36c   0x0800a36c   0x00000020   Data   RO         4949    Region$$Table       anon$$obj.o
    0x0800a38c   0x0800a38c   0x0000001c   Data   RO         4799    locale$$data        c_w.l(lc_numeric_c.o)


    Execution Region RW_IRAM1 (Exec base: 0x20000000, Load base: 0x0800a3a8, Size: 0x00010b08, Max: 0x00020000, ABSOLUTE, COMPRESSED[0x0000017c])

    Exec Addr    Load Addr    Size         Type   Attr      Idx    E Section Name        Object

    0x20000000   COMPRESSED   0x00000014   Data   RW          387    .data               robot.o
    0x20000014   COMPRESSED   0x0000000a   Data   RW          532    .data               gyro.o
    0x2000001e   COMPRESSED   0x0000000b   Data   RW          575    .data               m3508.o
    0x20000029   COMPRESSED   0x00000010   Data   RW         1149    .data               stm32f4xx_rcc.o
    0x20000039   COMPRESSED   0x00000003   PAD
    0x2000003c   COMPRESSED   0x00000008   Data   RW         3087    .data               delay.o
    0x20000044   COMPRESSED   0x0000001a   Data   RW         3173    .data               usart.o
    0x2000005e   COMPRESSED   0x00000002   PAD
    0x20000060   COMPRESSED   0x00000048   Data   RW         3283    .data               os_core.o
    0x200000a8   COMPRESSED   0x0000000b   Data   RW         4106    .data               global_location.o
    0x200000b3   COMPRESSED   0x00000001   PAD
    0x200000b4   COMPRESSED   0x0000003c   Data   RW         4157    .data               pstwo.o
    0x200000f0   COMPRESSED   0x00000074   Data   RW         4258    .data               m3508_drive.o
    0x20000164   COMPRESSED   0x00000004   PAD
    0x20000168   COMPRESSED   0x0000002d   Data   RW         4312    .data               moving.o
    0x20000195   COMPRESSED   0x00000003   PAD
    0x20000198   COMPRESSED   0x00000008   Data   RW         4406    .data               information.o
    0x200001a0   COMPRESSED   0x00000218   Data   RW         4476    .data               task.o
    0x200003b8        -       0x00007800   Zero   RW            4    .bss                main.o
    0x20007bb8        -       0x000000fa   Zero   RW          531    .bss                gyro.o
    0x20007cb2   COMPRESSED   0x00000002   PAD
    0x20007cb4        -       0x00000214   Zero   RW          574    .bss                m3508.o
    0x20007ec8        -       0x0000001c   Zero   RW          817    .bss                ak80.o
    0x20007ee4        -       0x000000d0   Zero   RW          881    .bss                a80.o
    0x20007fb4        -       0x00000120   Zero   RW         3172    .bss                usart.o
    0x200080d4        -       0x00000a80   Zero   RW         3281    .bss                os_core.o
    0x20008b54        -       0x00000028   Zero   RW         4062    .bss                chassis_driver.o
    0x20008b7c        -       0x0000004c   Zero   RW         4105    .bss                global_location.o
    0x20008bc8        -       0x00000009   Zero   RW         4156    .bss                pstwo.o
    0x20008bd1   COMPRESSED   0x00000003   PAD
    0x20008bd4        -       0x0000001c   Zero   RW         4257    .bss                m3508_drive.o
    0x20008bf0        -       0x00000080   Zero   RW         4311    .bss                moving.o
    0x20008c70        -       0x00000038   Zero   RW         4405    .bss                information.o
    0x20008ca8        -       0x00007800   Zero   RW         4475    .bss                task.o
    0x200104a8        -       0x00000060   Zero   RW         4813    .bss                c_w.l(libspace.o)
    0x20010508        -       0x00000200   Zero   RW          946    HEAP                startup_stm32f40_41xxx.o
    0x20010708        -       0x00000400   Zero   RW          945    STACK               startup_stm32f40_41xxx.o


==============================================================================

Image component sizes


      Code (inc. data)   RO Data    RW Data    ZI Data      Debug   Object Name

       804          8          0          0        208       3097   a80.o
        32          4          0          0          0        485   adc.o
       914         48          0          0         28       6403   ak80.o
       208          0          0          0          0        603   bsp.o
       352         18          0          0          0       1808   can1.o
       388         20          0          0          0       1836   can2.o
      1440         62          0          0         40       1857   chassis_driver.o
        10          0          0          0          0        520   debug.o
       352         38          0          8          0       4686   delay.o
       524         58          0         11         76       3295   global_location.o
       984         84          0          0          0       5257   gpio.o
       324         30          0         10        250       2518   gyro.o
       222         32          0          8         56       4085   information.o
      1592        144          0         11        532       5799   m3508.o
       990         38          0        116         28       4585   m3508_drive.o
        36         10          0          0      30720     315772   main.o
       180         24          0          0          0       2313   misc.o
      3404        284          0         45        128       8390   moving.o
      1982        382        256         72       2688      20919   os_core.o
       200         32          0          0          0        328   os_cpu_a.o
       452          6          0          0          0      14218   os_cpu_c.o
       124         14          0          0          0       1270   os_flag.o
        80          8          0          0          0        595   os_q.o
      1154        116          0          0          0       7044   os_task.o
       244         34          0          0          0       2024   os_time.o
       602         14          0          0          0       3067   pid.o
       980        112          0         60          9       7487   pstwo.o
      2516        162          0         20          0       3977   robot.o
        64         26        392          0       1536        840   startup_stm32f40_41xxx.o
        48          0          0          0          0       2614   stm32f4xx_adc.o
      1654         22          0          0          0       8132   stm32f4xx_can.o
       222          0          0          0          0       3159   stm32f4xx_gpio.o
        22          0          0          0          0       3151   stm32f4xx_it.o
       360         42          0         16          0       5560   stm32f4xx_rcc.o
       512         48          0          0          0       5502   stm32f4xx_tim.o
       452          8          0          0          0       5930   stm32f4xx_usart.o
       340         32          0          0          0       1465   system_stm32f4xx.o
      3682        474          0        536      30720       7095   task.o
       360         16          0          0          0       1588   time.o
      1308        138          0         26        288       8620   usart.o

    ----------------------------------------------------------------------
     30146       2588        682        952      67312     487894   Object Totals
         0          0         32          0          0          0   (incl. Generated)
        32          0          2         13          5          0   (incl. Padding)

    ----------------------------------------------------------------------

      Code (inc. data)   RO Data    RW Data    ZI Data      Debug   Library Member Name

        90          0          0          0          0          0   __dczerorl2.o
         8          0          0          0          0         68   __main.o
       104          0          0          0          0         84   __printf.o
         0          0          0          0          0          0   __rtentry.o
        12          0          0          0          0          0   __rtentry2.o
         6          0          0          0          0          0   __rtentry4.o
        52          8          0          0          0          0   __scatter.o
        28          0          0          0          0          0   __scatter_zi.o
        44          0          0          0          0        108   _printf_char.o
        48          6          0          0          0         96   _printf_char_common.o
        36          4          0          0          0         80   _printf_char_file.o
         6          0          0          0          0          0   _printf_d.o
       120         16          0          0          0         92   _printf_dec.o
         6          0          0          0          0          0   _printf_f.o
      1050          0          0          0          0        216   _printf_fp_dec.o
       128         16          0          0          0         84   _printf_fp_infnan.o
       178          0          0          0          0         88   _printf_intcommon.o
         0          0          0          0          0          0   _printf_percent.o
         4          0          0          0          0          0   _printf_percent_end.o
         6          0          0          0          0          0   _printf_s.o
        82          0          0          0          0         80   _printf_str.o
        22          0          0          0          0        100   _rserrno.o
       220          4        148          0          0         96   bigflt0.o
      1910        128          0          0          0        672   btod.o
        18          0          0          0          0         80   exit.o
         8          0          0          0          0         68   ferror.o
         6          0          0          0          0        152   heapauxi.o
        44         10         28          0          0         76   lc_numeric_c.o
         2          0          0          0          0          0   libinit.o
        22          0          0          0          0          0   libinit2.o
         2          0          0          0          0          0   libshutdown.o
         2          0          0          0          0          0   libshutdown2.o
         8          4          0          0         96         68   libspace.o
       138          0          0          0          0         80   lludiv10.o
        24          4          0          0          0         84   noretval__2printf.o
         8          4          0          0          0         68   rt_errno_addr_intlibspace.o
         8          4          0          0          0         68   rt_locale_intlibspace.o
         2          0          0          0          0          0   rtexit.o
        10          0          0          0          0          0   rtexit2.o
       128          0          0          0          0         68   strcmpv7m.o
        74          0          0          0          0         80   sys_stackheap_outer.o
         2          0          0          0          0         68   use_no_semi.o
         2          0          0          0          0         68   use_no_semi_2.o
        24          0          0          0          0        164   basic.o
        98          4          0          0          0        140   d2f.o
       826         16          0          0          0        492   daddsub_clz.o
        24          0          0          0          0        116   dcmpi.o
       688        140          0          0          0        256   ddiv.o
        94          4          0          0          0        140   dfix.o
        84          0          0          0          0        232   dflt_clz.o
       120          4          0          0          0        140   dleqf.o
       340         12          0          0          0        152   dmul.o
       156          4          0          0          0        140   dnaninf.o
        12          0          0          0          0        116   dretinf.o
       108          0          0          0          0        128   drleqf.o
       408         56          0          0          0        168   dsqrt_umaal.o
        86          4          0          0          0        132   f2d.o
       140          4          0          0          0        132   fnaninf.o
        10          0          0          0          0        116   fpinit.o
        10          0          0          0          0        116   fretinf.o
         4          0          0          0          0        116   printf1.o
         0          0          0          0          0          0   usenofp.o
       200         20          0          0          0        164   cos.o
       368         46         48          0          0        200   cos_i.o
        84         16          0          0          0        372   dunder.o
        24          0          0          0          0        124   fabs.o
        48          0          0          0          0        124   fpclassify.o
       248          0          0          0          0        152   poly.o
      1080        142        200          0          0        188   rred.o
       200         20          0          0          0        164   sin.o
       304         24         40          0          0        208   sin_i.o
       122          0          0          0          0        148   sqrt.o

    ----------------------------------------------------------------------
     10604        724        464          0         96       7732   Library Totals
        26          0          0          0          0          0   (incl. Padding)

    ----------------------------------------------------------------------

      Code (inc. data)   RO Data    RW Data    ZI Data      Debug   Library Name

      4668        208        176          0         96       2892   c_w.l
      3232        248          0          0          0       2996   fz_wm.l
      2678        268        288          0          0       1844   m_wm.l

    ----------------------------------------------------------------------
     10604        724        464          0         96       7732   Library Totals

    ----------------------------------------------------------------------

==============================================================================


      Code (inc. data)   RO Data    RW Data    ZI Data      Debug   

     40750       3312       1146        952      67408     472766   Grand Totals
     40750       3312       1146        380      67408     472766   ELF Image Totals (compressed)
     40750       3312       1146        380          0          0   ROM Totals

==============================================================================

    Total RO  Size (Code + RO Data)                41896 (  40.91kB)
    Total RW  Size (RW Data + ZI Data)             68360 (  66.76kB)
    Total ROM Size (Code + RO Data + RW Data)      42276 (  41.29kB)

==============================================================================

