<html>
<body>
<pre>
<h1>µVision Build Log</h1>
<h2>Tool Versions:</h2>
IDE-Version: ¦ÌVision V5.25.3.0
Copyright (C) 2018 ARM Ltd and ARM Germany GmbH. All rights reserved.
License Information: a 3458718340@QQ.com, a, LIC=UJWP0-B1PXA-FW82N-Y7T6C-GU9XL-1V4CU
 
Tool Versions:
Toolchain:       MDK-ARM Plus  Version: 5.18
Toolchain Path:  C:\Keil_v5\ARM\ARMCC\Bin
C Compiler:      Armcc.exe V5.06 update 1 (build 61)
Assembler:       Armasm.exe V5.06 update 1 (build 61)
Linker/Locator:  ArmLink.exe V5.06 update 1 (build 61)
Library Manager: ArmAr.exe V5.06 update 1 (build 61)
Hex Converter:   FromElf.exe V5.06 update 1 (build 61)
CPU DLL:         SARMCM3.DLL V5.18
Dialog DLL:      DCM.DLL V1.13.6.0
Target DLL:      CMSIS_AGDI.dll V1.25.7.0
Dialog DLL:      TCM.DLL V1.14.8.0
 
<h2>Project:</h2>
F:\GDUT_ROBOT_ROBOCON\3_¿ØÖÆ\2_Ô´´úÂë\2020PR\USER\Template.uvprojx
Project File Date:  07/20/2022

<h2>Output:</h2>
*** Using Compiler 'V5.06 update 1 (build 61)', folder: 'C:\Keil_v5\ARM\ARMCC\Bin'
Build target 'Template'
compiling stm32f4xx_it.c...
compiling system_stm32f4xx.c...
compiling main.c...
..\USER\app_cfg.h(38): warning:  #64-D: declaration does not declare anything
  __align(8);
main.c: 1 warning, 0 errors
compiling bsp.c...
compiling robot.c...
..\BSP\robot\robot.c(4): warning:  #188-D: enumerated type mixed with another type
  ROBOT_STATE_ITEMS ROBOT = {0};
..\BSP\robot\robot.c: 1 warning, 0 errors
compiling adc.c...
compiling can1.c...
compiling can2.c...
compiling gyro.c...
compiling PID.c...
compiling m3508.c...
compiling time.c...
compiling GPIO.c...
compiling ak80.c...
compiling a80.c...
assembling startup_stm32f40_41xxx.s...
compiling stm32f4xx_gpio.c...
compiling misc.c...
compiling stm32f4xx_rcc.c...
compiling stm32f4xx_syscfg.c...
compiling stm32f4xx_usart.c...
compiling stm32f4xx_can.c...
compiling stm32f4xx_adc.c...
compiling stm32f4xx_dac.c...
compiling stm32f4xx_dma.c...
compiling stm32f4xx_sdio.c...
compiling stm32f4xx_tim.c...
compiling delay.c...
compiling sys.c...
compiling usart.c...
..\SYSTEM\usart\usart.c(424): warning:  #1035-D: single-precision operand implicitly converted to double-precision
  	robot.angle = ENCODER_DATA.angle - 71.07;
..\SYSTEM\usart\usart.c: 1 warning, 0 errors
compiling os_core.c...
compiling os_flag.c...
compiling os_mbox.c...
compiling os_mem.c...
compiling os_mutex.c...
compiling os_q.c...
compiling os_sem.c...
compiling os_task.c...
assembling os_cpu_a.asm...
compiling os_tmr.c...
compiling os_time.c...
compiling os_cpu_c.c...
compiling global_location.c...
compiling chassis_driver.c...
compiling pstwo.c...
compiling m3508_drive.c...
compiling moving.c...
compiling road.c...
compiling information.c...
compiling task.c...
..\USER\app_cfg.h(38): warning:  #64-D: declaration does not declare anything
  __align(8);
..\ACTION\task\task.c(129): warning:  #111-D: statement is unreachable
            if(ABS(robot.angle - (TURNPLATE_4th_SHOOT_POS))>=0.5) return;
..\ACTION\task\task.c(731): warning:  #1-D: last line of file ends without a newline
  }
..\ACTION\task\task.c: 3 warnings, 0 errors
compiling debug.c...
linking...
Program Size: Code=40750 RO-data=1146 RW-data=952 ZI-data=67408  
FromELF: creating hex file...
"..\OBJ\Template.axf" - 0 Error(s), 6 Warning(s).

<h2>Software Packages used:</h2>

Package Vendor: Keil
                http://www.keil.com/pack/Keil.STM32F4xx_DFP.2.16.0.pack
                Keil.STM32F4xx_DFP.2.16.0
                STMicroelectronics STM32F4 Series Device Support, Drivers and Examples

<h2>Collection of Component include folders:</h2>
  .\RTE\_Template
  C:\Keil_v5\ARM\PACK\Keil\STM32F4xx_DFP\2.16.0\Drivers\CMSIS\Device\ST\STM32F4xx\Include

<h2>Collection of Component Files used:</h2>
Build Time Elapsed:  00:00:35
</pre>
</body>
</html>
